

================================================================
== Vivado HLS Report for 'dense_simple_0_0_0_0_1'
================================================================
* Date:           Mon Aug 30 20:47:23 2021

* Version:        2019.2 (Build 2704478 on Wed Nov 06 22:10:23 MST 2019)
* Project:        myproject_prj
* Solution:       solution1
* Product family: kintexu
* Target device:  xcku115-flvb2104-2-i


================================================================
== Performance Estimates
================================================================
+ Timing: 
    * Summary: 
    +--------+---------+----------+------------+
    |  Clock |  Target | Estimated| Uncertainty|
    +--------+---------+----------+------------+
    |ap_clk  | 5.00 ns | 4.198 ns |   0.62 ns  |
    +--------+---------+----------+------------+

+ Latency: 
    * Summary: 
    +---------+---------+----------+----------+-----+-----+----------+
    |  Latency (cycles) |  Latency (absolute) |  Interval | Pipeline |
    |   min   |   max   |    min   |    max   | min | max |   Type   |
    +---------+---------+----------+----------+-----+-----+----------+
    |        1|        1| 5.000 ns | 5.000 ns |    1|    1| function |
    +---------+---------+----------+----------+-----+-----+----------+

    + Detail: 
        * Instance: 
        N/A

        * Loop: 
        N/A



================================================================
== Utilization Estimates
================================================================
* Summary: 
+---------------------+---------+-------+---------+--------+-----+
|         Name        | BRAM_18K| DSP48E|    FF   |   LUT  | URAM|
+---------------------+---------+-------+---------+--------+-----+
|DSP                  |        -|      -|        -|       -|    -|
|Expression           |        -|    221|        0|    6576|    -|
|FIFO                 |        -|      -|        -|       -|    -|
|Instance             |        -|      -|        -|       -|    -|
|Memory               |        -|      -|        -|       -|    -|
|Multiplexer          |        -|      -|        -|     288|    -|
|Register             |        -|      -|     4752|       -|    -|
+---------------------+---------+-------+---------+--------+-----+
|Total                |        0|    221|     4752|    6864|    0|
+---------------------+---------+-------+---------+--------+-----+
|Available SLR        |     2160|   2760|   663360|  331680|    0|
+---------------------+---------+-------+---------+--------+-----+
|Utilization SLR (%)  |        0|      8|    ~0   |       2|  100|
+---------------------+---------+-------+---------+--------+-----+
|Available            |     4320|   5520|  1326720|  663360|    0|
+---------------------+---------+-------+---------+--------+-----+
|Utilization (%)      |        0|      4|    ~0   |       1|    0|
+---------------------+---------+-------+---------+--------+-----+

+ Detail: 
    * Instance: 
    N/A

    * DSP48E: 
    N/A

    * Memory: 
    N/A

    * FIFO: 
    N/A

    * Expression: 
    +----------------------------+----------+-------+---+----+------------+------------+
    |        Variable Name       | Operation| DSP48E| FF| LUT| Bitwidth P0| Bitwidth P1|
    +----------------------------+----------+-------+---+----+------------+------------+
    |mul_ln1118_100_fu_936_p2    |     *    |      1|  0|   4|          16|           9|
    |mul_ln1118_101_fu_904_p2    |     *    |      1|  0|   4|          16|          12|
    |mul_ln1118_102_fu_977_p2    |     *    |      1|  0|   4|          16|          10|
    |mul_ln1118_103_fu_1085_p2   |     *    |      1|  0|   4|          16|          11|
    |mul_ln1118_104_fu_1055_p2   |     *    |      1|  0|   4|          16|           6|
    |mul_ln1118_105_fu_1071_p2   |     *    |      1|  0|   4|          16|           8|
    |mul_ln1118_106_fu_1072_p2   |     *    |      1|  0|   4|          16|           9|
    |mul_ln1118_107_fu_884_p2    |     *    |      1|  0|   4|          16|           8|
    |mul_ln1118_108_fu_950_p2    |     *    |      1|  0|   4|          16|          10|
    |mul_ln1118_109_fu_984_p2    |     *    |      1|  0|   4|          16|          10|
    |mul_ln1118_110_fu_976_p2    |     *    |      1|  0|   4|          16|          10|
    |mul_ln1118_111_fu_945_p2    |     *    |      1|  0|   4|          16|          10|
    |mul_ln1118_112_fu_1021_p2   |     *    |      1|  0|   4|          16|          11|
    |mul_ln1118_113_fu_1059_p2   |     *    |      1|  0|   4|          16|           7|
    |mul_ln1118_114_fu_964_p2    |     *    |      1|  0|   4|          16|          10|
    |mul_ln1118_115_fu_953_p2    |     *    |      1|  0|   4|          16|           8|
    |mul_ln1118_116_fu_879_p2    |     *    |      1|  0|   4|          16|          11|
    |mul_ln1118_117_fu_861_p2    |     *    |      1|  0|   4|          16|          11|
    |mul_ln1118_118_fu_913_p2    |     *    |      1|  0|   4|          16|           6|
    |mul_ln1118_119_fu_886_p2    |     *    |      1|  0|   4|          16|          11|
    |mul_ln1118_120_fu_1091_p2   |     *    |      1|  0|   4|          16|           9|
    |mul_ln1118_121_fu_994_p2    |     *    |      0|  0|   4|          16|           4|
    |mul_ln1118_122_fu_1037_p2   |     *    |      1|  0|   4|          16|           9|
    |mul_ln1118_123_fu_1086_p2   |     *    |      1|  0|   4|          16|          10|
    |mul_ln1118_124_fu_1047_p2   |     *    |      1|  0|   4|          16|          11|
    |mul_ln1118_125_fu_880_p2    |     *    |      1|  0|   4|          16|          11|
    |mul_ln1118_126_fu_1092_p2   |     *    |      1|  0|   4|          16|           9|
    |mul_ln1118_127_fu_864_p2    |     *    |      1|  0|   4|          16|          11|
    |mul_ln1118_128_fu_881_p2    |     *    |      1|  0|   4|          16|          10|
    |mul_ln1118_129_fu_933_p2    |     *    |      1|  0|   4|          16|           8|
    |mul_ln1118_130_fu_929_p2    |     *    |      1|  0|   4|          16|           8|
    |mul_ln1118_131_fu_897_p2    |     *    |      1|  0|   4|          16|           9|
    |mul_ln1118_132_fu_1101_p2   |     *    |      1|  0|   4|          16|          10|
    |mul_ln1118_133_fu_852_p2    |     *    |      1|  0|   4|          16|          10|
    |mul_ln1118_134_fu_989_p2    |     *    |      1|  0|   4|          16|           9|
    |mul_ln1118_135_fu_907_p2    |     *    |      1|  0|   4|          16|           8|
    |mul_ln1118_136_fu_859_p2    |     *    |      1|  0|   4|          16|           8|
    |mul_ln1118_137_fu_892_p2    |     *    |      1|  0|   4|          16|           8|
    |mul_ln1118_138_fu_893_p2    |     *    |      1|  0|   4|          16|           7|
    |mul_ln1118_139_fu_1068_p2   |     *    |      1|  0|   4|          16|           9|
    |mul_ln1118_140_fu_1001_p2   |     *    |      1|  0|   4|          16|           9|
    |mul_ln1118_141_fu_1095_p2   |     *    |      1|  0|   4|          16|          13|
    |mul_ln1118_142_fu_965_p2    |     *    |      1|  0|   4|          16|           9|
    |mul_ln1118_143_fu_898_p2    |     *    |      1|  0|   4|          16|           7|
    |mul_ln1118_144_fu_1034_p2   |     *    |      1|  0|   4|          16|           9|
    |mul_ln1118_145_fu_960_p2    |     *    |      1|  0|   4|          16|          10|
    |mul_ln1118_146_fu_1067_p2   |     *    |      1|  0|   4|          16|          12|
    |mul_ln1118_147_fu_1022_p2   |     *    |      1|  0|   4|          16|          11|
    |mul_ln1118_148_fu_955_p2    |     *    |      1|  0|   4|          16|          13|
    |mul_ln1118_149_fu_1051_p2   |     *    |      1|  0|   4|          16|          11|
    |mul_ln1118_150_fu_930_p2    |     *    |      1|  0|   4|          16|           9|
    |mul_ln1118_151_fu_1003_p2   |     *    |      1|  0|   4|          16|          11|
    |mul_ln1118_152_fu_980_p2    |     *    |      1|  0|   4|          16|          10|
    |mul_ln1118_153_fu_1041_p2   |     *    |      1|  0|   4|          16|          11|
    |mul_ln1118_154_fu_988_p2    |     *    |      1|  0|   4|          16|           9|
    |mul_ln1118_155_fu_1082_p2   |     *    |      1|  0|   4|          16|           9|
    |mul_ln1118_156_fu_952_p2    |     *    |      1|  0|   4|          16|           7|
    |mul_ln1118_157_fu_927_p2    |     *    |      1|  0|   4|          16|          10|
    |mul_ln1118_158_fu_916_p2    |     *    |      1|  0|   4|          16|           9|
    |mul_ln1118_159_fu_926_p2    |     *    |      1|  0|   4|          16|           7|
    |mul_ln1118_160_fu_1025_p2   |     *    |      1|  0|   4|          16|          10|
    |mul_ln1118_161_fu_973_p2    |     *    |      1|  0|   4|          16|          10|
    |mul_ln1118_162_fu_959_p2    |     *    |      1|  0|   4|          16|           9|
    |mul_ln1118_163_fu_1032_p2   |     *    |      1|  0|   4|          16|          10|
    |mul_ln1118_164_fu_1009_p2   |     *    |      1|  0|   4|          16|           9|
    |mul_ln1118_165_fu_1066_p2   |     *    |      1|  0|   4|          16|           7|
    |mul_ln1118_166_fu_1043_p2   |     *    |      1|  0|   4|          16|           9|
    |mul_ln1118_167_fu_1097_p2   |     *    |      1|  0|   4|          16|           9|
    |mul_ln1118_168_fu_974_p2    |     *    |      1|  0|   4|          16|           7|
    |mul_ln1118_169_fu_1054_p2   |     *    |      1|  0|   4|          16|          10|
    |mul_ln1118_170_fu_931_p2    |     *    |      1|  0|   4|          16|          10|
    |mul_ln1118_171_fu_920_p2    |     *    |      1|  0|   4|          16|          11|
    |mul_ln1118_172_fu_895_p2    |     *    |      1|  0|   4|          16|           9|
    |mul_ln1118_173_fu_1073_p2   |     *    |      1|  0|   4|          16|          10|
    |mul_ln1118_174_fu_991_p2    |     *    |      1|  0|   4|          16|           9|
    |mul_ln1118_175_fu_939_p2    |     *    |      1|  0|   4|          16|           9|
    |mul_ln1118_176_fu_1061_p2   |     *    |      1|  0|   4|          16|          10|
    |mul_ln1118_177_fu_1103_p2   |     *    |      1|  0|   4|          16|           9|
    |mul_ln1118_178_fu_943_p2    |     *    |      1|  0|   4|          16|           8|
    |mul_ln1118_179_fu_928_p2    |     *    |      1|  0|   4|          16|           9|
    |mul_ln1118_180_fu_921_p2    |     *    |      1|  0|   4|          16|           9|
    |mul_ln1118_181_fu_1056_p2   |     *    |      1|  0|   4|          16|           9|
    |mul_ln1118_182_fu_982_p2    |     *    |      1|  0|   4|          16|           9|
    |mul_ln1118_183_fu_1020_p2   |     *    |      1|  0|   4|          16|           9|
    |mul_ln1118_184_fu_1079_p2   |     *    |      1|  0|   4|          16|           9|
    |mul_ln1118_185_fu_1019_p2   |     *    |      1|  0|   4|          16|           7|
    |mul_ln1118_186_fu_889_p2    |     *    |      1|  0|   4|          16|           8|
    |mul_ln1118_187_fu_1077_p2   |     *    |      1|  0|   4|          16|          10|
    |mul_ln1118_188_fu_995_p2    |     *    |      1|  0|   4|          16|          11|
    |mul_ln1118_189_fu_905_p2    |     *    |      1|  0|   4|          16|           8|
    |mul_ln1118_190_fu_1065_p2   |     *    |      1|  0|   4|          16|           9|
    |mul_ln1118_191_fu_949_p2    |     *    |      1|  0|   4|          16|          11|
    |mul_ln1118_192_fu_1014_p2   |     *    |      1|  0|   4|          16|           6|
    |mul_ln1118_193_fu_983_p2    |     *    |      1|  0|   4|          16|           9|
    |mul_ln1118_194_fu_1011_p2   |     *    |      1|  0|   4|          16|          10|
    |mul_ln1118_195_fu_1035_p2   |     *    |      1|  0|   4|          16|          12|
    |mul_ln1118_196_fu_877_p2    |     *    |      1|  0|   4|          16|          10|
    |mul_ln1118_197_fu_957_p2    |     *    |      1|  0|   4|          16|          10|
    |mul_ln1118_198_fu_848_p2    |     *    |      1|  0|   4|          16|           9|
    |mul_ln1118_199_fu_942_p2    |     *    |      1|  0|   4|          16|           9|
    |mul_ln1118_200_fu_1078_p2   |     *    |      1|  0|   4|          16|          10|
    |mul_ln1118_201_fu_990_p2    |     *    |      1|  0|   4|          16|           9|
    |mul_ln1118_202_fu_938_p2    |     *    |      1|  0|   4|          16|          12|
    |mul_ln1118_203_fu_871_p2    |     *    |      1|  0|   4|          16|          13|
    |mul_ln1118_204_fu_1016_p2   |     *    |      1|  0|   4|          16|          10|
    |mul_ln1118_205_fu_972_p2    |     *    |      1|  0|   4|          16|           6|
    |mul_ln1118_206_fu_860_p2    |     *    |      1|  0|   4|          16|           9|
    |mul_ln1118_207_fu_1062_p2   |     *    |      1|  0|   4|          16|          11|
    |mul_ln1118_208_fu_870_p2    |     *    |      1|  0|   4|          16|          12|
    |mul_ln1118_209_fu_868_p2    |     *    |      1|  0|   4|          16|           7|
    |mul_ln1118_210_fu_1074_p2   |     *    |      1|  0|   4|          16|          10|
    |mul_ln1118_211_fu_944_p2    |     *    |      1|  0|   4|          16|          10|
    |mul_ln1118_212_fu_975_p2    |     *    |      1|  0|   4|          16|           9|
    |mul_ln1118_213_fu_985_p2    |     *    |      1|  0|   4|          16|           8|
    |mul_ln1118_214_fu_1044_p2   |     *    |      1|  0|   4|          16|           9|
    |mul_ln1118_215_fu_1100_p2   |     *    |      1|  0|   4|          16|           9|
    |mul_ln1118_216_fu_1093_p2   |     *    |      1|  0|   4|          16|           7|
    |mul_ln1118_217_fu_1094_p2   |     *    |      1|  0|   4|          16|           6|
    |mul_ln1118_218_fu_1012_p2   |     *    |      1|  0|   4|          16|          10|
    |mul_ln1118_219_fu_962_p2    |     *    |      1|  0|   4|          16|           9|
    |mul_ln1118_220_fu_883_p2    |     *    |      1|  0|   4|          16|           8|
    |mul_ln1118_221_fu_900_p2    |     *    |      1|  0|   4|          16|           8|
    |mul_ln1118_222_fu_1089_p2   |     *    |      1|  0|   4|          16|          10|
    |mul_ln1118_223_fu_917_p2    |     *    |      0|  0|   4|          16|           4|
    |mul_ln1118_224_fu_906_p2    |     *    |      1|  0|   4|          16|          10|
    |mul_ln1118_225_fu_888_p2    |     *    |      1|  0|   4|          16|          11|
    |mul_ln1118_226_fu_1010_p2   |     *    |      1|  0|   4|          16|           7|
    |mul_ln1118_227_fu_971_p2    |     *    |      1|  0|   4|          16|           9|
    |mul_ln1118_228_fu_925_p2    |     *    |      1|  0|   4|          16|           9|
    |mul_ln1118_229_fu_1081_p2   |     *    |      1|  0|   4|          16|           7|
    |mul_ln1118_230_fu_1007_p2   |     *    |      1|  0|   4|          16|          10|
    |mul_ln1118_231_fu_992_p2    |     *    |      1|  0|   4|          16|          12|
    |mul_ln1118_232_fu_993_p2    |     *    |      1|  0|   4|          16|          11|
    |mul_ln1118_233_fu_1057_p2   |     *    |      1|  0|   4|          16|          11|
    |mul_ln1118_234_fu_1026_p2   |     *    |      1|  0|   4|          16|           8|
    |mul_ln1118_235_fu_979_p2    |     *    |      1|  0|   4|          16|          11|
    |mul_ln1118_236_fu_1048_p2   |     *    |      1|  0|   4|          16|          10|
    |mul_ln1118_237_fu_869_p2    |     *    |      1|  0|   4|          16|          11|
    |mul_ln1118_238_fu_998_p2    |     *    |      1|  0|   4|          16|          11|
    |mul_ln1118_239_fu_854_p2    |     *    |      1|  0|   4|          16|          12|
    |mul_ln1118_240_fu_1060_p2   |     *    |      1|  0|   4|          16|          10|
    |mul_ln1118_241_fu_1000_p2   |     *    |      1|  0|   4|          16|          10|
    |mul_ln1118_242_fu_961_p2    |     *    |      1|  0|   4|          16|          11|
    |mul_ln1118_243_fu_934_p2    |     *    |      1|  0|   4|          16|           6|
    |mul_ln1118_244_fu_932_p2    |     *    |      1|  0|   4|          16|          12|
    |mul_ln1118_245_fu_890_p2    |     *    |      1|  0|   4|          16|          12|
    |mul_ln1118_246_fu_914_p2    |     *    |      1|  0|   4|          16|          10|
    |mul_ln1118_247_fu_887_p2    |     *    |      1|  0|   4|          16|           8|
    |mul_ln1118_248_fu_856_p2    |     *    |      1|  0|   4|          16|          11|
    |mul_ln1118_249_fu_865_p2    |     *    |      1|  0|   4|          16|           8|
    |mul_ln1118_250_fu_866_p2    |     *    |      1|  0|   4|          16|           9|
    |mul_ln1118_251_fu_855_p2    |     *    |      1|  0|   4|          16|           8|
    |mul_ln1118_252_fu_963_p2    |     *    |      1|  0|   4|          16|          12|
    |mul_ln1118_253_fu_1050_p2   |     *    |      1|  0|   4|          16|           9|
    |mul_ln1118_254_fu_941_p2    |     *    |      1|  0|   4|          16|           6|
    |mul_ln1118_255_fu_867_p2    |     *    |      1|  0|   4|          16|          11|
    |mul_ln1118_256_fu_1080_p2   |     *    |      1|  0|   4|          16|           8|
    |mul_ln1118_257_fu_1013_p2   |     *    |      1|  0|   4|          16|          10|
    |mul_ln1118_258_fu_946_p2    |     *    |      1|  0|   4|          16|           9|
    |mul_ln1118_259_fu_1030_p2   |     *    |      1|  0|   4|          16|           8|
    |mul_ln1118_260_fu_1005_p2   |     *    |      1|  0|   4|          16|          11|
    |mul_ln1118_261_fu_958_p2    |     *    |      1|  0|   4|          16|          10|
    |mul_ln1118_262_fu_919_p2    |     *    |      1|  0|   4|          16|          10|
    |mul_ln1118_263_fu_896_p2    |     *    |      1|  0|   4|          16|          12|
    |mul_ln1118_264_fu_1049_p2   |     *    |      1|  0|   4|          16|           5|
    |mul_ln1118_265_fu_1052_p2   |     *    |      1|  0|   4|          16|           9|
    |mul_ln1118_266_fu_978_p2    |     *    |      1|  0|   4|          16|           9|
    |mul_ln1118_267_fu_911_p2    |     *    |      1|  0|   4|          16|          10|
    |mul_ln1118_268_fu_935_p2    |     *    |      1|  0|   4|          16|           9|
    |mul_ln1118_269_fu_966_p2    |     *    |      1|  0|   4|          16|           7|
    |mul_ln1118_270_fu_1046_p2   |     *    |      1|  0|   4|          16|          11|
    |mul_ln1118_271_fu_873_p2    |     *    |      1|  0|   4|          16|           8|
    |mul_ln1118_272_fu_912_p2    |     *    |      1|  0|   4|          16|          11|
    |mul_ln1118_273_fu_875_p2    |     *    |      1|  0|   4|          16|           7|
    |mul_ln1118_274_fu_1076_p2   |     *    |      1|  0|   4|          16|           9|
    |mul_ln1118_275_fu_1029_p2   |     *    |      1|  0|   4|          16|          10|
    |mul_ln1118_276_fu_1006_p2   |     *    |      1|  0|   4|          16|          11|
    |mul_ln1118_277_fu_1053_p2   |     *    |      1|  0|   4|          16|          10|
    |mul_ln1118_278_fu_1028_p2   |     *    |      1|  0|   4|          16|           8|
    |mul_ln1118_279_fu_891_p2    |     *    |      1|  0|   4|          16|          11|
    |mul_ln1118_280_fu_999_p2    |     *    |      1|  0|   4|          16|          11|
    |mul_ln1118_281_fu_967_p2    |     *    |      1|  0|   4|          16|          10|
    |mul_ln1118_282_fu_1040_p2   |     *    |      1|  0|   4|          16|          11|
    |mul_ln1118_283_fu_910_p2    |     *    |      1|  0|   4|          16|           9|
    |mul_ln1118_284_fu_1027_p2   |     *    |      1|  0|   4|          16|          12|
    |mul_ln1118_285_fu_915_p2    |     *    |      1|  0|   4|          16|           9|
    |mul_ln1118_286_fu_863_p2    |     *    |      1|  0|   4|          16|           9|
    |mul_ln1118_287_fu_1098_p2   |     *    |      1|  0|   4|          16|           7|
    |mul_ln1118_66_fu_851_p2     |     *    |      1|  0|   4|          16|           6|
    |mul_ln1118_67_fu_947_p2     |     *    |      1|  0|   4|          16|          11|
    |mul_ln1118_68_fu_876_p2     |     *    |      1|  0|   4|          16|           9|
    |mul_ln1118_69_fu_853_p2     |     *    |      1|  0|   4|          16|           9|
    |mul_ln1118_70_fu_908_p2     |     *    |      1|  0|   4|          16|           8|
    |mul_ln1118_71_fu_1002_p2    |     *    |      1|  0|   4|          16|          11|
    |mul_ln1118_72_fu_858_p2     |     *    |      1|  0|   4|          16|          10|
    |mul_ln1118_73_fu_1064_p2    |     *    |      1|  0|   4|          16|           7|
    |mul_ln1118_74_fu_899_p2     |     *    |      1|  0|   4|          16|           8|
    |mul_ln1118_75_fu_923_p2     |     *    |      1|  0|   4|          16|          11|
    |mul_ln1118_76_fu_1024_p2    |     *    |      1|  0|   4|          16|          11|
    |mul_ln1118_77_fu_996_p2     |     *    |      1|  0|   4|          16|          11|
    |mul_ln1118_78_fu_951_p2     |     *    |      1|  0|   4|          16|          10|
    |mul_ln1118_79_fu_1088_p2    |     *    |      1|  0|   4|          16|           9|
    |mul_ln1118_80_fu_1017_p2    |     *    |      1|  0|   4|          16|           7|
    |mul_ln1118_81_fu_1018_p2    |     *    |      1|  0|   4|          16|          12|
    |mul_ln1118_82_fu_987_p2     |     *    |      1|  0|   4|          16|          10|
    |mul_ln1118_83_fu_1087_p2    |     *    |      1|  0|   4|          16|           9|
    |mul_ln1118_84_fu_1069_p2    |     *    |      1|  0|   4|          16|          12|
    |mul_ln1118_85_fu_918_p2     |     *    |      1|  0|   4|          16|           5|
    |mul_ln1118_86_fu_956_p2     |     *    |      1|  0|   4|          16|          10|
    |mul_ln1118_87_fu_882_p2     |     *    |      1|  0|   4|          16|          12|
    |mul_ln1118_88_fu_878_p2     |     *    |      1|  0|   4|          16|           9|
    |mul_ln1118_89_fu_1083_p2    |     *    |      1|  0|   4|          16|          12|
    |mul_ln1118_90_fu_1038_p2    |     *    |      1|  0|   4|          16|           9|
    |mul_ln1118_91_fu_969_p2     |     *    |      1|  0|   4|          16|          10|
    |mul_ln1118_92_fu_902_p2     |     *    |      1|  0|   4|          16|          10|
    |mul_ln1118_93_fu_903_p2     |     *    |      1|  0|   4|          16|          10|
    |mul_ln1118_94_fu_1096_p2    |     *    |      1|  0|   4|          16|          11|
    |mul_ln1118_95_fu_872_p2     |     *    |      1|  0|   4|          16|          10|
    |mul_ln1118_96_fu_1042_p2    |     *    |      1|  0|   4|          16|          13|
    |mul_ln1118_97_fu_874_p2     |     *    |      1|  0|   4|          16|           7|
    |mul_ln1118_98_fu_937_p2     |     *    |      1|  0|   4|          16|          11|
    |mul_ln1118_99_fu_1031_p2    |     *    |      1|  0|   4|          16|          13|
    |mul_ln1118_fu_986_p2        |     *    |      1|  0|   4|          16|          12|
    |add_ln1118_1_fu_231727_p2   |     +    |      0|  0|  29|          22|          22|
    |add_ln1118_2_fu_231807_p2   |     +    |      0|  0|  28|          21|          21|
    |add_ln1118_3_fu_232176_p2   |     +    |      0|  0|  31|          24|          24|
    |add_ln1118_4_fu_234645_p2   |     +    |      0|  0|  32|          25|          25|
    |add_ln1118_5_fu_233003_p2   |     +    |      0|  0|  27|          20|          20|
    |add_ln1118_6_fu_234913_p2   |     +    |      0|  0|  32|          25|          25|
    |add_ln1118_7_fu_233951_p2   |     +    |      0|  0|  27|          20|          20|
    |add_ln1118_8_fu_234169_p2   |     +    |      0|  0|  30|          23|          23|
    |add_ln1118_9_fu_234409_p2   |     +    |      0|  0|  33|          26|          26|
    |add_ln1118_fu_231679_p2     |     +    |      0|  0|  30|          23|          23|
    |add_ln703_109_fu_235044_p2  |     +    |      0|  0|  16|          16|          16|
    |add_ln703_110_fu_235048_p2  |     +    |      0|  0|  16|          16|          16|
    |add_ln703_111_fu_235054_p2  |     +    |      0|  0|  23|          16|          16|
    |add_ln703_112_fu_235058_p2  |     +    |      0|  0|  16|          16|          16|
    |add_ln703_113_fu_235062_p2  |     +    |      0|  0|  16|          16|          16|
    |add_ln703_114_fu_235067_p2  |     +    |      0|  0|  16|          16|          16|
    |add_ln703_115_fu_235073_p2  |     +    |      0|  0|  16|          16|          16|
    |add_ln703_116_fu_235079_p2  |     +    |      0|  0|  23|          16|          16|
    |add_ln703_117_fu_235083_p2  |     +    |      0|  0|  16|          16|          16|
    |add_ln703_118_fu_235087_p2  |     +    |      0|  0|  16|          16|          16|
    |add_ln703_119_fu_235093_p2  |     +    |      0|  0|  23|          16|          16|
    |add_ln703_120_fu_234475_p2  |     +    |      0|  0|  21|          14|          14|
    |add_ln703_121_fu_234485_p2  |     +    |      0|  0|  22|          15|          15|
    |add_ln703_122_fu_235101_p2  |     +    |      0|  0|  16|          16|          16|
    |add_ln703_123_fu_235107_p2  |     +    |      0|  0|  16|          16|          16|
    |add_ln703_124_fu_235113_p2  |     +    |      0|  0|  23|          16|          16|
    |add_ln703_125_fu_235117_p2  |     +    |      0|  0|  16|          16|          16|
    |add_ln703_126_fu_235121_p2  |     +    |      0|  0|  16|          16|          16|
    |add_ln703_127_fu_235127_p2  |     +    |      0|  0|  23|          16|          16|
    |add_ln703_128_fu_235131_p2  |     +    |      0|  0|  22|          15|          15|
    |add_ln703_129_fu_235141_p2  |     +    |      0|  0|  23|          16|          16|
    |add_ln703_130_fu_235146_p2  |     +    |      0|  0|  16|          16|          16|
    |add_ln703_131_fu_235152_p2  |     +    |      0|  0|  16|          16|          16|
    |add_ln703_132_fu_235158_p2  |     +    |      0|  0|  23|          16|          16|
    |add_ln703_133_fu_235162_p2  |     +    |      0|  0|  16|          16|          16|
    |add_ln703_134_fu_235166_p2  |     +    |      0|  0|  16|          16|          16|
    |add_ln703_135_fu_235172_p2  |     +    |      0|  0|  23|          16|          16|
    |add_ln703_136_fu_235176_p2  |     +    |      0|  0|  16|          16|          16|
    |add_ln703_137_fu_235182_p2  |     +    |      0|  0|  16|          16|          16|
    |add_ln703_138_fu_235188_p2  |     +    |      0|  0|  16|          16|          16|
    |add_ln703_139_fu_235194_p2  |     +    |      0|  0|  16|          16|          16|
    |add_ln703_140_fu_235200_p2  |     +    |      0|  0|  23|          16|          16|
    |add_ln703_141_fu_235204_p2  |     +    |      0|  0|  16|          16|          16|
    |add_ln703_142_fu_235208_p2  |     +    |      0|  0|  16|          16|          16|
    |add_ln703_143_fu_235214_p2  |     +    |      0|  0|  23|          16|          16|
    |add_ln703_144_fu_235220_p2  |     +    |      0|  0|  20|          13|          13|
    |add_ln703_145_fu_235230_p2  |     +    |      0|  0|  22|          15|          15|
    |add_ln703_146_fu_235240_p2  |     +    |      0|  0|  16|          16|          16|
    |add_ln703_147_fu_235246_p2  |     +    |      0|  0|  16|          16|          16|
    |add_ln703_148_fu_235252_p2  |     +    |      0|  0|  23|          16|          16|
    |add_ln703_149_fu_235256_p2  |     +    |      0|  0|  16|          16|          16|
    |add_ln703_150_fu_235260_p2  |     +    |      0|  0|  16|          16|          16|
    |add_ln703_151_fu_235266_p2  |     +    |      0|  0|  23|          16|          16|
    |add_ln703_152_fu_235270_p2  |     +    |      0|  0|  16|          16|          16|
    |add_ln703_153_fu_235276_p2  |     +    |      0|  0|  16|          16|          16|
    |add_ln703_154_fu_235281_p2  |     +    |      0|  0|  16|          16|          16|
    |add_ln703_155_fu_235287_p2  |     +    |      0|  0|  16|          16|          16|
    |add_ln703_156_fu_235293_p2  |     +    |      0|  0|  23|          16|          16|
    |add_ln703_157_fu_235297_p2  |     +    |      0|  0|  16|          16|          16|
    |add_ln703_158_fu_235301_p2  |     +    |      0|  0|  16|          16|          16|
    |add_ln703_159_fu_235307_p2  |     +    |      0|  0|  23|          16|          16|
    |add_ln703_160_fu_235311_p2  |     +    |      0|  0|  16|          16|          16|
    |add_ln703_161_fu_235317_p2  |     +    |      0|  0|  16|          16|          16|
    |add_ln703_162_fu_235322_p2  |     +    |      0|  0|  16|          16|          16|
    |add_ln703_163_fu_235328_p2  |     +    |      0|  0|  16|          16|          16|
    |add_ln703_164_fu_235334_p2  |     +    |      0|  0|  23|          16|          16|
    |add_ln703_165_fu_235338_p2  |     +    |      0|  0|  16|          16|          16|
    |add_ln703_166_fu_235342_p2  |     +    |      0|  0|  16|          16|          16|
    |add_ln703_167_fu_235348_p2  |     +    |      0|  0|  23|          16|          16|
    |add_ln703_168_fu_235352_p2  |     +    |      0|  0|  16|          16|          16|
    |add_ln703_169_fu_235357_p2  |     +    |      0|  0|  16|          16|          16|
    |add_ln703_170_fu_235362_p2  |     +    |      0|  0|  16|          16|          16|
    |add_ln703_171_fu_235368_p2  |     +    |      0|  0|  16|          16|          16|
    |add_ln703_172_fu_235374_p2  |     +    |      0|  0|  23|          16|          16|
    |add_ln703_173_fu_235378_p2  |     +    |      0|  0|  16|          16|          16|
    |add_ln703_174_fu_235383_p2  |     +    |      0|  0|  16|          16|          16|
    |add_ln703_175_fu_235389_p2  |     +    |      0|  0|  23|          16|          16|
    |add_ln703_176_fu_235393_p2  |     +    |      0|  0|  22|          15|          15|
    |add_ln703_177_fu_235403_p2  |     +    |      0|  0|  23|          16|          16|
    |add_ln703_178_fu_235409_p2  |     +    |      0|  0|  16|          16|          16|
    |add_ln703_179_fu_235415_p2  |     +    |      0|  0|  16|          16|          16|
    |add_ln703_180_fu_235421_p2  |     +    |      0|  0|  23|          16|          16|
    |add_ln703_181_fu_235425_p2  |     +    |      0|  0|  16|          16|          16|
    |add_ln703_182_fu_235429_p2  |     +    |      0|  0|  16|          16|          16|
    |add_ln703_183_fu_235435_p2  |     +    |      0|  0|  23|          16|          16|
    |add_ln703_184_fu_235440_p2  |     +    |      0|  0|  21|          14|          14|
    |add_ln703_185_fu_235450_p2  |     +    |      0|  0|  22|          15|          15|
    |add_ln703_186_fu_235460_p2  |     +    |      0|  0|  16|          16|          16|
    |add_ln703_187_fu_235466_p2  |     +    |      0|  0|  16|          16|          16|
    |add_ln703_188_fu_235472_p2  |     +    |      0|  0|  23|          16|          16|
    |add_ln703_189_fu_235476_p2  |     +    |      0|  0|  16|          16|          16|
    |add_ln703_190_fu_235481_p2  |     +    |      0|  0|  16|          16|          16|
    |add_ln703_191_fu_235487_p2  |     +    |      0|  0|  23|          16|          16|
    |add_ln703_192_fu_235491_p2  |     +    |      0|  0|  21|          14|          14|
    |add_ln703_193_fu_235501_p2  |     +    |      0|  0|  23|          16|          16|
    |add_ln703_194_fu_235507_p2  |     +    |      0|  0|  16|          16|          16|
    |add_ln703_195_fu_235513_p2  |     +    |      0|  0|  16|          16|          16|
    |add_ln703_196_fu_235519_p2  |     +    |      0|  0|  23|          16|          16|
    |add_ln703_197_fu_235523_p2  |     +    |      0|  0|  16|          16|          16|
    |add_ln703_198_fu_235527_p2  |     +    |      0|  0|  16|          16|          16|
    |add_ln703_199_fu_235533_p2  |     +    |      0|  0|  23|          16|          16|
    |add_ln703_200_fu_234491_p2  |     +    |      0|  0|  22|          15|          15|
    |add_ln703_201_fu_235541_p2  |     +    |      0|  0|  23|          16|          16|
    |add_ln703_202_fu_235547_p2  |     +    |      0|  0|  16|          16|          16|
    |add_ln703_203_fu_235553_p2  |     +    |      0|  0|  16|          16|          16|
    |add_ln703_204_fu_235559_p2  |     +    |      0|  0|  23|          16|          16|
    |add_ln703_205_fu_235563_p2  |     +    |      0|  0|  16|          16|          16|
    |add_ln703_206_fu_235567_p2  |     +    |      0|  0|  16|          16|          16|
    |add_ln703_207_fu_235573_p2  |     +    |      0|  0|  23|          16|          16|
    |add_ln703_208_fu_235578_p2  |     +    |      0|  0|  22|          15|          15|
    |add_ln703_209_fu_235588_p2  |     +    |      0|  0|  23|          16|          16|
    |add_ln703_210_fu_235594_p2  |     +    |      0|  0|  16|          16|          16|
    |add_ln703_211_fu_235600_p2  |     +    |      0|  0|  16|          16|          16|
    |add_ln703_212_fu_235606_p2  |     +    |      0|  0|  23|          16|          16|
    |add_ln703_213_fu_235610_p2  |     +    |      0|  0|  16|          16|          16|
    |add_ln703_214_fu_235614_p2  |     +    |      0|  0|  16|          16|          16|
    |add_ln703_215_fu_235620_p2  |     +    |      0|  0|  23|          16|          16|
    |add_ln703_216_fu_235624_p2  |     +    |      0|  0|  16|          16|          16|
    |add_ln703_217_fu_235630_p2  |     +    |      0|  0|  16|          16|          16|
    |add_ln703_218_fu_235636_p2  |     +    |      0|  0|  16|          16|          16|
    |add_ln703_219_fu_235642_p2  |     +    |      0|  0|  16|          16|          16|
    |add_ln703_220_fu_235648_p2  |     +    |      0|  0|  23|          16|          16|
    |add_ln703_221_fu_235652_p2  |     +    |      0|  0|  16|          16|          16|
    |add_ln703_222_fu_235656_p2  |     +    |      0|  0|  16|          16|          16|
    |add_ln703_223_fu_235662_p2  |     +    |      0|  0|  23|          16|          16|
    |add_ln703_224_fu_235667_p2  |     +    |      0|  0|  22|          15|          15|
    |add_ln703_225_fu_235677_p2  |     +    |      0|  0|  23|          16|          16|
    |add_ln703_226_fu_235683_p2  |     +    |      0|  0|  16|          16|          16|
    |add_ln703_227_fu_235689_p2  |     +    |      0|  0|  16|          16|          16|
    |add_ln703_228_fu_235695_p2  |     +    |      0|  0|  23|          16|          16|
    |add_ln703_229_fu_235699_p2  |     +    |      0|  0|  16|          16|          16|
    |add_ln703_230_fu_235703_p2  |     +    |      0|  0|  16|          16|          16|
    |add_ln703_231_fu_235709_p2  |     +    |      0|  0|  23|          16|          16|
    |add_ln703_232_fu_235715_p2  |     +    |      0|  0|  21|          14|          14|
    |add_ln703_233_fu_235725_p2  |     +    |      0|  0|  22|          15|          15|
    |add_ln703_234_fu_235735_p2  |     +    |      0|  0|  16|          16|          16|
    |add_ln703_235_fu_235741_p2  |     +    |      0|  0|  16|          16|          16|
    |add_ln703_236_fu_235747_p2  |     +    |      0|  0|  23|          16|          16|
    |add_ln703_237_fu_235751_p2  |     +    |      0|  0|  16|          16|          16|
    |add_ln703_238_fu_235755_p2  |     +    |      0|  0|  16|          16|          16|
    |add_ln703_239_fu_235761_p2  |     +    |      0|  0|  23|          16|          16|
    |add_ln703_240_fu_234497_p2  |     +    |      0|  0|  20|          13|          13|
    |add_ln703_241_fu_235768_p2  |     +    |      0|  0|  22|          15|          15|
    |add_ln703_242_fu_235778_p2  |     +    |      0|  0|  16|          16|          16|
    |add_ln703_243_fu_235784_p2  |     +    |      0|  0|  16|          16|          16|
    |add_ln703_244_fu_235790_p2  |     +    |      0|  0|  23|          16|          16|
    |add_ln703_245_fu_235794_p2  |     +    |      0|  0|  16|          16|          16|
    |add_ln703_246_fu_235799_p2  |     +    |      0|  0|  16|          16|          16|
    |add_ln703_247_fu_235805_p2  |     +    |      0|  0|  23|          16|          16|
    |add_ln703_248_fu_235809_p2  |     +    |      0|  0|  16|          16|          16|
    |add_ln703_249_fu_235815_p2  |     +    |      0|  0|  16|          16|          16|
    |add_ln703_250_fu_235820_p2  |     +    |      0|  0|  16|          16|          16|
    |add_ln703_251_fu_235826_p2  |     +    |      0|  0|  16|          16|          16|
    |add_ln703_252_fu_235832_p2  |     +    |      0|  0|  23|          16|          16|
    |add_ln703_253_fu_235836_p2  |     +    |      0|  0|  16|          16|          16|
    |add_ln703_254_fu_235840_p2  |     +    |      0|  0|  16|          16|          16|
    |add_ln703_255_fu_235846_p2  |     +    |      0|  0|  23|          16|          16|
    |add_ln703_256_fu_235851_p2  |     +    |      0|  0|  16|          16|          16|
    |add_ln703_257_fu_235857_p2  |     +    |      0|  0|  16|          16|          16|
    |add_ln703_258_fu_235863_p2  |     +    |      0|  0|  16|          16|          16|
    |add_ln703_259_fu_235869_p2  |     +    |      0|  0|  16|          16|          16|
    |add_ln703_260_fu_235875_p2  |     +    |      0|  0|  23|          16|          16|
    |add_ln703_261_fu_235879_p2  |     +    |      0|  0|  16|          16|          16|
    |add_ln703_262_fu_235883_p2  |     +    |      0|  0|  16|          16|          16|
    |add_ln703_263_fu_235889_p2  |     +    |      0|  0|  23|          16|          16|
    |add_ln703_264_fu_235894_p2  |     +    |      0|  0|  16|          16|          16|
    |add_ln703_265_fu_235900_p2  |     +    |      0|  0|  16|          16|          16|
    |add_ln703_266_fu_235906_p2  |     +    |      0|  0|  16|          16|          16|
    |add_ln703_267_fu_235912_p2  |     +    |      0|  0|  16|          16|          16|
    |add_ln703_268_fu_235918_p2  |     +    |      0|  0|  23|          16|          16|
    |add_ln703_269_fu_235922_p2  |     +    |      0|  0|  16|          16|          16|
    |add_ln703_270_fu_235927_p2  |     +    |      0|  0|  16|          16|          16|
    |add_ln703_271_fu_235933_p2  |     +    |      0|  0|  23|          16|          16|
    |add_ln703_272_fu_234503_p2  |     +    |      0|  0|  20|          13|          13|
    |add_ln703_273_fu_235942_p2  |     +    |      0|  0|  23|          16|          16|
    |add_ln703_274_fu_235948_p2  |     +    |      0|  0|  16|          16|          16|
    |add_ln703_275_fu_235954_p2  |     +    |      0|  0|  16|          16|          16|
    |add_ln703_276_fu_235960_p2  |     +    |      0|  0|  23|          16|          16|
    |add_ln703_277_fu_235964_p2  |     +    |      0|  0|  16|          16|          16|
    |add_ln703_278_fu_235968_p2  |     +    |      0|  0|  16|          16|          16|
    |add_ln703_279_fu_235974_p2  |     +    |      0|  0|  23|          16|          16|
    |add_ln703_280_fu_235980_p2  |     +    |      0|  0|  20|          13|          13|
    |add_ln703_281_fu_235990_p2  |     +    |      0|  0|  21|          14|          14|
    |add_ln703_282_fu_236000_p2  |     +    |      0|  0|  16|          16|          16|
    |add_ln703_283_fu_236006_p2  |     +    |      0|  0|  16|          16|          16|
    |add_ln703_284_fu_236012_p2  |     +    |      0|  0|  23|          16|          16|
    |add_ln703_285_fu_236016_p2  |     +    |      0|  0|  16|          16|          16|
    |add_ln703_286_fu_236020_p2  |     +    |      0|  0|  16|          16|          16|
    |add_ln703_287_fu_236026_p2  |     +    |      0|  0|  23|          16|          16|
    |add_ln703_288_fu_236031_p2  |     +    |      0|  0|  22|          15|          15|
    |add_ln703_289_fu_236041_p2  |     +    |      0|  0|  23|          16|          16|
    |add_ln703_290_fu_236047_p2  |     +    |      0|  0|  16|          16|          16|
    |add_ln703_291_fu_236053_p2  |     +    |      0|  0|  16|          16|          16|
    |add_ln703_292_fu_236059_p2  |     +    |      0|  0|  23|          16|          16|
    |add_ln703_293_fu_236063_p2  |     +    |      0|  0|  16|          16|          16|
    |add_ln703_294_fu_236067_p2  |     +    |      0|  0|  16|          16|          16|
    |add_ln703_295_fu_236073_p2  |     +    |      0|  0|  23|          16|          16|
    |add_ln703_296_fu_236077_p2  |     +    |      0|  0|  22|          15|          15|
    |add_ln703_297_fu_236087_p2  |     +    |      0|  0|  23|          16|          16|
    |add_ln703_298_fu_236092_p2  |     +    |      0|  0|  16|          16|          16|
    |add_ln703_299_fu_236098_p2  |     +    |      0|  0|  16|          16|          16|
    |add_ln703_300_fu_236104_p2  |     +    |      0|  0|  23|          16|          16|
    |add_ln703_301_fu_236108_p2  |     +    |      0|  0|  16|          16|          16|
    |add_ln703_302_fu_236112_p2  |     +    |      0|  0|  16|          16|          16|
    |add_ln703_303_fu_236118_p2  |     +    |      0|  0|  23|          16|          16|
    |add_ln703_304_fu_236122_p2  |     +    |      0|  0|  22|          15|          15|
    |add_ln703_305_fu_236132_p2  |     +    |      0|  0|  23|          16|          16|
    |add_ln703_306_fu_236137_p2  |     +    |      0|  0|  16|          16|          16|
    |add_ln703_307_fu_236143_p2  |     +    |      0|  0|  16|          16|          16|
    |add_ln703_308_fu_236149_p2  |     +    |      0|  0|  23|          16|          16|
    |add_ln703_309_fu_236153_p2  |     +    |      0|  0|  16|          16|          16|
    |add_ln703_310_fu_236157_p2  |     +    |      0|  0|  16|          16|          16|
    |add_ln703_311_fu_236163_p2  |     +    |      0|  0|  23|          16|          16|
    |add_ln703_312_fu_236167_p2  |     +    |      0|  0|  16|          16|          16|
    |add_ln703_313_fu_236173_p2  |     +    |      0|  0|  16|          16|          16|
    |add_ln703_314_fu_236178_p2  |     +    |      0|  0|  16|          16|          16|
    |add_ln703_315_fu_236184_p2  |     +    |      0|  0|  16|          16|          16|
    |add_ln703_316_fu_236190_p2  |     +    |      0|  0|  23|          16|          16|
    |add_ln703_317_fu_236194_p2  |     +    |      0|  0|  16|          16|          16|
    |add_ln703_318_fu_236198_p2  |     +    |      0|  0|  16|          16|          16|
    |add_ln703_319_fu_236204_p2  |     +    |      0|  0|  23|          16|          16|
    |add_ln703_320_fu_236208_p2  |     +    |      0|  0|  21|          14|          14|
    |add_ln703_321_fu_236218_p2  |     +    |      0|  0|  22|          15|          15|
    |add_ln703_322_fu_236228_p2  |     +    |      0|  0|  16|          16|          16|
    |add_ln703_323_fu_236234_p2  |     +    |      0|  0|  16|          16|          16|
    |add_ln703_324_fu_236240_p2  |     +    |      0|  0|  23|          16|          16|
    |add_ln703_325_fu_236244_p2  |     +    |      0|  0|  16|          16|          16|
    |add_ln703_326_fu_236249_p2  |     +    |      0|  0|  16|          16|          16|
    |add_ln703_327_fu_236255_p2  |     +    |      0|  0|  23|          16|          16|
    |add_ln703_328_fu_236259_p2  |     +    |      0|  0|  16|          16|          16|
    |add_ln703_329_fu_236265_p2  |     +    |      0|  0|  16|          16|          16|
    |add_ln703_330_fu_236270_p2  |     +    |      0|  0|  16|          16|          16|
    |add_ln703_331_fu_236276_p2  |     +    |      0|  0|  16|          16|          16|
    |add_ln703_332_fu_236282_p2  |     +    |      0|  0|  23|          16|          16|
    |add_ln703_333_fu_236286_p2  |     +    |      0|  0|  16|          16|          16|
    |add_ln703_334_fu_236290_p2  |     +    |      0|  0|  16|          16|          16|
    |add_ln703_335_fu_236296_p2  |     +    |      0|  0|  23|          16|          16|
    |add_ln703_336_fu_236302_p2  |     +    |      0|  0|  21|          14|          14|
    |add_ln703_337_fu_236312_p2  |     +    |      0|  0|  22|          15|          15|
    |add_ln703_338_fu_236322_p2  |     +    |      0|  0|  16|          16|          16|
    |add_ln703_339_fu_236328_p2  |     +    |      0|  0|  16|          16|          16|
    |add_ln703_340_fu_236334_p2  |     +    |      0|  0|  23|          16|          16|
    |add_ln703_341_fu_236338_p2  |     +    |      0|  0|  16|          16|          16|
    |add_ln703_342_fu_236342_p2  |     +    |      0|  0|  16|          16|          16|
    |add_ln703_343_fu_236348_p2  |     +    |      0|  0|  23|          16|          16|
    |add_ln703_344_fu_236353_p2  |     +    |      0|  0|  22|          15|          15|
    |add_ln703_345_fu_236363_p2  |     +    |      0|  0|  23|          16|          16|
    |add_ln703_346_fu_236369_p2  |     +    |      0|  0|  16|          16|          16|
    |add_ln703_347_fu_236375_p2  |     +    |      0|  0|  16|          16|          16|
    |add_ln703_348_fu_236381_p2  |     +    |      0|  0|  23|          16|          16|
    |add_ln703_349_fu_236385_p2  |     +    |      0|  0|  16|          16|          16|
    |add_ln703_350_fu_236389_p2  |     +    |      0|  0|  16|          16|          16|
    |add_ln703_351_fu_236395_p2  |     +    |      0|  0|  23|          16|          16|
    |add_ln703_352_fu_236399_p2  |     +    |      0|  0|  16|          16|          16|
    |add_ln703_353_fu_236405_p2  |     +    |      0|  0|  16|          16|          16|
    |add_ln703_354_fu_236410_p2  |     +    |      0|  0|  16|          16|          16|
    |add_ln703_355_fu_236416_p2  |     +    |      0|  0|  16|          16|          16|
    |add_ln703_356_fu_236422_p2  |     +    |      0|  0|  23|          16|          16|
    |add_ln703_357_fu_236426_p2  |     +    |      0|  0|  16|          16|          16|
    |add_ln703_358_fu_236430_p2  |     +    |      0|  0|  16|          16|          16|
    |add_ln703_359_fu_236436_p2  |     +    |      0|  0|  23|          16|          16|
    |add_ln703_360_fu_236442_p2  |     +    |      0|  0|  22|          15|          15|
    |add_ln703_361_fu_236452_p2  |     +    |      0|  0|  23|          16|          16|
    |add_ln703_362_fu_236458_p2  |     +    |      0|  0|  16|          16|          16|
    |add_ln703_363_fu_236464_p2  |     +    |      0|  0|  16|          16|          16|
    |add_ln703_fu_235040_p2      |     +    |      0|  0|  23|          16|          16|
    |sub_ln1118_10_fu_232044_p2  |     -    |      0|  0|  16|          22|          22|
    |sub_ln1118_11_fu_232302_p2  |     -    |      0|  0|  16|           1|          25|
    |sub_ln1118_12_fu_232312_p2  |     -    |      0|  0|  16|          25|          25|
    |sub_ln1118_13_fu_232441_p2  |     -    |      0|  0|  30|          23|          23|
    |sub_ln1118_14_fu_232565_p2  |     -    |      0|  0|  31|          24|          24|
    |sub_ln1118_15_fu_234693_p2  |     -    |      0|  0|  33|          26|          26|
    |sub_ln1118_16_fu_234716_p2  |     -    |      0|  0|  16|           1|          22|
    |sub_ln1118_17_fu_234733_p2  |     -    |      0|  0|  16|          22|          22|
    |sub_ln1118_18_fu_232909_p2  |     -    |      0|  0|  16|           1|          24|
    |sub_ln1118_19_fu_232927_p2  |     -    |      0|  0|  16|          24|          24|
    |sub_ln1118_20_fu_232955_p2  |     -    |      0|  0|  16|           1|          23|
    |sub_ln1118_21_fu_232973_p2  |     -    |      0|  0|  16|          23|          23|
    |sub_ln1118_22_fu_233115_p2  |     -    |      0|  0|  16|           1|          22|
    |sub_ln1118_23_fu_233121_p2  |     -    |      0|  0|  16|          22|          22|
    |sub_ln1118_24_fu_234836_p2  |     -    |      0|  0|  16|           1|          24|
    |sub_ln1118_25_fu_234853_p2  |     -    |      0|  0|  16|          24|          24|
    |sub_ln1118_26_fu_233516_p2  |     -    |      0|  0|  28|          21|          21|
    |sub_ln1118_27_fu_233709_p2  |     -    |      0|  0|  28|          21|          21|
    |sub_ln1118_28_fu_234947_p2  |     -    |      0|  0|  16|           1|          26|
    |sub_ln1118_29_fu_234964_p2  |     -    |      0|  0|  16|          26|          26|
    |sub_ln1118_30_fu_234287_p2  |     -    |      0|  0|  29|          22|          22|
    |sub_ln1118_4_fu_231553_p2   |     -    |      0|  0|  26|           1|          19|
    |sub_ln1118_5_fu_231643_p2   |     -    |      0|  0|  28|          21|          21|
    |sub_ln1118_6_fu_231849_p2   |     -    |      0|  0|  27|          20|          20|
    |sub_ln1118_7_fu_231956_p2   |     -    |      0|  0|  30|          23|          23|
    |sub_ln1118_8_fu_232010_p2   |     -    |      0|  0|  32|          25|          25|
    |sub_ln1118_9_fu_232038_p2   |     -    |      0|  0|  16|           1|          22|
    |sub_ln1118_fu_231350_p2     |     -    |      0|  0|  26|           1|          19|
    +----------------------------+----------+-------+---+----+------------+------------+
    |Total                       |          |    221|  0|6576|        8274|        7027|
    +----------------------------+----------+-------+---+----+------------+------------+

    * Multiplexer: 
    +--------------+----+-----------+-----+-----------+
    |     Name     | LUT| Input Size| Bits| Total Bits|
    +--------------+----+-----------+-----+-----------+
    |ap_return_0   |   9|          2|   16|         32|
    |ap_return_1   |   9|          2|   16|         32|
    |ap_return_10  |   9|          2|   16|         32|
    |ap_return_11  |   9|          2|   16|         32|
    |ap_return_12  |   9|          2|   16|         32|
    |ap_return_13  |   9|          2|   16|         32|
    |ap_return_14  |   9|          2|   16|         32|
    |ap_return_15  |   9|          2|   16|         32|
    |ap_return_16  |   9|          2|   16|         32|
    |ap_return_17  |   9|          2|   16|         32|
    |ap_return_18  |   9|          2|   16|         32|
    |ap_return_19  |   9|          2|   16|         32|
    |ap_return_2   |   9|          2|   16|         32|
    |ap_return_20  |   9|          2|   16|         32|
    |ap_return_21  |   9|          2|   16|         32|
    |ap_return_22  |   9|          2|   16|         32|
    |ap_return_23  |   9|          2|   16|         32|
    |ap_return_24  |   9|          2|   16|         32|
    |ap_return_25  |   9|          2|   16|         32|
    |ap_return_26  |   9|          2|   16|         32|
    |ap_return_27  |   9|          2|   16|         32|
    |ap_return_28  |   9|          2|   16|         32|
    |ap_return_29  |   9|          2|   16|         32|
    |ap_return_3   |   9|          2|   16|         32|
    |ap_return_30  |   9|          2|   16|         32|
    |ap_return_31  |   9|          2|   16|         32|
    |ap_return_4   |   9|          2|   16|         32|
    |ap_return_5   |   9|          2|   16|         32|
    |ap_return_6   |   9|          2|   16|         32|
    |ap_return_7   |   9|          2|   16|         32|
    |ap_return_8   |   9|          2|   16|         32|
    |ap_return_9   |   9|          2|   16|         32|
    +--------------+----+-----------+-----+-----------+
    |Total         | 288|         64|  512|       1024|
    +--------------+----+-----------+-----+-----------+

    * Register: 
    +----------------------------+----+----+-----+-----------+
    |            Name            | FF | LUT| Bits| Const Bits|
    +----------------------------+----+----+-----+-----------+
    |add_ln703_121_reg_238041    |  15|   0|   15|          0|
    |add_ln703_200_reg_238046    |  15|   0|   15|          0|
    |add_ln703_240_reg_238051    |  13|   0|   13|          0|
    |add_ln703_272_reg_238056    |  13|   0|   13|          0|
    |ap_ce_reg                   |   1|   0|    1|          0|
    |ap_return_0_int_reg         |  16|   0|   16|          0|
    |ap_return_10_int_reg        |  16|   0|   16|          0|
    |ap_return_11_int_reg        |  16|   0|   16|          0|
    |ap_return_12_int_reg        |  16|   0|   16|          0|
    |ap_return_13_int_reg        |  16|   0|   16|          0|
    |ap_return_14_int_reg        |  16|   0|   16|          0|
    |ap_return_15_int_reg        |  16|   0|   16|          0|
    |ap_return_16_int_reg        |  16|   0|   16|          0|
    |ap_return_17_int_reg        |  16|   0|   16|          0|
    |ap_return_18_int_reg        |  16|   0|   16|          0|
    |ap_return_19_int_reg        |  16|   0|   16|          0|
    |ap_return_1_int_reg         |  16|   0|   16|          0|
    |ap_return_20_int_reg        |  16|   0|   16|          0|
    |ap_return_21_int_reg        |  16|   0|   16|          0|
    |ap_return_22_int_reg        |  16|   0|   16|          0|
    |ap_return_23_int_reg        |  16|   0|   16|          0|
    |ap_return_24_int_reg        |  16|   0|   16|          0|
    |ap_return_25_int_reg        |  16|   0|   16|          0|
    |ap_return_26_int_reg        |  16|   0|   16|          0|
    |ap_return_27_int_reg        |  16|   0|   16|          0|
    |ap_return_28_int_reg        |  16|   0|   16|          0|
    |ap_return_29_int_reg        |  16|   0|   16|          0|
    |ap_return_2_int_reg         |  16|   0|   16|          0|
    |ap_return_30_int_reg        |  16|   0|   16|          0|
    |ap_return_31_int_reg        |  16|   0|   16|          0|
    |ap_return_3_int_reg         |  16|   0|   16|          0|
    |ap_return_4_int_reg         |  16|   0|   16|          0|
    |ap_return_5_int_reg         |  16|   0|   16|          0|
    |ap_return_6_int_reg         |  16|   0|   16|          0|
    |ap_return_7_int_reg         |  16|   0|   16|          0|
    |ap_return_8_int_reg         |  16|   0|   16|          0|
    |ap_return_9_int_reg         |  16|   0|   16|          0|
    |data_3_V_read_7_reg_236836  |  16|   0|   16|          0|
    |data_5_V_read_8_reg_236828  |  16|   0|   16|          0|
    |data_6_V_read_8_reg_236822  |  16|   0|   16|          0|
    |mult_0_V_reg_236845         |  16|   0|   16|          0|
    |mult_100_V_reg_237316       |  16|   0|   16|          0|
    |mult_101_V_reg_237321       |  16|   0|   16|          0|
    |mult_102_V_reg_237326       |  16|   0|   16|          0|
    |mult_103_V_reg_237331       |  16|   0|   16|          0|
    |mult_105_V_reg_237341       |  16|   0|   16|          0|
    |mult_109_V_reg_237351       |  16|   0|   16|          0|
    |mult_10_V_reg_236895        |  16|   0|   16|          0|
    |mult_110_V_reg_237356       |  16|   0|   16|          0|
    |mult_112_V_reg_237366       |  16|   0|   16|          0|
    |mult_114_V_reg_237371       |  16|   0|   16|          0|
    |mult_116_V_reg_237381       |  16|   0|   16|          0|
    |mult_118_V_reg_237386       |  16|   0|   16|          0|
    |mult_11_V_reg_236900        |  16|   0|   16|          0|
    |mult_120_V_reg_237396       |  16|   0|   16|          0|
    |mult_123_V_reg_237411       |  16|   0|   16|          0|
    |mult_124_V_reg_237416       |  16|   0|   16|          0|
    |mult_125_V_reg_237421       |  16|   0|   16|          0|
    |mult_127_V_reg_237431       |  16|   0|   16|          0|
    |mult_128_V_reg_237436       |  16|   0|   16|          0|
    |mult_129_V_reg_237441       |  16|   0|   16|          0|
    |mult_12_V_reg_236905        |  16|   0|   16|          0|
    |mult_130_V_reg_237446       |  16|   0|   16|          0|
    |mult_131_V_reg_237451       |  16|   0|   16|          0|
    |mult_133_V_reg_237461       |  16|   0|   16|          0|
    |mult_135_V_reg_237471       |  16|   0|   16|          0|
    |mult_138_V_reg_237486       |  16|   0|   16|          0|
    |mult_13_V_reg_236910        |  16|   0|   16|          0|
    |mult_140_V_reg_237491       |  16|   0|   16|          0|
    |mult_141_V_reg_237496       |  16|   0|   16|          0|
    |mult_144_V_reg_237511       |  16|   0|   16|          0|
    |mult_145_V_reg_237516       |  16|   0|   16|          0|
    |mult_147_V_reg_237526       |  16|   0|   16|          0|
    |mult_149_V_reg_237531       |  16|   0|   16|          0|
    |mult_14_V_reg_236915        |  16|   0|   16|          0|
    |mult_151_V_reg_237541       |  16|   0|   16|          0|
    |mult_152_V_reg_237546       |  16|   0|   16|          0|
    |mult_153_V_reg_237551       |  16|   0|   16|          0|
    |mult_154_V_reg_237556       |  16|   0|   16|          0|
    |mult_155_V_reg_237561       |  16|   0|   16|          0|
    |mult_157_V_reg_237571       |  16|   0|   16|          0|
    |mult_158_V_reg_237576       |  16|   0|   16|          0|
    |mult_160_V_reg_237586       |  16|   0|   16|          0|
    |mult_161_V_reg_237591       |  16|   0|   16|          0|
    |mult_162_V_reg_237596       |  16|   0|   16|          0|
    |mult_164_V_reg_237606       |  16|   0|   16|          0|
    |mult_165_V_reg_237611       |  16|   0|   16|          0|
    |mult_166_V_reg_237616       |  16|   0|   16|          0|
    |mult_168_V_reg_237626       |  16|   0|   16|          0|
    |mult_169_V_reg_237631       |  16|   0|   16|          0|
    |mult_176_V_reg_237666       |  16|   0|   16|          0|
    |mult_17_V_reg_236925        |  16|   0|   16|          0|
    |mult_182_V_reg_237691       |  16|   0|   16|          0|
    |mult_184_V_reg_237701       |  16|   0|   16|          0|
    |mult_185_V_reg_237706       |  16|   0|   16|          0|
    |mult_188_V_reg_237721       |  16|   0|   16|          0|
    |mult_18_V_reg_236930        |  16|   0|   16|          0|
    |mult_190_V_reg_237731       |  16|   0|   16|          0|
    |mult_192_V_reg_237736       |  16|   0|   16|          0|
    |mult_194_V_reg_237741       |  16|   0|   16|          0|
    |mult_195_V_reg_237746       |  16|   0|   16|          0|
    |mult_197_V_reg_237756       |  16|   0|   16|          0|
    |mult_198_V_reg_237761       |  16|   0|   16|          0|
    |mult_199_V_reg_237766       |  16|   0|   16|          0|
    |mult_201_V_reg_237771       |  16|   0|   16|          0|
    |mult_202_V_reg_237776       |  16|   0|   16|          0|
    |mult_203_V_reg_237781       |  16|   0|   16|          0|
    |mult_204_V_reg_237786       |  16|   0|   16|          0|
    |mult_205_V_reg_237791       |  16|   0|   16|          0|
    |mult_207_V_reg_237801       |  16|   0|   16|          0|
    |mult_208_V_reg_237806       |  16|   0|   16|          0|
    |mult_209_V_reg_237811       |  16|   0|   16|          0|
    |mult_20_V_reg_236940        |  16|   0|   16|          0|
    |mult_211_V_reg_237821       |  16|   0|   16|          0|
    |mult_215_V_reg_237841       |  16|   0|   16|          0|
    |mult_219_V_reg_237861       |  16|   0|   16|          0|
    |mult_221_V_reg_237871       |  16|   0|   16|          0|
    |mult_222_V_reg_237876       |  16|   0|   16|          0|
    |mult_224_V_reg_237886       |  16|   0|   16|          0|
    |mult_225_V_reg_237891       |  16|   0|   16|          0|
    |mult_226_V_reg_237896       |  16|   0|   16|          0|
    |mult_227_V_reg_237901       |  16|   0|   16|          0|
    |mult_229_V_reg_237911       |  16|   0|   16|          0|
    |mult_22_V_reg_236950        |  16|   0|   16|          0|
    |mult_231_V_reg_237921       |  16|   0|   16|          0|
    |mult_232_V_reg_237926       |  16|   0|   16|          0|
    |mult_23_V_reg_236955        |  16|   0|   16|          0|
    |mult_24_V_reg_236960        |  16|   0|   16|          0|
    |mult_25_V_reg_236965        |  16|   0|   16|          0|
    |mult_26_V_reg_236970        |  16|   0|   16|          0|
    |mult_27_V_reg_236975        |  16|   0|   16|          0|
    |mult_29_V_reg_236985        |  16|   0|   16|          0|
    |mult_2_V_reg_236855         |  16|   0|   16|          0|
    |mult_30_V_reg_236990        |  16|   0|   16|          0|
    |mult_31_V_reg_236995        |  16|   0|   16|          0|
    |mult_32_V_reg_237000        |  16|   0|   16|          0|
    |mult_33_V_reg_237005        |  16|   0|   16|          0|
    |mult_35_V_reg_237015        |  16|   0|   16|          0|
    |mult_36_V_reg_237020        |  16|   0|   16|          0|
    |mult_37_V_reg_237025        |  16|   0|   16|          0|
    |mult_38_V_reg_237030        |  16|   0|   16|          0|
    |mult_39_V_reg_237035        |  16|   0|   16|          0|
    |mult_40_V_reg_237040        |  16|   0|   16|          0|
    |mult_44_V_reg_237061        |  16|   0|   16|          0|
    |mult_46_V_reg_237071        |  16|   0|   16|          0|
    |mult_47_V_reg_237076        |  16|   0|   16|          0|
    |mult_50_V_reg_237086        |  16|   0|   16|          0|
    |mult_51_V_reg_237091        |  16|   0|   16|          0|
    |mult_53_V_reg_237096        |  16|   0|   16|          0|
    |mult_55_V_reg_237106        |  16|   0|   16|          0|
    |mult_57_V_reg_237116        |  16|   0|   16|          0|
    |mult_58_V_reg_237121        |  16|   0|   16|          0|
    |mult_62_V_reg_237141        |  16|   0|   16|          0|
    |mult_64_V_reg_237146        |  16|   0|   16|          0|
    |mult_6_V_reg_236875         |  16|   0|   16|          0|
    |mult_70_V_reg_237171        |  16|   0|   16|          0|
    |mult_71_V_reg_237176        |  16|   0|   16|          0|
    |mult_72_V_reg_237181        |  16|   0|   16|          0|
    |mult_73_V_reg_237186        |  16|   0|   16|          0|
    |mult_74_V_reg_237191        |  16|   0|   16|          0|
    |mult_75_V_reg_237196        |  16|   0|   16|          0|
    |mult_78_V_reg_237211        |  16|   0|   16|          0|
    |mult_7_V_reg_236880         |  16|   0|   16|          0|
    |mult_80_V_reg_237221        |  16|   0|   16|          0|
    |mult_81_V_reg_237226        |  16|   0|   16|          0|
    |mult_87_V_reg_237256        |  16|   0|   16|          0|
    |mult_88_V_reg_237261        |  16|   0|   16|          0|
    |mult_89_V_reg_237266        |  16|   0|   16|          0|
    |mult_90_V_reg_237271        |  16|   0|   16|          0|
    |mult_94_V_reg_237291        |  16|   0|   16|          0|
    |mult_95_V_reg_237296        |  16|   0|   16|          0|
    |mult_96_V_reg_237301        |  16|   0|   16|          0|
    |mult_98_V_reg_237306        |  16|   0|   16|          0|
    |mult_99_V_reg_237311        |  16|   0|   16|          0|
    |p_read32_reg_236817         |  16|   0|   16|          0|
    |p_read_10_reg_236707        |  16|   0|   16|          0|
    |p_read_11_reg_236712        |  16|   0|   16|          0|
    |p_read_12_reg_236717        |  16|   0|   16|          0|
    |p_read_13_reg_236722        |  16|   0|   16|          0|
    |p_read_14_reg_236727        |  16|   0|   16|          0|
    |p_read_15_reg_236732        |  16|   0|   16|          0|
    |p_read_16_reg_236737        |  16|   0|   16|          0|
    |p_read_17_reg_236742        |  16|   0|   16|          0|
    |p_read_18_reg_236747        |  16|   0|   16|          0|
    |p_read_19_reg_236752        |  16|   0|   16|          0|
    |p_read_1_reg_236662         |  16|   0|   16|          0|
    |p_read_20_reg_236757        |  16|   0|   16|          0|
    |p_read_21_reg_236762        |  16|   0|   16|          0|
    |p_read_22_reg_236767        |  16|   0|   16|          0|
    |p_read_23_reg_236772        |  16|   0|   16|          0|
    |p_read_24_reg_236777        |  16|   0|   16|          0|
    |p_read_25_reg_236782        |  16|   0|   16|          0|
    |p_read_26_reg_236787        |  16|   0|   16|          0|
    |p_read_27_reg_236792        |  16|   0|   16|          0|
    |p_read_28_reg_236797        |  16|   0|   16|          0|
    |p_read_29_reg_236802        |  16|   0|   16|          0|
    |p_read_2_reg_236667         |  16|   0|   16|          0|
    |p_read_30_reg_236807        |  16|   0|   16|          0|
    |p_read_31_reg_236812        |  16|   0|   16|          0|
    |p_read_3_reg_236672         |  16|   0|   16|          0|
    |p_read_4_reg_236677         |  16|   0|   16|          0|
    |p_read_5_reg_236682         |  16|   0|   16|          0|
    |p_read_6_reg_236687         |  16|   0|   16|          0|
    |p_read_7_reg_236692         |  16|   0|   16|          0|
    |p_read_8_reg_236697         |  16|   0|   16|          0|
    |p_read_9_reg_236702         |  16|   0|   16|          0|
    |tmp_226_reg_236885          |  14|   0|   14|          0|
    |tmp_228_reg_237161          |  12|   0|   12|          0|
    |tmp_229_reg_237476          |  14|   0|   14|          0|
    |tmp_230_reg_237481          |  13|   0|   13|          0|
    |tmp_232_reg_237906          |  12|   0|   12|          0|
    |trunc_ln708_100_reg_237991  |  16|   0|   16|          0|
    |trunc_ln708_101_reg_237996  |  16|   0|   16|          0|
    |trunc_ln708_102_reg_238001  |  16|   0|   16|          0|
    |trunc_ln708_103_reg_238006  |  16|   0|   16|          0|
    |trunc_ln708_104_reg_238011  |  16|   0|   16|          0|
    |trunc_ln708_105_reg_238016  |  16|   0|   16|          0|
    |trunc_ln708_106_reg_238021  |  16|   0|   16|          0|
    |trunc_ln708_107_reg_237581  |  15|   0|   15|          0|
    |trunc_ln708_108_reg_237601  |  12|   0|   12|          0|
    |trunc_ln708_109_reg_237621  |  14|   0|   14|          0|
    |trunc_ln708_110_reg_237636  |  15|   0|   15|          0|
    |trunc_ln708_111_reg_237641  |  15|   0|   15|          0|
    |trunc_ln708_112_reg_237646  |  15|   0|   15|          0|
    |trunc_ln708_113_reg_237651  |  15|   0|   15|          0|
    |trunc_ln708_114_reg_237656  |  14|   0|   14|          0|
    |trunc_ln708_115_reg_237661  |  13|   0|   13|          0|
    |trunc_ln708_116_reg_237671  |  15|   0|   15|          0|
    |trunc_ln708_117_reg_237676  |  15|   0|   15|          0|
    |trunc_ln708_119_reg_237681  |  15|   0|   15|          0|
    |trunc_ln708_120_reg_237686  |  11|   0|   11|          0|
    |trunc_ln708_121_reg_237696  |  11|   0|   11|          0|
    |trunc_ln708_122_reg_237711  |  13|   0|   13|          0|
    |trunc_ln708_123_reg_237716  |  15|   0|   15|          0|
    |trunc_ln708_124_reg_237726  |  14|   0|   14|          0|
    |trunc_ln708_127_reg_237751  |  14|   0|   14|          0|
    |trunc_ln708_128_reg_237796  |  12|   0|   12|          0|
    |trunc_ln708_129_reg_237816  |  15|   0|   15|          0|
    |trunc_ln708_130_reg_237826  |  15|   0|   15|          0|
    |trunc_ln708_131_reg_237831  |  15|   0|   15|          0|
    |trunc_ln708_132_reg_237836  |  15|   0|   15|          0|
    |trunc_ln708_133_reg_237846  |  10|   0|   10|          0|
    |trunc_ln708_134_reg_237851  |  15|   0|   15|          0|
    |trunc_ln708_135_reg_237856  |  13|   0|   13|          0|
    |trunc_ln708_136_reg_237866  |  14|   0|   14|          0|
    |trunc_ln708_137_reg_237881  |  15|   0|   15|          0|
    |trunc_ln708_138_reg_237916  |  13|   0|   13|          0|
    |trunc_ln708_139_reg_237931  |  15|   0|   15|          0|
    |trunc_ln708_140_reg_237936  |  13|   0|   13|          0|
    |trunc_ln708_141_reg_237946  |  14|   0|   14|          0|
    |trunc_ln708_142_reg_237956  |  14|   0|   14|          0|
    |trunc_ln708_144_reg_237981  |  15|   0|   15|          0|
    |trunc_ln708_145_reg_238026  |  15|   0|   15|          0|
    |trunc_ln708_146_reg_238031  |   6|   0|    6|          0|
    |trunc_ln708_147_reg_238036  |  14|   0|   14|          0|
    |trunc_ln708_39_reg_236865   |  15|   0|   15|          0|
    |trunc_ln708_40_reg_236870   |  14|   0|   14|          0|
    |trunc_ln708_41_reg_236890   |  14|   0|   14|          0|
    |trunc_ln708_42_reg_236920   |  13|   0|   13|          0|
    |trunc_ln708_43_reg_236935   |  15|   0|   15|          0|
    |trunc_ln708_44_reg_236945   |  12|   0|   12|          0|
    |trunc_ln708_45_reg_236980   |   9|   0|    9|          0|
    |trunc_ln708_46_reg_237010   |  14|   0|   14|          0|
    |trunc_ln708_47_reg_237045   |  13|   0|   13|          0|
    |trunc_ln708_48_reg_237051   |   9|   0|    9|          0|
    |trunc_ln708_49_reg_237056   |  15|   0|   15|          0|
    |trunc_ln708_50_reg_237066   |  15|   0|   15|          0|
    |trunc_ln708_52_reg_237081   |  13|   0|   13|          0|
    |trunc_ln708_53_reg_237101   |  14|   0|   14|          0|
    |trunc_ln708_54_reg_237111   |  14|   0|   14|          0|
    |trunc_ln708_55_reg_237126   |  11|   0|   11|          0|
    |trunc_ln708_56_reg_237131   |  13|   0|   13|          0|
    |trunc_ln708_57_reg_237136   |  10|   0|   10|          0|
    |trunc_ln708_59_reg_237151   |  11|   0|   11|          0|
    |trunc_ln708_60_reg_237156   |  15|   0|   15|          0|
    |trunc_ln708_61_reg_237166   |  15|   0|   15|          0|
    |trunc_ln708_62_reg_237201   |  15|   0|   15|          0|
    |trunc_ln708_63_reg_237206   |  15|   0|   15|          0|
    |trunc_ln708_64_reg_237216   |  14|   0|   14|          0|
    |trunc_ln708_65_reg_237231   |  15|   0|   15|          0|
    |trunc_ln708_66_reg_237236   |  15|   0|   15|          0|
    |trunc_ln708_67_reg_237241   |  15|   0|   15|          0|
    |trunc_ln708_68_reg_237246   |  14|   0|   14|          0|
    |trunc_ln708_69_reg_237251   |  14|   0|   14|          0|
    |trunc_ln708_70_reg_237276   |  15|   0|   15|          0|
    |trunc_ln708_71_reg_237281   |  14|   0|   14|          0|
    |trunc_ln708_72_reg_237286   |  15|   0|   15|          0|
    |trunc_ln708_74_reg_237336   |  15|   0|   15|          0|
    |trunc_ln708_77_reg_237346   |  14|   0|   14|          0|
    |trunc_ln708_78_reg_237361   |  14|   0|   14|          0|
    |trunc_ln708_79_reg_237376   |  15|   0|   15|          0|
    |trunc_ln708_81_reg_237391   |  14|   0|   14|          0|
    |trunc_ln708_82_reg_237401   |  15|   0|   15|          0|
    |trunc_ln708_83_reg_237406   |  14|   0|   14|          0|
    |trunc_ln708_84_reg_237426   |  15|   0|   15|          0|
    |trunc_ln708_85_reg_237456   |  15|   0|   15|          0|
    |trunc_ln708_86_reg_237466   |  15|   0|   15|          0|
    |trunc_ln708_88_reg_237501   |  14|   0|   14|          0|
    |trunc_ln708_89_reg_237941   |  16|   0|   16|          0|
    |trunc_ln708_90_reg_237506   |  15|   0|   15|          0|
    |trunc_ln708_91_reg_237951   |  16|   0|   16|          0|
    |trunc_ln708_92_reg_237521   |  15|   0|   15|          0|
    |trunc_ln708_93_reg_237961   |  16|   0|   16|          0|
    |trunc_ln708_94_reg_237536   |  13|   0|   13|          0|
    |trunc_ln708_95_reg_237966   |  16|   0|   16|          0|
    |trunc_ln708_96_reg_237971   |  16|   0|   16|          0|
    |trunc_ln708_97_reg_237976   |  16|   0|   16|          0|
    |trunc_ln708_98_reg_237566   |  15|   0|   15|          0|
    |trunc_ln708_99_reg_237986   |  16|   0|   16|          0|
    |trunc_ln708_s_reg_236860    |  15|   0|   15|          0|
    |trunc_ln_reg_236850         |  13|   0|   13|          0|
    +----------------------------+----+----+-----+-----------+
    |Total                       |4752|   0| 4752|          0|
    +----------------------------+----+----+-----+-----------+



================================================================
== Interface
================================================================
* Summary: 
+---------------+-----+-----+------------+------------------------+--------------+
|   RTL Ports   | Dir | Bits|  Protocol  |      Source Object     |    C Type    |
+---------------+-----+-----+------------+------------------------+--------------+
|ap_clk         |  in |    1| ap_ctrl_hs | dense_simple.0.0.0.0.1 | return value |
|ap_rst         |  in |    1| ap_ctrl_hs | dense_simple.0.0.0.0.1 | return value |
|ap_return_0    | out |   16| ap_ctrl_hs | dense_simple.0.0.0.0.1 | return value |
|ap_return_1    | out |   16| ap_ctrl_hs | dense_simple.0.0.0.0.1 | return value |
|ap_return_2    | out |   16| ap_ctrl_hs | dense_simple.0.0.0.0.1 | return value |
|ap_return_3    | out |   16| ap_ctrl_hs | dense_simple.0.0.0.0.1 | return value |
|ap_return_4    | out |   16| ap_ctrl_hs | dense_simple.0.0.0.0.1 | return value |
|ap_return_5    | out |   16| ap_ctrl_hs | dense_simple.0.0.0.0.1 | return value |
|ap_return_6    | out |   16| ap_ctrl_hs | dense_simple.0.0.0.0.1 | return value |
|ap_return_7    | out |   16| ap_ctrl_hs | dense_simple.0.0.0.0.1 | return value |
|ap_return_8    | out |   16| ap_ctrl_hs | dense_simple.0.0.0.0.1 | return value |
|ap_return_9    | out |   16| ap_ctrl_hs | dense_simple.0.0.0.0.1 | return value |
|ap_return_10   | out |   16| ap_ctrl_hs | dense_simple.0.0.0.0.1 | return value |
|ap_return_11   | out |   16| ap_ctrl_hs | dense_simple.0.0.0.0.1 | return value |
|ap_return_12   | out |   16| ap_ctrl_hs | dense_simple.0.0.0.0.1 | return value |
|ap_return_13   | out |   16| ap_ctrl_hs | dense_simple.0.0.0.0.1 | return value |
|ap_return_14   | out |   16| ap_ctrl_hs | dense_simple.0.0.0.0.1 | return value |
|ap_return_15   | out |   16| ap_ctrl_hs | dense_simple.0.0.0.0.1 | return value |
|ap_return_16   | out |   16| ap_ctrl_hs | dense_simple.0.0.0.0.1 | return value |
|ap_return_17   | out |   16| ap_ctrl_hs | dense_simple.0.0.0.0.1 | return value |
|ap_return_18   | out |   16| ap_ctrl_hs | dense_simple.0.0.0.0.1 | return value |
|ap_return_19   | out |   16| ap_ctrl_hs | dense_simple.0.0.0.0.1 | return value |
|ap_return_20   | out |   16| ap_ctrl_hs | dense_simple.0.0.0.0.1 | return value |
|ap_return_21   | out |   16| ap_ctrl_hs | dense_simple.0.0.0.0.1 | return value |
|ap_return_22   | out |   16| ap_ctrl_hs | dense_simple.0.0.0.0.1 | return value |
|ap_return_23   | out |   16| ap_ctrl_hs | dense_simple.0.0.0.0.1 | return value |
|ap_return_24   | out |   16| ap_ctrl_hs | dense_simple.0.0.0.0.1 | return value |
|ap_return_25   | out |   16| ap_ctrl_hs | dense_simple.0.0.0.0.1 | return value |
|ap_return_26   | out |   16| ap_ctrl_hs | dense_simple.0.0.0.0.1 | return value |
|ap_return_27   | out |   16| ap_ctrl_hs | dense_simple.0.0.0.0.1 | return value |
|ap_return_28   | out |   16| ap_ctrl_hs | dense_simple.0.0.0.0.1 | return value |
|ap_return_29   | out |   16| ap_ctrl_hs | dense_simple.0.0.0.0.1 | return value |
|ap_return_30   | out |   16| ap_ctrl_hs | dense_simple.0.0.0.0.1 | return value |
|ap_return_31   | out |   16| ap_ctrl_hs | dense_simple.0.0.0.0.1 | return value |
|ap_ce          |  in |    1| ap_ctrl_hs | dense_simple.0.0.0.0.1 | return value |
|data_0_V_read  |  in |   16|   ap_none  |      data_0_V_read     |    scalar    |
|data_1_V_read  |  in |   16|   ap_none  |      data_1_V_read     |    scalar    |
|data_2_V_read  |  in |   16|   ap_none  |      data_2_V_read     |    scalar    |
|data_3_V_read  |  in |   16|   ap_none  |      data_3_V_read     |    scalar    |
|data_4_V_read  |  in |   16|   ap_none  |      data_4_V_read     |    scalar    |
|data_5_V_read  |  in |   16|   ap_none  |      data_5_V_read     |    scalar    |
|data_6_V_read  |  in |   16|   ap_none  |      data_6_V_read     |    scalar    |
|data_7_V_read  |  in |   16|   ap_none  |      data_7_V_read     |    scalar    |
|p_read         |  in |   16|   ap_none  |         p_read         |    scalar    |
|p_read1        |  in |   16|   ap_none  |         p_read1        |    scalar    |
|p_read2        |  in |   16|   ap_none  |         p_read2        |    scalar    |
|p_read3        |  in |   16|   ap_none  |         p_read3        |    scalar    |
|p_read4        |  in |   16|   ap_none  |         p_read4        |    scalar    |
|p_read5        |  in |   16|   ap_none  |         p_read5        |    scalar    |
|p_read6        |  in |   16|   ap_none  |         p_read6        |    scalar    |
|p_read7        |  in |   16|   ap_none  |         p_read7        |    scalar    |
|p_read8        |  in |   16|   ap_none  |         p_read8        |    scalar    |
|p_read9        |  in |   16|   ap_none  |         p_read9        |    scalar    |
|p_read10       |  in |   16|   ap_none  |        p_read10        |    scalar    |
|p_read11       |  in |   16|   ap_none  |        p_read11        |    scalar    |
|p_read12       |  in |   16|   ap_none  |        p_read12        |    scalar    |
|p_read13       |  in |   16|   ap_none  |        p_read13        |    scalar    |
|p_read14       |  in |   16|   ap_none  |        p_read14        |    scalar    |
|p_read15       |  in |   16|   ap_none  |        p_read15        |    scalar    |
|p_read16       |  in |   16|   ap_none  |        p_read16        |    scalar    |
|p_read17       |  in |   16|   ap_none  |        p_read17        |    scalar    |
|p_read18       |  in |   16|   ap_none  |        p_read18        |    scalar    |
|p_read19       |  in |   16|   ap_none  |        p_read19        |    scalar    |
|p_read20       |  in |   16|   ap_none  |        p_read20        |    scalar    |
|p_read21       |  in |   16|   ap_none  |        p_read21        |    scalar    |
|p_read22       |  in |   16|   ap_none  |        p_read22        |    scalar    |
|p_read23       |  in |   16|   ap_none  |        p_read23        |    scalar    |
|p_read24       |  in |   16|   ap_none  |        p_read24        |    scalar    |
|p_read25       |  in |   16|   ap_none  |        p_read25        |    scalar    |
|p_read26       |  in |   16|   ap_none  |        p_read26        |    scalar    |
|p_read27       |  in |   16|   ap_none  |        p_read27        |    scalar    |
|p_read28       |  in |   16|   ap_none  |        p_read28        |    scalar    |
|p_read29       |  in |   16|   ap_none  |        p_read29        |    scalar    |
|p_read30       |  in |   16|   ap_none  |        p_read30        |    scalar    |
|p_read31       |  in |   16|   ap_none  |        p_read31        |    scalar    |
+---------------+-----+-----+------------+------------------------+--------------+

