

================================================================
== Vivado HLS Report for 'dense_simple_0_0_0_0_1'
================================================================
* Date:           Mon Aug 30 22:35:59 2021

* Version:        2019.2 (Build 2704478 on Wed Nov 06 22:10:23 MST 2019)
* Project:        myproject_prj
* Solution:       solution1
* Product family: kintexu
* Target device:  xcku115-flvb2104-2-i


================================================================
== Performance Estimates
================================================================
+ Timing: 
    * Summary: 
    +--------+---------+----------+------------+
    |  Clock |  Target | Estimated| Uncertainty|
    +--------+---------+----------+------------+
    |ap_clk  | 5.00 ns | 3.850 ns |   0.62 ns  |
    +--------+---------+----------+------------+

+ Latency: 
    * Summary: 
    +---------+---------+----------+----------+-----+-----+----------+
    |  Latency (cycles) |  Latency (absolute) |  Interval | Pipeline |
    |   min   |   max   |    min   |    max   | min | max |   Type   |
    +---------+---------+----------+----------+-----+-----+----------+
    |        1|        1| 5.000 ns | 5.000 ns |    1|    1| function |
    +---------+---------+----------+----------+-----+-----+----------+

    + Detail: 
        * Instance: 
        N/A

        * Loop: 
        N/A



================================================================
== Utilization Estimates
================================================================
* Summary: 
+---------------------+---------+-------+---------+--------+-----+
|         Name        | BRAM_18K| DSP48E|    FF   |   LUT  | URAM|
+---------------------+---------+-------+---------+--------+-----+
|DSP                  |        -|      -|        -|       -|    -|
|Expression           |        -|    230|        0|    6329|    -|
|FIFO                 |        -|      -|        -|       -|    -|
|Instance             |        -|      -|        -|       -|    -|
|Memory               |        -|      -|        -|       -|    -|
|Multiplexer          |        -|      -|        -|     288|    -|
|Register             |        -|      -|     4880|       -|    -|
+---------------------+---------+-------+---------+--------+-----+
|Total                |        0|    230|     4880|    6617|    0|
+---------------------+---------+-------+---------+--------+-----+
|Available SLR        |     2160|   2760|   663360|  331680|    0|
+---------------------+---------+-------+---------+--------+-----+
|Utilization SLR (%)  |        0|      8|    ~0   |       1|  100|
+---------------------+---------+-------+---------+--------+-----+
|Available            |     4320|   5520|  1326720|  663360|    0|
+---------------------+---------+-------+---------+--------+-----+
|Utilization (%)      |        0|      4|    ~0   |   ~0   |    0|
+---------------------+---------+-------+---------+--------+-----+

+ Detail: 
    * Instance: 
    N/A

    * DSP48E: 
    N/A

    * Memory: 
    N/A

    * FIFO: 
    N/A

    * Expression: 
    +----------------------------+----------+-------+---+----+------------+------------+
    |        Variable Name       | Operation| DSP48E| FF| LUT| Bitwidth P0| Bitwidth P1|
    +----------------------------+----------+-------+---+----+------------+------------+
    |mul_ln1118_100_fu_921_p2    |     *    |      1|  0|   4|          16|          10|
    |mul_ln1118_101_fu_1073_p2   |     *    |      1|  0|   4|          16|          10|
    |mul_ln1118_102_fu_1102_p2   |     *    |      1|  0|   4|          16|          12|
    |mul_ln1118_103_fu_1036_p2   |     *    |      1|  0|   4|          16|          10|
    |mul_ln1118_104_fu_946_p2    |     *    |      1|  0|   4|          16|           9|
    |mul_ln1118_105_fu_1087_p2   |     *    |      1|  0|   4|          16|          12|
    |mul_ln1118_106_fu_896_p2    |     *    |      1|  0|   4|          16|          11|
    |mul_ln1118_107_fu_1042_p2   |     *    |      1|  0|   4|          16|          10|
    |mul_ln1118_108_fu_922_p2    |     *    |      1|  0|   4|          16|           8|
    |mul_ln1118_109_fu_1044_p2   |     *    |      1|  0|   4|          16|          11|
    |mul_ln1118_110_fu_894_p2    |     *    |      1|  0|   4|          16|           9|
    |mul_ln1118_111_fu_978_p2    |     *    |      1|  0|   4|          16|          12|
    |mul_ln1118_112_fu_858_p2    |     *    |      1|  0|   4|          16|          10|
    |mul_ln1118_113_fu_986_p2    |     *    |      1|  0|   4|          16|           9|
    |mul_ln1118_114_fu_961_p2    |     *    |      1|  0|   4|          16|          10|
    |mul_ln1118_115_fu_868_p2    |     *    |      1|  0|   4|          16|          10|
    |mul_ln1118_116_fu_911_p2    |     *    |      1|  0|   4|          16|          10|
    |mul_ln1118_117_fu_980_p2    |     *    |      1|  0|   4|          16|          10|
    |mul_ln1118_118_fu_1020_p2   |     *    |      1|  0|   4|          16|          11|
    |mul_ln1118_119_fu_995_p2    |     *    |      1|  0|   4|          16|          12|
    |mul_ln1118_120_fu_1075_p2   |     *    |      1|  0|   4|          16|           9|
    |mul_ln1118_121_fu_1008_p2   |     *    |      1|  0|   4|          16|          11|
    |mul_ln1118_122_fu_873_p2    |     *    |      1|  0|   4|          16|          10|
    |mul_ln1118_123_fu_1010_p2   |     *    |      1|  0|   4|          16|           9|
    |mul_ln1118_124_fu_943_p2    |     *    |      1|  0|   4|          16|          12|
    |mul_ln1118_125_fu_944_p2    |     *    |      1|  0|   4|          16|          11|
    |mul_ln1118_126_fu_968_p2    |     *    |      1|  0|   4|          16|          10|
    |mul_ln1118_127_fu_1026_p2   |     *    |      1|  0|   4|          16|          12|
    |mul_ln1118_128_fu_940_p2    |     *    |      1|  0|   4|          16|          13|
    |mul_ln1118_129_fu_983_p2    |     *    |      1|  0|   4|          16|           7|
    |mul_ln1118_130_fu_883_p2    |     *    |      1|  0|   4|          16|          10|
    |mul_ln1118_131_fu_1090_p2   |     *    |      1|  0|   4|          16|           8|
    |mul_ln1118_132_fu_964_p2    |     *    |      1|  0|   4|          16|           8|
    |mul_ln1118_133_fu_939_p2    |     *    |      1|  0|   4|          16|          12|
    |mul_ln1118_134_fu_1094_p2   |     *    |      1|  0|   4|          16|           9|
    |mul_ln1118_135_fu_906_p2    |     *    |      1|  0|   4|          16|          12|
    |mul_ln1118_136_fu_1096_p2   |     *    |      1|  0|   4|          16|          10|
    |mul_ln1118_137_fu_1029_p2   |     *    |      1|  0|   4|          16|           8|
    |mul_ln1118_138_fu_909_p2    |     *    |      1|  0|   4|          16|          11|
    |mul_ln1118_139_fu_1031_p2   |     *    |      1|  0|   4|          16|           8|
    |mul_ln1118_140_fu_1002_p2   |     *    |      1|  0|   4|          16|          11|
    |mul_ln1118_141_fu_904_p2    |     *    |      1|  0|   4|          16|          10|
    |mul_ln1118_142_fu_1007_p2   |     *    |      1|  0|   4|          16|           9|
    |mul_ln1118_143_fu_924_p2    |     *    |      1|  0|   4|          16|          12|
    |mul_ln1118_144_fu_957_p2    |     *    |      1|  0|   4|          16|           8|
    |mul_ln1118_145_fu_897_p2    |     *    |      1|  0|   4|          16|           9|
    |mul_ln1118_146_fu_973_p2    |     *    |      1|  0|   4|          16|          10|
    |mul_ln1118_147_fu_941_p2    |     *    |      1|  0|   4|          16|           9|
    |mul_ln1118_148_fu_992_p2    |     *    |      1|  0|   4|          16|          11|
    |mul_ln1118_149_fu_1061_p2   |     *    |      1|  0|   4|          16|          10|
    |mul_ln1118_150_fu_994_p2    |     *    |      1|  0|   4|          16|          13|
    |mul_ln1118_151_fu_1063_p2   |     *    |      1|  0|   4|          16|          10|
    |mul_ln1118_152_fu_996_p2    |     *    |      1|  0|   4|          16|          12|
    |mul_ln1118_153_fu_1065_p2   |     *    |      1|  0|   4|          16|           8|
    |mul_ln1118_154_fu_972_p2    |     *    |      1|  0|   4|          16|           8|
    |mul_ln1118_155_fu_984_p2    |     *    |      1|  0|   4|          16|           7|
    |mul_ln1118_156_fu_1013_p2   |     *    |      1|  0|   4|          16|           7|
    |mul_ln1118_157_fu_988_p2    |     *    |      1|  0|   4|          16|           9|
    |mul_ln1118_158_fu_963_p2    |     *    |      1|  0|   4|          16|          13|
    |mul_ln1118_159_fu_1108_p2   |     *    |      1|  0|   4|          16|          10|
    |mul_ln1118_160_fu_982_p2    |     *    |      1|  0|   4|          16|          11|
    |mul_ln1118_161_fu_856_p2    |     *    |      1|  0|   4|          16|          10|
    |mul_ln1118_162_fu_1049_p2   |     *    |      1|  0|   4|          16|          10|
    |mul_ln1118_163_fu_959_p2    |     *    |      1|  0|   4|          16|          12|
    |mul_ln1118_164_fu_892_p2    |     *    |      1|  0|   4|          16|           9|
    |mul_ln1118_165_fu_893_p2    |     *    |      1|  0|   4|          16|          10|
    |mul_ln1118_166_fu_962_p2    |     *    |      1|  0|   4|          16|          11|
    |mul_ln1118_167_fu_880_p2    |     *    |      1|  0|   4|          16|          10|
    |mul_ln1118_168_fu_1103_p2   |     *    |      1|  0|   4|          16|           9|
    |mul_ln1118_169_fu_949_p2    |     *    |      1|  0|   4|          16|           9|
    |mul_ln1118_170_fu_890_p2    |     *    |      1|  0|   4|          16|          12|
    |mul_ln1118_171_fu_899_p2    |     *    |      1|  0|   4|          16|          10|
    |mul_ln1118_172_fu_1005_p2   |     *    |      1|  0|   4|          16|          10|
    |mul_ln1118_173_fu_951_p2    |     *    |      1|  0|   4|          16|          11|
    |mul_ln1118_174_fu_926_p2    |     *    |      1|  0|   4|          16|          10|
    |mul_ln1118_175_fu_966_p2    |     *    |      1|  0|   4|          16|          11|
    |mul_ln1118_176_fu_1045_p2   |     *    |      1|  0|   4|          16|          11|
    |mul_ln1118_177_fu_857_p2    |     *    |      1|  0|   4|          16|          12|
    |mul_ln1118_178_fu_1070_p2   |     *    |      1|  0|   4|          16|          10|
    |mul_ln1118_179_fu_950_p2    |     *    |      1|  0|   4|          16|           8|
    |mul_ln1118_180_fu_1110_p2   |     *    |      1|  0|   4|          16|           9|
    |mul_ln1118_181_fu_861_p2    |     *    |      1|  0|   4|          16|          10|
    |mul_ln1118_182_fu_862_p2    |     *    |      1|  0|   4|          16|           6|
    |mul_ln1118_183_fu_887_p2    |     *    |      1|  0|   4|          16|          10|
    |mul_ln1118_184_fu_903_p2    |     *    |      1|  0|   4|          16|           9|
    |mul_ln1118_185_fu_885_p2    |     *    |      1|  0|   4|          16|          10|
    |mul_ln1118_186_fu_985_p2    |     *    |      1|  0|   4|          16|           9|
    |mul_ln1118_187_fu_859_p2    |     *    |      1|  0|   4|          16|           8|
    |mul_ln1118_188_fu_935_p2    |     *    |      1|  0|   4|          16|           6|
    |mul_ln1118_189_fu_975_p2    |     *    |      1|  0|   4|          16|           9|
    |mul_ln1118_190_fu_1011_p2   |     *    |      1|  0|   4|          16|          12|
    |mul_ln1118_191_fu_1012_p2   |     *    |      1|  0|   4|          16|           7|
    |mul_ln1118_192_fu_1055_p2   |     *    |      1|  0|   4|          16|           9|
    |mul_ln1118_193_fu_931_p2    |     *    |      1|  0|   4|          16|           7|
    |mul_ln1118_194_fu_1015_p2   |     *    |      1|  0|   4|          16|          11|
    |mul_ln1118_195_fu_1084_p2   |     *    |      1|  0|   4|          16|           8|
    |mul_ln1118_196_fu_1000_p2   |     *    |      1|  0|   4|          16|           7|
    |mul_ln1118_197_fu_866_p2    |     *    |      1|  0|   4|          16|          10|
    |mul_ln1118_198_fu_936_p2    |     *    |      1|  0|   4|          16|          12|
    |mul_ln1118_199_fu_877_p2    |     *    |      1|  0|   4|          16|          11|
    |mul_ln1118_200_fu_987_p2    |     *    |      1|  0|   4|          16|          11|
    |mul_ln1118_201_fu_969_p2    |     *    |      1|  0|   4|          16|           8|
    |mul_ln1118_202_fu_1074_p2   |     *    |      1|  0|   4|          16|          10|
    |mul_ln1118_203_fu_1097_p2   |     *    |      1|  0|   4|          16|           9|
    |mul_ln1118_204_fu_1098_p2   |     *    |      1|  0|   4|          16|           9|
    |mul_ln1118_205_fu_910_p2    |     *    |      1|  0|   4|          16|           8|
    |mul_ln1118_206_fu_1085_p2   |     *    |      1|  0|   4|          16|           9|
    |mul_ln1118_207_fu_1009_p2   |     *    |      1|  0|   4|          16|          11|
    |mul_ln1118_208_fu_913_p2    |     *    |      1|  0|   4|          16|           9|
    |mul_ln1118_209_fu_1046_p2   |     *    |      1|  0|   4|          16|          10|
    |mul_ln1118_210_fu_965_p2    |     *    |      1|  0|   4|          16|           9|
    |mul_ln1118_211_fu_1001_p2   |     *    |      1|  0|   4|          16|          11|
    |mul_ln1118_212_fu_1051_p2   |     *    |      1|  0|   4|          16|           7|
    |mul_ln1118_213_fu_917_p2    |     *    |      1|  0|   4|          16|           9|
    |mul_ln1118_214_fu_902_p2    |     *    |      1|  0|   4|          16|          10|
    |mul_ln1118_215_fu_1043_p2   |     *    |      1|  0|   4|          16|          11|
    |mul_ln1118_216_fu_888_p2    |     *    |      1|  0|   4|          16|          10|
    |mul_ln1118_217_fu_1101_p2   |     *    |      1|  0|   4|          16|          11|
    |mul_ln1118_218_fu_1064_p2   |     *    |      1|  0|   4|          16|           9|
    |mul_ln1118_219_fu_1035_p2   |     *    |      1|  0|   4|          16|           9|
    |mul_ln1118_220_fu_1066_p2   |     *    |      1|  0|   4|          16|          11|
    |mul_ln1118_221_fu_1067_p2   |     *    |      1|  0|   4|          16|          11|
    |mul_ln1118_222_fu_1068_p2   |     *    |      1|  0|   4|          16|           9|
    |mul_ln1118_223_fu_1069_p2   |     *    |      1|  0|   4|          16|          10|
    |mul_ln1118_224_fu_1032_p2   |     *    |      1|  0|   4|          16|          11|
    |mul_ln1118_225_fu_1041_p2   |     *    |      1|  0|   4|          16|           8|
    |mul_ln1118_226_fu_1016_p2   |     *    |      1|  0|   4|          16|           8|
    |mul_ln1118_227_fu_1059_p2   |     *    |      1|  0|   4|          16|           7|
    |mul_ln1118_228_fu_1077_p2   |     *    |      1|  0|   4|          16|           8|
    |mul_ln1118_229_fu_886_p2    |     *    |      1|  0|   4|          16|           7|
    |mul_ln1118_230_fu_1027_p2   |     *    |      1|  0|   4|          16|           9|
    |mul_ln1118_231_fu_1082_p2   |     *    |      1|  0|   4|          16|          12|
    |mul_ln1118_232_fu_1083_p2   |     *    |      1|  0|   4|          16|           7|
    |mul_ln1118_233_fu_1107_p2   |     *    |      1|  0|   4|          16|          11|
    |mul_ln1118_234_fu_934_p2    |     *    |      1|  0|   4|          16|          10|
    |mul_ln1118_235_fu_1033_p2   |     *    |      1|  0|   4|          16|           9|
    |mul_ln1118_236_fu_1034_p2   |     *    |      1|  0|   4|          16|           9|
    |mul_ln1118_237_fu_967_p2    |     *    |      1|  0|   4|          16|          13|
    |mul_ln1118_238_fu_875_p2    |     *    |      1|  0|   4|          16|           9|
    |mul_ln1118_239_fu_918_p2    |     *    |      1|  0|   4|          16|          11|
    |mul_ln1118_240_fu_927_p2    |     *    |      1|  0|   4|          16|           8|
    |mul_ln1118_241_fu_997_p2    |     *    |      1|  0|   4|          16|          12|
    |mul_ln1118_242_fu_956_p2    |     *    |      1|  0|   4|          16|           8|
    |mul_ln1118_243_fu_895_p2    |     *    |      1|  0|   4|          16|          10|
    |mul_ln1118_244_fu_971_p2    |     *    |      1|  0|   4|          16|          10|
    |mul_ln1118_245_fu_1048_p2   |     *    |      1|  0|   4|          16|          10|
    |mul_ln1118_246_fu_860_p2    |     *    |      1|  0|   4|          16|           9|
    |mul_ln1118_247_fu_1050_p2   |     *    |      1|  0|   4|          16|          12|
    |mul_ln1118_248_fu_930_p2    |     *    |      1|  0|   4|          16|          13|
    |mul_ln1118_249_fu_863_p2    |     *    |      1|  0|   4|          16|          11|
    |mul_ln1118_250_fu_864_p2    |     *    |      1|  0|   4|          16|           9|
    |mul_ln1118_251_fu_933_p2    |     *    |      1|  0|   4|          16|          10|
    |mul_ln1118_252_fu_915_p2    |     *    |      1|  0|   4|          16|          10|
    |mul_ln1118_253_fu_958_p2    |     *    |      1|  0|   4|          16|          10|
    |mul_ln1118_254_fu_865_p2    |     *    |      1|  0|   4|          16|          12|
    |mul_ln1118_255_fu_874_p2    |     *    |      1|  0|   4|          16|          10|
    |mul_ln1118_256_fu_1095_p2   |     *    |      1|  0|   4|          16|          10|
    |mul_ln1118_257_fu_1099_p2   |     *    |      1|  0|   4|          16|          11|
    |mul_ln1118_258_fu_1081_p2   |     *    |      1|  0|   4|          16|           9|
    |mul_ln1118_259_fu_1014_p2   |     *    |      1|  0|   4|          16|          10|
    |mul_ln1118_260_fu_947_p2    |     *    |      1|  0|   4|          16|           9|
    |mul_ln1118_261_fu_948_p2    |     *    |      1|  0|   4|          16|           9|
    |mul_ln1118_262_fu_1017_p2   |     *    |      1|  0|   4|          16|          11|
    |mul_ln1118_263_fu_1018_p2   |     *    |      1|  0|   4|          16|          12|
    |mul_ln1118_264_fu_989_p2    |     *    |      1|  0|   4|          16|           8|
    |mul_ln1118_265_fu_952_p2    |     *    |      1|  0|   4|          16|          10|
    |mul_ln1118_266_fu_1091_p2   |     *    |      1|  0|   4|          16|          11|
    |mul_ln1118_267_fu_937_p2    |     *    |      1|  0|   4|          16|          11|
    |mul_ln1118_268_fu_871_p2    |     *    |      1|  0|   4|          16|          11|
    |mul_ln1118_269_fu_1086_p2   |     *    |      1|  0|   4|          16|           9|
    |mul_ln1118_270_fu_1039_p2   |     *    |      1|  0|   4|          16|          11|
    |mul_ln1118_271_fu_1079_p2   |     *    |      1|  0|   4|          16|          12|
    |mul_ln1118_272_fu_1100_p2   |     *    |      1|  0|   4|          16|          10|
    |mul_ln1118_273_fu_912_p2    |     *    |      1|  0|   4|          16|          11|
    |mul_ln1118_274_fu_898_p2    |     *    |      1|  0|   4|          16|          11|
    |mul_ln1118_275_fu_914_p2    |     *    |      1|  0|   4|          16|           8|
    |mul_ln1118_276_fu_1104_p2   |     *    |      1|  0|   4|          16|          11|
    |mul_ln1118_277_fu_916_p2    |     *    |      1|  0|   4|          16|          10|
    |mul_ln1118_278_fu_1038_p2   |     *    |      1|  0|   4|          16|          10|
    |mul_ln1118_279_fu_1088_p2   |     *    |      1|  0|   4|          16|          12|
    |mul_ln1118_280_fu_900_p2    |     *    |      1|  0|   4|          16|          11|
    |mul_ln1118_281_fu_889_p2    |     *    |      1|  0|   4|          16|           7|
    |mul_ln1118_282_fu_979_p2    |     *    |      1|  0|   4|          16|          11|
    |mul_ln1118_283_fu_907_p2    |     *    |      1|  0|   4|          16|          10|
    |mul_ln1118_284_fu_882_p2    |     *    |      1|  0|   4|          16|          11|
    |mul_ln1118_285_fu_1023_p2   |     *    |      1|  0|   4|          16|          11|
    |mul_ln1118_286_fu_998_p2    |     *    |      1|  0|   4|          16|           7|
    |mul_ln1118_287_fu_999_p2    |     *    |      1|  0|   4|          16|          10|
    |mul_ln1118_288_fu_932_p2    |     *    |      1|  0|   4|          16|          10|
    |mul_ln1118_289_fu_1054_p2   |     *    |      1|  0|   4|          16|          10|
    |mul_ln1118_290_fu_881_p2    |     *    |      1|  0|   4|          16|           9|
    |mul_ln1118_291_fu_1071_p2   |     *    |      1|  0|   4|          16|          10|
    |mul_ln1118_292_fu_1072_p2   |     *    |      1|  0|   4|          16|          12|
    |mul_ln1118_293_fu_884_p2    |     *    |      1|  0|   4|          16|          12|
    |mul_ln1118_294_fu_872_p2    |     *    |      1|  0|   4|          16|          12|
    |mul_ln1118_295_fu_976_p2    |     *    |      1|  0|   4|          16|          10|
    |mul_ln1118_296_fu_1019_p2   |     *    |      1|  0|   4|          16|          11|
    |mul_ln1118_68_fu_905_p2     |     *    |      1|  0|   4|          16|          10|
    |mul_ln1118_69_fu_1080_p2    |     *    |      1|  0|   4|          16|           9|
    |mul_ln1118_70_fu_960_p2     |     *    |      1|  0|   4|          16|          11|
    |mul_ln1118_71_fu_908_p2     |     *    |      1|  0|   4|          16|          12|
    |mul_ln1118_72_fu_1106_p2    |     *    |      1|  0|   4|          16|          10|
    |mul_ln1118_73_fu_1047_p2    |     *    |      1|  0|   4|          16|           9|
    |mul_ln1118_74_fu_1022_p2    |     *    |      1|  0|   4|          16|           8|
    |mul_ln1118_75_fu_929_p2     |     *    |      1|  0|   4|          16|          10|
    |mul_ln1118_76_fu_993_p2     |     *    |      1|  0|   4|          16|          11|
    |mul_ln1118_77_fu_1004_p2    |     *    |      1|  0|   4|          16|           7|
    |mul_ln1118_78_fu_878_p2     |     *    |      1|  0|   4|          16|          12|
    |mul_ln1118_79_fu_1057_p2    |     *    |      1|  0|   4|          16|          10|
    |mul_ln1118_80_fu_869_p2     |     *    |      1|  0|   4|          16|          10|
    |mul_ln1118_81_fu_991_p2     |     *    |      1|  0|   4|          16|           9|
    |mul_ln1118_82_fu_1060_p2    |     *    |      1|  0|   4|          16|          10|
    |mul_ln1118_83_fu_925_p2     |     *    |      1|  0|   4|          16|          11|
    |mul_ln1118_84_fu_1062_p2    |     *    |      1|  0|   4|          16|          11|
    |mul_ln1118_85_fu_1076_p2    |     *    |      1|  0|   4|          16|          11|
    |mul_ln1118_86_fu_1078_p2    |     *    |      1|  0|   4|          16|          13|
    |mul_ln1118_87_fu_1053_p2    |     *    |      1|  0|   4|          16|          10|
    |mul_ln1118_88_fu_1028_p2    |     *    |      1|  0|   4|          16|          10|
    |mul_ln1118_89_fu_1092_p2    |     *    |      1|  0|   4|          16|           9|
    |mul_ln1118_90_fu_901_p2     |     *    |      1|  0|   4|          16|          11|
    |mul_ln1118_91_fu_977_p2     |     *    |      1|  0|   4|          16|           8|
    |mul_ln1118_92_fu_981_p2     |     *    |      1|  0|   4|          16|           9|
    |mul_ln1118_93_fu_955_p2     |     *    |      1|  0|   4|          16|          11|
    |mul_ln1118_94_fu_1024_p2    |     *    |      1|  0|   4|          16|          11|
    |mul_ln1118_95_fu_1025_p2    |     *    |      1|  0|   4|          16|           9|
    |mul_ln1118_96_fu_928_p2     |     *    |      1|  0|   4|          16|          10|
    |mul_ln1118_97_fu_891_p2     |     *    |      1|  0|   4|          16|          11|
    |mul_ln1118_98_fu_945_p2     |     *    |      1|  0|   4|          16|          10|
    |mul_ln1118_99_fu_1109_p2    |     *    |      1|  0|   4|          16|          11|
    |mul_ln1118_fu_1093_p2       |     *    |      1|  0|   4|          16|          12|
    |add_ln1118_1_fu_238519_p2   |     +    |      0|  0|  33|          26|          26|
    |add_ln1118_2_fu_241395_p2   |     +    |      0|  0|  33|          26|          26|
    |add_ln1118_3_fu_241431_p2   |     +    |      0|  0|  31|          24|          24|
    |add_ln1118_4_fu_241473_p2   |     +    |      0|  0|  29|          22|          22|
    |add_ln1118_5_fu_239625_p2   |     +    |      0|  0|  29|          22|          22|
    |add_ln1118_6_fu_240544_p2   |     +    |      0|  0|  29|          22|          22|
    |add_ln1118_7_fu_240842_p2   |     +    |      0|  0|  30|          23|          23|
    |add_ln1118_8_fu_241199_p2   |     +    |      0|  0|  30|          23|          23|
    |add_ln1118_fu_238387_p2     |     +    |      0|  0|  29|          22|          22|
    |add_ln703_109_fu_241955_p2  |     +    |      0|  0|  16|          16|          16|
    |add_ln703_110_fu_241959_p2  |     +    |      0|  0|  16|          16|          16|
    |add_ln703_111_fu_241965_p2  |     +    |      0|  0|  23|          16|          16|
    |add_ln703_112_fu_241969_p2  |     +    |      0|  0|  16|          16|          16|
    |add_ln703_113_fu_241974_p2  |     +    |      0|  0|  16|          16|          16|
    |add_ln703_114_fu_241979_p2  |     +    |      0|  0|  16|          16|          16|
    |add_ln703_115_fu_241985_p2  |     +    |      0|  0|  16|          16|          16|
    |add_ln703_116_fu_241991_p2  |     +    |      0|  0|  23|          16|          16|
    |add_ln703_117_fu_241995_p2  |     +    |      0|  0|  16|          16|          16|
    |add_ln703_118_fu_242000_p2  |     +    |      0|  0|  16|          16|          16|
    |add_ln703_119_fu_242006_p2  |     +    |      0|  0|  23|          16|          16|
    |add_ln703_120_fu_242010_p2  |     +    |      0|  0|  16|          16|          16|
    |add_ln703_121_fu_242016_p2  |     +    |      0|  0|  16|          16|          16|
    |add_ln703_122_fu_242021_p2  |     +    |      0|  0|  16|          16|          16|
    |add_ln703_123_fu_242027_p2  |     +    |      0|  0|  16|          16|          16|
    |add_ln703_124_fu_242033_p2  |     +    |      0|  0|  23|          16|          16|
    |add_ln703_125_fu_242037_p2  |     +    |      0|  0|  16|          16|          16|
    |add_ln703_126_fu_242041_p2  |     +    |      0|  0|  16|          16|          16|
    |add_ln703_127_fu_242047_p2  |     +    |      0|  0|  23|          16|          16|
    |add_ln703_128_fu_242051_p2  |     +    |      0|  0|  21|          14|          14|
    |add_ln703_129_fu_242061_p2  |     +    |      0|  0|  23|          16|          16|
    |add_ln703_130_fu_242066_p2  |     +    |      0|  0|  16|          16|          16|
    |add_ln703_131_fu_242072_p2  |     +    |      0|  0|  16|          16|          16|
    |add_ln703_132_fu_242078_p2  |     +    |      0|  0|  23|          16|          16|
    |add_ln703_133_fu_242082_p2  |     +    |      0|  0|  16|          16|          16|
    |add_ln703_134_fu_242086_p2  |     +    |      0|  0|  16|          16|          16|
    |add_ln703_135_fu_242092_p2  |     +    |      0|  0|  23|          16|          16|
    |add_ln703_136_fu_242096_p2  |     +    |      0|  0|  16|          16|          16|
    |add_ln703_137_fu_242102_p2  |     +    |      0|  0|  16|          16|          16|
    |add_ln703_138_fu_242107_p2  |     +    |      0|  0|  16|          16|          16|
    |add_ln703_139_fu_242113_p2  |     +    |      0|  0|  16|          16|          16|
    |add_ln703_140_fu_242119_p2  |     +    |      0|  0|  23|          16|          16|
    |add_ln703_141_fu_242123_p2  |     +    |      0|  0|  16|          16|          16|
    |add_ln703_142_fu_242127_p2  |     +    |      0|  0|  16|          16|          16|
    |add_ln703_143_fu_242133_p2  |     +    |      0|  0|  23|          16|          16|
    |add_ln703_144_fu_242137_p2  |     +    |      0|  0|  16|          16|          16|
    |add_ln703_145_fu_242143_p2  |     +    |      0|  0|  16|          16|          16|
    |add_ln703_146_fu_242149_p2  |     +    |      0|  0|  16|          16|          16|
    |add_ln703_147_fu_242155_p2  |     +    |      0|  0|  16|          16|          16|
    |add_ln703_148_fu_242161_p2  |     +    |      0|  0|  23|          16|          16|
    |add_ln703_149_fu_242165_p2  |     +    |      0|  0|  16|          16|          16|
    |add_ln703_150_fu_242169_p2  |     +    |      0|  0|  16|          16|          16|
    |add_ln703_151_fu_242175_p2  |     +    |      0|  0|  23|          16|          16|
    |add_ln703_152_fu_242179_p2  |     +    |      0|  0|  16|          16|          16|
    |add_ln703_153_fu_242184_p2  |     +    |      0|  0|  16|          16|          16|
    |add_ln703_154_fu_242189_p2  |     +    |      0|  0|  16|          16|          16|
    |add_ln703_155_fu_242195_p2  |     +    |      0|  0|  16|          16|          16|
    |add_ln703_156_fu_242201_p2  |     +    |      0|  0|  23|          16|          16|
    |add_ln703_157_fu_242205_p2  |     +    |      0|  0|  16|          16|          16|
    |add_ln703_158_fu_242209_p2  |     +    |      0|  0|  16|          16|          16|
    |add_ln703_159_fu_242215_p2  |     +    |      0|  0|  23|          16|          16|
    |add_ln703_160_fu_242221_p2  |     +    |      0|  0|  22|          15|          15|
    |add_ln703_161_fu_242231_p2  |     +    |      0|  0|  23|          16|          16|
    |add_ln703_162_fu_242237_p2  |     +    |      0|  0|  16|          16|          16|
    |add_ln703_163_fu_242243_p2  |     +    |      0|  0|  16|          16|          16|
    |add_ln703_164_fu_242249_p2  |     +    |      0|  0|  23|          16|          16|
    |add_ln703_165_fu_242253_p2  |     +    |      0|  0|  16|          16|          16|
    |add_ln703_166_fu_242257_p2  |     +    |      0|  0|  16|          16|          16|
    |add_ln703_167_fu_242263_p2  |     +    |      0|  0|  23|          16|          16|
    |add_ln703_168_fu_242267_p2  |     +    |      0|  0|  16|          16|          16|
    |add_ln703_169_fu_242273_p2  |     +    |      0|  0|  16|          16|          16|
    |add_ln703_170_fu_242278_p2  |     +    |      0|  0|  16|          16|          16|
    |add_ln703_171_fu_242284_p2  |     +    |      0|  0|  16|          16|          16|
    |add_ln703_172_fu_242290_p2  |     +    |      0|  0|  23|          16|          16|
    |add_ln703_173_fu_242294_p2  |     +    |      0|  0|  16|          16|          16|
    |add_ln703_174_fu_242298_p2  |     +    |      0|  0|  16|          16|          16|
    |add_ln703_175_fu_242304_p2  |     +    |      0|  0|  23|          16|          16|
    |add_ln703_176_fu_242308_p2  |     +    |      0|  0|  21|          14|          14|
    |add_ln703_177_fu_242318_p2  |     +    |      0|  0|  22|          15|          15|
    |add_ln703_178_fu_242328_p2  |     +    |      0|  0|  16|          16|          16|
    |add_ln703_179_fu_242334_p2  |     +    |      0|  0|  16|          16|          16|
    |add_ln703_180_fu_242340_p2  |     +    |      0|  0|  23|          16|          16|
    |add_ln703_181_fu_242344_p2  |     +    |      0|  0|  16|          16|          16|
    |add_ln703_182_fu_242349_p2  |     +    |      0|  0|  16|          16|          16|
    |add_ln703_183_fu_242355_p2  |     +    |      0|  0|  23|          16|          16|
    |add_ln703_184_fu_242359_p2  |     +    |      0|  0|  16|          16|          16|
    |add_ln703_185_fu_242365_p2  |     +    |      0|  0|  16|          16|          16|
    |add_ln703_186_fu_242370_p2  |     +    |      0|  0|  16|          16|          16|
    |add_ln703_187_fu_242376_p2  |     +    |      0|  0|  16|          16|          16|
    |add_ln703_188_fu_242382_p2  |     +    |      0|  0|  23|          16|          16|
    |add_ln703_189_fu_242386_p2  |     +    |      0|  0|  16|          16|          16|
    |add_ln703_190_fu_242390_p2  |     +    |      0|  0|  16|          16|          16|
    |add_ln703_191_fu_242396_p2  |     +    |      0|  0|  23|          16|          16|
    |add_ln703_192_fu_242400_p2  |     +    |      0|  0|  16|          16|          16|
    |add_ln703_193_fu_242404_p2  |     +    |      0|  0|  16|          16|          16|
    |add_ln703_194_fu_242409_p2  |     +    |      0|  0|  16|          16|          16|
    |add_ln703_195_fu_242415_p2  |     +    |      0|  0|  16|          16|          16|
    |add_ln703_196_fu_242421_p2  |     +    |      0|  0|  23|          16|          16|
    |add_ln703_197_fu_242425_p2  |     +    |      0|  0|  16|          16|          16|
    |add_ln703_198_fu_242429_p2  |     +    |      0|  0|  16|          16|          16|
    |add_ln703_199_fu_242435_p2  |     +    |      0|  0|  23|          16|          16|
    |add_ln703_200_fu_242439_p2  |     +    |      0|  0|  21|          14|          14|
    |add_ln703_201_fu_242449_p2  |     +    |      0|  0|  22|          15|          15|
    |add_ln703_202_fu_242459_p2  |     +    |      0|  0|  16|          16|          16|
    |add_ln703_203_fu_242465_p2  |     +    |      0|  0|  16|          16|          16|
    |add_ln703_204_fu_242471_p2  |     +    |      0|  0|  23|          16|          16|
    |add_ln703_205_fu_242475_p2  |     +    |      0|  0|  16|          16|          16|
    |add_ln703_206_fu_242479_p2  |     +    |      0|  0|  16|          16|          16|
    |add_ln703_207_fu_242485_p2  |     +    |      0|  0|  23|          16|          16|
    |add_ln703_208_fu_242489_p2  |     +    |      0|  0|  16|          16|          16|
    |add_ln703_209_fu_242495_p2  |     +    |      0|  0|  16|          16|          16|
    |add_ln703_210_fu_242500_p2  |     +    |      0|  0|  16|          16|          16|
    |add_ln703_211_fu_242506_p2  |     +    |      0|  0|  16|          16|          16|
    |add_ln703_212_fu_242512_p2  |     +    |      0|  0|  23|          16|          16|
    |add_ln703_213_fu_242516_p2  |     +    |      0|  0|  16|          16|          16|
    |add_ln703_214_fu_242520_p2  |     +    |      0|  0|  16|          16|          16|
    |add_ln703_215_fu_242526_p2  |     +    |      0|  0|  23|          16|          16|
    |add_ln703_216_fu_242530_p2  |     +    |      0|  0|  16|          16|          16|
    |add_ln703_217_fu_242535_p2  |     +    |      0|  0|  16|          16|          16|
    |add_ln703_218_fu_242540_p2  |     +    |      0|  0|  16|          16|          16|
    |add_ln703_219_fu_242546_p2  |     +    |      0|  0|  16|          16|          16|
    |add_ln703_220_fu_242552_p2  |     +    |      0|  0|  23|          16|          16|
    |add_ln703_221_fu_242556_p2  |     +    |      0|  0|  16|          16|          16|
    |add_ln703_222_fu_242560_p2  |     +    |      0|  0|  16|          16|          16|
    |add_ln703_223_fu_242566_p2  |     +    |      0|  0|  23|          16|          16|
    |add_ln703_224_fu_242570_p2  |     +    |      0|  0|  16|          16|          16|
    |add_ln703_225_fu_242575_p2  |     +    |      0|  0|  16|          16|          16|
    |add_ln703_226_fu_242580_p2  |     +    |      0|  0|  16|          16|          16|
    |add_ln703_227_fu_242586_p2  |     +    |      0|  0|  16|          16|          16|
    |add_ln703_228_fu_242592_p2  |     +    |      0|  0|  23|          16|          16|
    |add_ln703_229_fu_242596_p2  |     +    |      0|  0|  16|          16|          16|
    |add_ln703_230_fu_242600_p2  |     +    |      0|  0|  16|          16|          16|
    |add_ln703_231_fu_242606_p2  |     +    |      0|  0|  23|          16|          16|
    |add_ln703_232_fu_242611_p2  |     +    |      0|  0|  22|          15|          15|
    |add_ln703_233_fu_242621_p2  |     +    |      0|  0|  23|          16|          16|
    |add_ln703_234_fu_242627_p2  |     +    |      0|  0|  16|          16|          16|
    |add_ln703_235_fu_242633_p2  |     +    |      0|  0|  16|          16|          16|
    |add_ln703_236_fu_242639_p2  |     +    |      0|  0|  23|          16|          16|
    |add_ln703_237_fu_242643_p2  |     +    |      0|  0|  16|          16|          16|
    |add_ln703_238_fu_242647_p2  |     +    |      0|  0|  16|          16|          16|
    |add_ln703_239_fu_242653_p2  |     +    |      0|  0|  23|          16|          16|
    |add_ln703_240_fu_242657_p2  |     +    |      0|  0|  16|          16|          16|
    |add_ln703_241_fu_242662_p2  |     +    |      0|  0|  16|          16|          16|
    |add_ln703_242_fu_242667_p2  |     +    |      0|  0|  16|          16|          16|
    |add_ln703_243_fu_242673_p2  |     +    |      0|  0|  16|          16|          16|
    |add_ln703_244_fu_242679_p2  |     +    |      0|  0|  23|          16|          16|
    |add_ln703_245_fu_242683_p2  |     +    |      0|  0|  16|          16|          16|
    |add_ln703_246_fu_242687_p2  |     +    |      0|  0|  16|          16|          16|
    |add_ln703_247_fu_242693_p2  |     +    |      0|  0|  23|          16|          16|
    |add_ln703_248_fu_242697_p2  |     +    |      0|  0|  16|          16|          16|
    |add_ln703_249_fu_242703_p2  |     +    |      0|  0|  16|          16|          16|
    |add_ln703_250_fu_242708_p2  |     +    |      0|  0|  16|          16|          16|
    |add_ln703_251_fu_242714_p2  |     +    |      0|  0|  16|          16|          16|
    |add_ln703_252_fu_242720_p2  |     +    |      0|  0|  23|          16|          16|
    |add_ln703_253_fu_242724_p2  |     +    |      0|  0|  16|          16|          16|
    |add_ln703_254_fu_242728_p2  |     +    |      0|  0|  16|          16|          16|
    |add_ln703_255_fu_242734_p2  |     +    |      0|  0|  23|          16|          16|
    |add_ln703_256_fu_242738_p2  |     +    |      0|  0|  16|          16|          16|
    |add_ln703_257_fu_242744_p2  |     +    |      0|  0|  16|          16|          16|
    |add_ln703_258_fu_242749_p2  |     +    |      0|  0|  16|          16|          16|
    |add_ln703_259_fu_242755_p2  |     +    |      0|  0|  16|          16|          16|
    |add_ln703_260_fu_241295_p2  |     +    |      0|  0|  23|          16|          16|
    |add_ln703_261_fu_242761_p2  |     +    |      0|  0|  16|          16|          16|
    |add_ln703_262_fu_242765_p2  |     +    |      0|  0|  16|          16|          16|
    |add_ln703_263_fu_242770_p2  |     +    |      0|  0|  23|          16|          16|
    |add_ln703_264_fu_242774_p2  |     +    |      0|  0|  16|          16|          16|
    |add_ln703_265_fu_242780_p2  |     +    |      0|  0|  16|          16|          16|
    |add_ln703_266_fu_242785_p2  |     +    |      0|  0|  16|          16|          16|
    |add_ln703_267_fu_242791_p2  |     +    |      0|  0|  16|          16|          16|
    |add_ln703_268_fu_242797_p2  |     +    |      0|  0|  23|          16|          16|
    |add_ln703_269_fu_242801_p2  |     +    |      0|  0|  16|          16|          16|
    |add_ln703_270_fu_242805_p2  |     +    |      0|  0|  16|          16|          16|
    |add_ln703_271_fu_242811_p2  |     +    |      0|  0|  23|          16|          16|
    |add_ln703_272_fu_242815_p2  |     +    |      0|  0|  16|          16|          16|
    |add_ln703_273_fu_242821_p2  |     +    |      0|  0|  16|          16|          16|
    |add_ln703_274_fu_242827_p2  |     +    |      0|  0|  16|          16|          16|
    |add_ln703_275_fu_242833_p2  |     +    |      0|  0|  16|          16|          16|
    |add_ln703_276_fu_242839_p2  |     +    |      0|  0|  23|          16|          16|
    |add_ln703_277_fu_242843_p2  |     +    |      0|  0|  16|          16|          16|
    |add_ln703_278_fu_242847_p2  |     +    |      0|  0|  16|          16|          16|
    |add_ln703_279_fu_242853_p2  |     +    |      0|  0|  23|          16|          16|
    |add_ln703_280_fu_242857_p2  |     +    |      0|  0|  16|          16|          16|
    |add_ln703_281_fu_242862_p2  |     +    |      0|  0|  16|          16|          16|
    |add_ln703_282_fu_242867_p2  |     +    |      0|  0|  16|          16|          16|
    |add_ln703_283_fu_242873_p2  |     +    |      0|  0|  16|          16|          16|
    |add_ln703_284_fu_242879_p2  |     +    |      0|  0|  23|          16|          16|
    |add_ln703_285_fu_242883_p2  |     +    |      0|  0|  16|          16|          16|
    |add_ln703_286_fu_242888_p2  |     +    |      0|  0|  16|          16|          16|
    |add_ln703_287_fu_242894_p2  |     +    |      0|  0|  23|          16|          16|
    |add_ln703_288_fu_242898_p2  |     +    |      0|  0|  16|          16|          16|
    |add_ln703_289_fu_242903_p2  |     +    |      0|  0|  16|          16|          16|
    |add_ln703_290_fu_242908_p2  |     +    |      0|  0|  16|          16|          16|
    |add_ln703_291_fu_242914_p2  |     +    |      0|  0|  16|          16|          16|
    |add_ln703_292_fu_242920_p2  |     +    |      0|  0|  23|          16|          16|
    |add_ln703_293_fu_242924_p2  |     +    |      0|  0|  16|          16|          16|
    |add_ln703_294_fu_242928_p2  |     +    |      0|  0|  16|          16|          16|
    |add_ln703_295_fu_242934_p2  |     +    |      0|  0|  23|          16|          16|
    |add_ln703_296_fu_242938_p2  |     +    |      0|  0|  16|          16|          16|
    |add_ln703_297_fu_242944_p2  |     +    |      0|  0|  16|          16|          16|
    |add_ln703_298_fu_242950_p2  |     +    |      0|  0|  16|          16|          16|
    |add_ln703_299_fu_242956_p2  |     +    |      0|  0|  16|          16|          16|
    |add_ln703_300_fu_242962_p2  |     +    |      0|  0|  23|          16|          16|
    |add_ln703_301_fu_242966_p2  |     +    |      0|  0|  16|          16|          16|
    |add_ln703_302_fu_242970_p2  |     +    |      0|  0|  16|          16|          16|
    |add_ln703_303_fu_242976_p2  |     +    |      0|  0|  23|          16|          16|
    |add_ln703_304_fu_242981_p2  |     +    |      0|  0|  16|          16|          16|
    |add_ln703_305_fu_242987_p2  |     +    |      0|  0|  16|          16|          16|
    |add_ln703_306_fu_242993_p2  |     +    |      0|  0|  16|          16|          16|
    |add_ln703_307_fu_242999_p2  |     +    |      0|  0|  16|          16|          16|
    |add_ln703_308_fu_243005_p2  |     +    |      0|  0|  23|          16|          16|
    |add_ln703_309_fu_243009_p2  |     +    |      0|  0|  16|          16|          16|
    |add_ln703_310_fu_243013_p2  |     +    |      0|  0|  16|          16|          16|
    |add_ln703_311_fu_243019_p2  |     +    |      0|  0|  23|          16|          16|
    |add_ln703_312_fu_243023_p2  |     +    |      0|  0|  16|          16|          16|
    |add_ln703_313_fu_243029_p2  |     +    |      0|  0|  16|          16|          16|
    |add_ln703_314_fu_243035_p2  |     +    |      0|  0|  16|          16|          16|
    |add_ln703_315_fu_243041_p2  |     +    |      0|  0|  16|          16|          16|
    |add_ln703_316_fu_241301_p2  |     +    |      0|  0|  23|          16|          16|
    |add_ln703_317_fu_243047_p2  |     +    |      0|  0|  16|          16|          16|
    |add_ln703_318_fu_243051_p2  |     +    |      0|  0|  16|          16|          16|
    |add_ln703_319_fu_243056_p2  |     +    |      0|  0|  23|          16|          16|
    |add_ln703_320_fu_243060_p2  |     +    |      0|  0|  16|          16|          16|
    |add_ln703_321_fu_243064_p2  |     +    |      0|  0|  16|          16|          16|
    |add_ln703_322_fu_243069_p2  |     +    |      0|  0|  16|          16|          16|
    |add_ln703_323_fu_243075_p2  |     +    |      0|  0|  16|          16|          16|
    |add_ln703_324_fu_243081_p2  |     +    |      0|  0|  23|          16|          16|
    |add_ln703_325_fu_243085_p2  |     +    |      0|  0|  16|          16|          16|
    |add_ln703_326_fu_243089_p2  |     +    |      0|  0|  16|          16|          16|
    |add_ln703_327_fu_243095_p2  |     +    |      0|  0|  23|          16|          16|
    |add_ln703_328_fu_241307_p2  |     +    |      0|  0|  21|          14|          14|
    |add_ln703_329_fu_243104_p2  |     +    |      0|  0|  22|          15|          15|
    |add_ln703_330_fu_243114_p2  |     +    |      0|  0|  16|          16|          16|
    |add_ln703_331_fu_243120_p2  |     +    |      0|  0|  16|          16|          16|
    |add_ln703_332_fu_243126_p2  |     +    |      0|  0|  23|          16|          16|
    |add_ln703_333_fu_243130_p2  |     +    |      0|  0|  16|          16|          16|
    |add_ln703_334_fu_243134_p2  |     +    |      0|  0|  16|          16|          16|
    |add_ln703_335_fu_243140_p2  |     +    |      0|  0|  23|          16|          16|
    |add_ln703_336_fu_243144_p2  |     +    |      0|  0|  16|          16|          16|
    |add_ln703_337_fu_243149_p2  |     +    |      0|  0|  16|          16|          16|
    |add_ln703_338_fu_243154_p2  |     +    |      0|  0|  16|          16|          16|
    |add_ln703_339_fu_243160_p2  |     +    |      0|  0|  16|          16|          16|
    |add_ln703_340_fu_243166_p2  |     +    |      0|  0|  23|          16|          16|
    |add_ln703_341_fu_243170_p2  |     +    |      0|  0|  16|          16|          16|
    |add_ln703_342_fu_243174_p2  |     +    |      0|  0|  16|          16|          16|
    |add_ln703_343_fu_243180_p2  |     +    |      0|  0|  23|          16|          16|
    |add_ln703_344_fu_243184_p2  |     +    |      0|  0|  16|          16|          16|
    |add_ln703_345_fu_243189_p2  |     +    |      0|  0|  16|          16|          16|
    |add_ln703_346_fu_243194_p2  |     +    |      0|  0|  16|          16|          16|
    |add_ln703_347_fu_243200_p2  |     +    |      0|  0|  16|          16|          16|
    |add_ln703_348_fu_243206_p2  |     +    |      0|  0|  23|          16|          16|
    |add_ln703_349_fu_243210_p2  |     +    |      0|  0|  16|          16|          16|
    |add_ln703_350_fu_243214_p2  |     +    |      0|  0|  16|          16|          16|
    |add_ln703_351_fu_243220_p2  |     +    |      0|  0|  23|          16|          16|
    |add_ln703_352_fu_243225_p2  |     +    |      0|  0|  22|          15|          15|
    |add_ln703_353_fu_243235_p2  |     +    |      0|  0|  23|          16|          16|
    |add_ln703_354_fu_243241_p2  |     +    |      0|  0|  16|          16|          16|
    |add_ln703_355_fu_243247_p2  |     +    |      0|  0|  16|          16|          16|
    |add_ln703_356_fu_243253_p2  |     +    |      0|  0|  23|          16|          16|
    |add_ln703_357_fu_243257_p2  |     +    |      0|  0|  16|          16|          16|
    |add_ln703_358_fu_243261_p2  |     +    |      0|  0|  16|          16|          16|
    |add_ln703_359_fu_243267_p2  |     +    |      0|  0|  23|          16|          16|
    |add_ln703_360_fu_243271_p2  |     +    |      0|  0|  16|          16|          16|
    |add_ln703_361_fu_243277_p2  |     +    |      0|  0|  16|          16|          16|
    |add_ln703_362_fu_243282_p2  |     +    |      0|  0|  16|          16|          16|
    |add_ln703_363_fu_243288_p2  |     +    |      0|  0|  16|          16|          16|
    |add_ln703_fu_241951_p2      |     +    |      0|  0|  23|          16|          16|
    |sub_ln1118_10_fu_241612_p2  |     -    |      0|  0|  31|          24|          24|
    |sub_ln1118_11_fu_239346_p2  |     -    |      0|  0|  16|           1|          23|
    |sub_ln1118_12_fu_239352_p2  |     -    |      0|  0|  16|          23|          23|
    |sub_ln1118_13_fu_241667_p2  |     -    |      0|  0|  16|           1|          26|
    |sub_ln1118_14_fu_241684_p2  |     -    |      0|  0|  16|          26|          26|
    |sub_ln1118_15_fu_241726_p2  |     -    |      0|  0|  32|          25|          25|
    |sub_ln1118_16_fu_241760_p2  |     -    |      0|  0|  32|          25|          25|
    |sub_ln1118_17_fu_241792_p2  |     -    |      0|  0|  32|          25|          25|
    |sub_ln1118_18_fu_240057_p2  |     -    |      0|  0|  28|          21|          21|
    |sub_ln1118_19_fu_241843_p2  |     -    |      0|  0|  32|          25|          25|
    |sub_ln1118_20_fu_241895_p2  |     -    |      0|  0|  32|          25|          25|
    |sub_ln1118_21_fu_240804_p2  |     -    |      0|  0|  32|          25|          25|
    |sub_ln1118_3_fu_238675_p2   |     -    |      0|  0|  32|          25|          25|
    |sub_ln1118_4_fu_241345_p2   |     -    |      0|  0|  16|           1|          24|
    |sub_ln1118_5_fu_241351_p2   |     -    |      0|  0|  16|          24|          24|
    |sub_ln1118_6_fu_241513_p2   |     -    |      0|  0|  31|          24|          24|
    |sub_ln1118_7_fu_241559_p2   |     -    |      0|  0|  33|          26|          26|
    |sub_ln1118_8_fu_241575_p2   |     -    |      0|  0|  16|           1|          24|
    |sub_ln1118_9_fu_241585_p2   |     -    |      0|  0|  16|          24|          24|
    |sub_ln1118_fu_238615_p2     |     -    |      0|  0|  33|          26|          26|
    +----------------------------+----------+-------+---+----+------------+------------+
    |Total                       |          |    230|  0|6329|        8369|        7071|
    +----------------------------+----------+-------+---+----+------------+------------+

    * Multiplexer: 
    +--------------+----+-----------+-----+-----------+
    |     Name     | LUT| Input Size| Bits| Total Bits|
    +--------------+----+-----------+-----+-----------+
    |ap_return_0   |   9|          2|   16|         32|
    |ap_return_1   |   9|          2|   16|         32|
    |ap_return_10  |   9|          2|   16|         32|
    |ap_return_11  |   9|          2|   16|         32|
    |ap_return_12  |   9|          2|   16|         32|
    |ap_return_13  |   9|          2|   16|         32|
    |ap_return_14  |   9|          2|   16|         32|
    |ap_return_15  |   9|          2|   16|         32|
    |ap_return_16  |   9|          2|   16|         32|
    |ap_return_17  |   9|          2|   16|         32|
    |ap_return_18  |   9|          2|   16|         32|
    |ap_return_19  |   9|          2|   16|         32|
    |ap_return_2   |   9|          2|   16|         32|
    |ap_return_20  |   9|          2|   16|         32|
    |ap_return_21  |   9|          2|   16|         32|
    |ap_return_22  |   9|          2|   16|         32|
    |ap_return_23  |   9|          2|   16|         32|
    |ap_return_24  |   9|          2|   16|         32|
    |ap_return_25  |   9|          2|   16|         32|
    |ap_return_26  |   9|          2|   16|         32|
    |ap_return_27  |   9|          2|   16|         32|
    |ap_return_28  |   9|          2|   16|         32|
    |ap_return_29  |   9|          2|   16|         32|
    |ap_return_3   |   9|          2|   16|         32|
    |ap_return_30  |   9|          2|   16|         32|
    |ap_return_31  |   9|          2|   16|         32|
    |ap_return_4   |   9|          2|   16|         32|
    |ap_return_5   |   9|          2|   16|         32|
    |ap_return_6   |   9|          2|   16|         32|
    |ap_return_7   |   9|          2|   16|         32|
    |ap_return_8   |   9|          2|   16|         32|
    |ap_return_9   |   9|          2|   16|         32|
    +--------------+----+-----------+-----+-----------+
    |Total         | 288|         64|  512|       1024|
    +--------------+----+-----------+-----+-----------+

    * Register: 
    +-----------------------------------+----+----+-----+-----------+
    |                Name               | FF | LUT| Bits| Const Bits|
    +-----------------------------------+----+----+-----+-----------+
    |add_ln703_260_reg_244874           |  16|   0|   16|          0|
    |add_ln703_316_reg_244879           |  16|   0|   16|          0|
    |add_ln703_328_reg_244884           |  14|   0|   14|          0|
    |ap_ce_reg                          |   1|   0|    1|          0|
    |ap_return_0_int_reg                |  16|   0|   16|          0|
    |ap_return_10_int_reg               |  16|   0|   16|          0|
    |ap_return_11_int_reg               |  16|   0|   16|          0|
    |ap_return_12_int_reg               |  16|   0|   16|          0|
    |ap_return_13_int_reg               |  16|   0|   16|          0|
    |ap_return_14_int_reg               |  16|   0|   16|          0|
    |ap_return_15_int_reg               |  16|   0|   16|          0|
    |ap_return_16_int_reg               |  16|   0|   16|          0|
    |ap_return_17_int_reg               |  16|   0|   16|          0|
    |ap_return_18_int_reg               |  16|   0|   16|          0|
    |ap_return_19_int_reg               |  16|   0|   16|          0|
    |ap_return_1_int_reg                |  16|   0|   16|          0|
    |ap_return_20_int_reg               |  16|   0|   16|          0|
    |ap_return_21_int_reg               |  16|   0|   16|          0|
    |ap_return_22_int_reg               |  16|   0|   16|          0|
    |ap_return_23_int_reg               |  16|   0|   16|          0|
    |ap_return_24_int_reg               |  16|   0|   16|          0|
    |ap_return_25_int_reg               |  16|   0|   16|          0|
    |ap_return_26_int_reg               |  16|   0|   16|          0|
    |ap_return_27_int_reg               |  16|   0|   16|          0|
    |ap_return_28_int_reg               |  16|   0|   16|          0|
    |ap_return_29_int_reg               |  16|   0|   16|          0|
    |ap_return_2_int_reg                |  16|   0|   16|          0|
    |ap_return_30_int_reg               |  16|   0|   16|          0|
    |ap_return_31_int_reg               |  16|   0|   16|          0|
    |ap_return_3_int_reg                |  16|   0|   16|          0|
    |ap_return_4_int_reg                |  16|   0|   16|          0|
    |ap_return_5_int_reg                |  16|   0|   16|          0|
    |ap_return_6_int_reg                |  16|   0|   16|          0|
    |ap_return_7_int_reg                |  16|   0|   16|          0|
    |ap_return_8_int_reg                |  16|   0|   16|          0|
    |ap_return_9_int_reg                |  16|   0|   16|          0|
    |data_1_V_read_8_reg_243660         |  16|   0|   16|          0|
    |data_2_V_read_6_reg_243651         |  16|   0|   16|          0|
    |data_4_V_read_8_reg_243643         |  16|   0|   16|          0|
    |data_5_V_read_8_reg_243636         |  16|   0|   16|          0|
    |mult_0_V_reg_243668                |  16|   0|   16|          0|
    |mult_103_V_reg_244143              |  16|   0|   16|          0|
    |mult_104_V_reg_244148              |  16|   0|   16|          0|
    |mult_105_V_reg_244153              |  16|   0|   16|          0|
    |mult_106_V_reg_244158              |  16|   0|   16|          0|
    |mult_107_V_reg_244163              |  16|   0|   16|          0|
    |mult_108_V_reg_244168              |  16|   0|   16|          0|
    |mult_109_V_reg_244173              |  16|   0|   16|          0|
    |mult_10_V_reg_243718               |  16|   0|   16|          0|
    |mult_110_V_reg_244178              |  16|   0|   16|          0|
    |mult_111_V_reg_244183              |  16|   0|   16|          0|
    |mult_112_V_reg_244188              |  16|   0|   16|          0|
    |mult_113_V_reg_244193              |  16|   0|   16|          0|
    |mult_115_V_reg_244203              |  16|   0|   16|          0|
    |mult_116_V_reg_244208              |  16|   0|   16|          0|
    |mult_117_V_reg_244213              |  16|   0|   16|          0|
    |mult_118_V_reg_244218              |  16|   0|   16|          0|
    |mult_119_V_reg_244223              |  16|   0|   16|          0|
    |mult_120_V_reg_244228              |  16|   0|   16|          0|
    |mult_121_V_reg_244233              |  16|   0|   16|          0|
    |mult_122_V_reg_244238              |  16|   0|   16|          0|
    |mult_123_V_reg_244243              |  16|   0|   16|          0|
    |mult_124_V_reg_244248              |  16|   0|   16|          0|
    |mult_125_V_reg_244253              |  16|   0|   16|          0|
    |mult_128_V_reg_244268              |  16|   0|   16|          0|
    |mult_12_V_reg_243728               |  16|   0|   16|          0|
    |mult_131_V_reg_244278              |  16|   0|   16|          0|
    |mult_132_V_reg_244283              |  16|   0|   16|          0|
    |mult_133_V_reg_244289              |  16|   0|   16|          0|
    |mult_134_V_reg_244294              |  16|   0|   16|          0|
    |mult_137_V_reg_244309              |  16|   0|   16|          0|
    |mult_138_V_reg_244314              |  16|   0|   16|          0|
    |mult_13_V_reg_243733               |  16|   0|   16|          0|
    |mult_144_V_reg_244339              |  16|   0|   16|          0|
    |mult_148_V_reg_244354              |  16|   0|   16|          0|
    |mult_149_V_reg_244359              |  16|   0|   16|          0|
    |mult_14_V_reg_243738               |  16|   0|   16|          0|
    |mult_150_V_reg_244364              |  16|   0|   16|          0|
    |mult_151_V_reg_244369              |  16|   0|   16|          0|
    |mult_154_V_reg_244384              |  16|   0|   16|          0|
    |mult_157_V_reg_244394              |  16|   0|   16|          0|
    |mult_159_V_reg_244404              |  16|   0|   16|          0|
    |mult_15_V_reg_243743               |  16|   0|   16|          0|
    |mult_160_V_reg_244409              |  16|   0|   16|          0|
    |mult_161_V_reg_244414              |  16|   0|   16|          0|
    |mult_162_V_reg_244419              |  16|   0|   16|          0|
    |mult_165_V_reg_244429              |  16|   0|   16|          0|
    |mult_167_V_reg_244439              |  16|   0|   16|          0|
    |mult_168_V_reg_244444              |  16|   0|   16|          0|
    |mult_169_V_reg_244449              |  16|   0|   16|          0|
    |mult_16_V_reg_243748               |  16|   0|   16|          0|
    |mult_170_V_reg_244454              |  16|   0|   16|          0|
    |mult_171_V_reg_244459              |  16|   0|   16|          0|
    |mult_172_V_reg_244464              |  16|   0|   16|          0|
    |mult_173_V_reg_244469              |  16|   0|   16|          0|
    |mult_174_V_reg_244474              |  16|   0|   16|          0|
    |mult_175_V_reg_244479              |  16|   0|   16|          0|
    |mult_177_V_reg_244489              |  16|   0|   16|          0|
    |mult_178_V_reg_244494              |  16|   0|   16|          0|
    |mult_17_V_reg_243753               |  16|   0|   16|          0|
    |mult_185_V_reg_244524              |  16|   0|   16|          0|
    |mult_186_V_reg_244529              |  16|   0|   16|          0|
    |mult_188_V_reg_244539              |  16|   0|   16|          0|
    |mult_189_V_reg_244544              |  16|   0|   16|          0|
    |mult_18_V_reg_243758               |  16|   0|   16|          0|
    |mult_190_V_reg_244549              |  16|   0|   16|          0|
    |mult_191_V_reg_244554              |  16|   0|   16|          0|
    |mult_192_V_reg_244559              |  16|   0|   16|          0|
    |mult_193_V_reg_244564              |  16|   0|   16|          0|
    |mult_195_V_reg_244574              |  16|   0|   16|          0|
    |mult_197_V_reg_244584              |  16|   0|   16|          0|
    |mult_199_V_reg_244594              |  16|   0|   16|          0|
    |mult_1_V_reg_243673                |  16|   0|   16|          0|
    |mult_200_V_reg_244599              |  16|   0|   16|          0|
    |mult_201_V_reg_244604              |  16|   0|   16|          0|
    |mult_202_V_reg_244609              |  16|   0|   16|          0|
    |mult_203_V_reg_244614              |  16|   0|   16|          0|
    |mult_204_V_reg_244619              |  16|   0|   16|          0|
    |mult_205_V_reg_244624              |  16|   0|   16|          0|
    |mult_206_V_reg_244629              |  16|   0|   16|          0|
    |mult_207_V_reg_244634              |  16|   0|   16|          0|
    |mult_208_V_reg_244639              |  16|   0|   16|          0|
    |mult_209_V_reg_244644              |  16|   0|   16|          0|
    |mult_20_V_reg_243763               |  16|   0|   16|          0|
    |mult_210_V_reg_244649              |  16|   0|   16|          0|
    |mult_211_V_reg_244654              |  16|   0|   16|          0|
    |mult_212_V_reg_244659              |  16|   0|   16|          0|
    |mult_213_V_reg_244664              |  16|   0|   16|          0|
    |mult_214_V_reg_244669              |  16|   0|   16|          0|
    |mult_215_V_reg_244674              |  16|   0|   16|          0|
    |mult_216_V_reg_244679              |  16|   0|   16|          0|
    |mult_218_V_reg_244689              |  16|   0|   16|          0|
    |mult_21_V_reg_243768               |  16|   0|   16|          0|
    |mult_220_V_reg_244694              |  16|   0|   16|          0|
    |mult_221_V_reg_244699              |  16|   0|   16|          0|
    |mult_223_V_reg_244709              |  16|   0|   16|          0|
    |mult_224_V_reg_244714              |  16|   0|   16|          0|
    |mult_225_V_reg_244719              |  16|   0|   16|          0|
    |mult_226_V_reg_244724              |  16|   0|   16|          0|
    |mult_227_V_reg_244729              |  16|   0|   16|          0|
    |mult_228_V_reg_244734              |  16|   0|   16|          0|
    |mult_229_V_reg_244739              |  16|   0|   16|          0|
    |mult_22_V_reg_243773               |  16|   0|   16|          0|
    |mult_230_V_reg_244744              |  16|   0|   16|          0|
    |mult_231_V_reg_244749              |  16|   0|   16|          0|
    |mult_232_V_reg_244754              |  16|   0|   16|          0|
    |mult_23_V_reg_243778               |  16|   0|   16|          0|
    |mult_25_V_reg_243788               |  16|   0|   16|          0|
    |mult_28_V_reg_243798               |  16|   0|   16|          0|
    |mult_2_V_reg_243678                |  16|   0|   16|          0|
    |mult_30_V_reg_243808               |  16|   0|   16|          0|
    |mult_31_V_reg_243813               |  16|   0|   16|          0|
    |mult_34_V_reg_243828               |  16|   0|   16|          0|
    |mult_35_V_reg_243833               |  16|   0|   16|          0|
    |mult_36_V_reg_243838               |  16|   0|   16|          0|
    |mult_37_V_reg_243843               |  16|   0|   16|          0|
    |mult_38_V_reg_243848               |  16|   0|   16|          0|
    |mult_39_V_reg_243853               |  16|   0|   16|          0|
    |mult_3_V_reg_243683                |  16|   0|   16|          0|
    |mult_40_V_reg_243858               |  16|   0|   16|          0|
    |mult_42_V_reg_243863               |  16|   0|   16|          0|
    |mult_43_V_reg_243868               |  16|   0|   16|          0|
    |mult_44_V_reg_243873               |  16|   0|   16|          0|
    |mult_45_V_reg_243878               |  16|   0|   16|          0|
    |mult_46_V_reg_243883               |  16|   0|   16|          0|
    |mult_48_V_reg_243893               |  16|   0|   16|          0|
    |mult_4_V_reg_243688                |  16|   0|   16|          0|
    |mult_50_V_reg_243903               |  16|   0|   16|          0|
    |mult_51_V_reg_243908               |  16|   0|   16|          0|
    |mult_53_V_reg_243918               |  16|   0|   16|          0|
    |mult_54_V_reg_243923               |  16|   0|   16|          0|
    |mult_55_V_reg_243928               |  16|   0|   16|          0|
    |mult_56_V_reg_243933               |  16|   0|   16|          0|
    |mult_57_V_reg_243938               |  16|   0|   16|          0|
    |mult_58_V_reg_243943               |  16|   0|   16|          0|
    |mult_59_V_reg_243948               |  16|   0|   16|          0|
    |mult_5_V_reg_243693                |  16|   0|   16|          0|
    |mult_60_V_reg_243953               |  16|   0|   16|          0|
    |mult_61_V_reg_243958               |  16|   0|   16|          0|
    |mult_62_V_reg_243963               |  16|   0|   16|          0|
    |mult_64_V_reg_243973               |  16|   0|   16|          0|
    |mult_66_V_reg_243978               |  16|   0|   16|          0|
    |mult_67_V_reg_243983               |  16|   0|   16|          0|
    |mult_68_V_reg_243988               |  16|   0|   16|          0|
    |mult_69_V_reg_243993               |  16|   0|   16|          0|
    |mult_71_V_reg_244003               |  16|   0|   16|          0|
    |mult_74_V_reg_244018               |  16|   0|   16|          0|
    |mult_77_V_reg_244028               |  16|   0|   16|          0|
    |mult_78_V_reg_244033               |  16|   0|   16|          0|
    |mult_80_V_reg_244043               |  16|   0|   16|          0|
    |mult_82_V_reg_244053               |  16|   0|   16|          0|
    |mult_83_V_reg_244058               |  16|   0|   16|          0|
    |mult_84_V_reg_244063               |  16|   0|   16|          0|
    |mult_85_V_reg_244068               |  16|   0|   16|          0|
    |mult_89_V_reg_244078               |  16|   0|   16|          0|
    |mult_90_V_reg_244083               |  16|   0|   16|          0|
    |mult_92_V_reg_244088               |  16|   0|   16|          0|
    |mult_93_V_reg_244093               |  16|   0|   16|          0|
    |mult_95_V_reg_244103               |  16|   0|   16|          0|
    |mult_96_V_reg_244108               |  16|   0|   16|          0|
    |mult_97_V_reg_244113               |  16|   0|   16|          0|
    |mult_98_V_reg_244118               |  16|   0|   16|          0|
    |mult_9_V_reg_243713                |  16|   0|   16|          0|
    |p_read32_reg_243631                |  16|   0|   16|          0|
    |p_read_10_reg_243526               |  16|   0|   16|          0|
    |p_read_11_reg_243531               |  16|   0|   16|          0|
    |p_read_12_reg_243536               |  16|   0|   16|          0|
    |p_read_14_reg_243541               |  16|   0|   16|          0|
    |p_read_15_reg_243546               |  16|   0|   16|          0|
    |p_read_16_reg_243551               |  16|   0|   16|          0|
    |p_read_17_reg_243556               |  16|   0|   16|          0|
    |p_read_18_reg_243561               |  16|   0|   16|          0|
    |p_read_19_reg_243566               |  16|   0|   16|          0|
    |p_read_1_reg_243486                |  16|   0|   16|          0|
    |p_read_20_reg_243571               |  16|   0|   16|          0|
    |p_read_21_reg_243576               |  16|   0|   16|          0|
    |p_read_22_reg_243581               |  16|   0|   16|          0|
    |p_read_23_reg_243586               |  16|   0|   16|          0|
    |p_read_24_reg_243591               |  16|   0|   16|          0|
    |p_read_25_reg_243596               |  16|   0|   16|          0|
    |p_read_26_reg_243601               |  16|   0|   16|          0|
    |p_read_27_reg_243606               |  16|   0|   16|          0|
    |p_read_28_reg_243611               |  16|   0|   16|          0|
    |p_read_29_reg_243616               |  16|   0|   16|          0|
    |p_read_2_reg_243491                |  16|   0|   16|          0|
    |p_read_30_reg_243621               |  16|   0|   16|          0|
    |p_read_31_reg_243626               |  16|   0|   16|          0|
    |p_read_3_reg_243496                |  16|   0|   16|          0|
    |p_read_4_reg_243501                |  16|   0|   16|          0|
    |p_read_5_reg_243506                |  16|   0|   16|          0|
    |p_read_7_reg_243511                |  16|   0|   16|          0|
    |p_read_8_reg_243516                |  16|   0|   16|          0|
    |p_read_9_reg_243521                |  16|   0|   16|          0|
    |sext_ln1116_138_cast_1_reg_243818  |  24|   0|   24|          0|
    |sext_ln1116_139_cast_2_reg_243968  |  24|   0|   24|          0|
    |shl_ln1118_91_reg_244324           |  16|   0|   17|          1|
    |shl_ln1118_93_reg_244374           |  16|   0|   20|          4|
    |tmp_227_reg_244534                 |  14|   0|   14|          0|
    |trunc_ln708_100_reg_244824         |  16|   0|   16|          0|
    |trunc_ln708_101_reg_244579         |  15|   0|   15|          0|
    |trunc_ln708_102_reg_244834         |  16|   0|   16|          0|
    |trunc_ln708_103_reg_244589         |  15|   0|   15|          0|
    |trunc_ln708_104_reg_244844         |  16|   0|   16|          0|
    |trunc_ln708_105_reg_244849         |  16|   0|   16|          0|
    |trunc_ln708_106_reg_244854         |  16|   0|   16|          0|
    |trunc_ln708_107_reg_244859         |  16|   0|   16|          0|
    |trunc_ln708_108_reg_244864         |  16|   0|   16|          0|
    |trunc_ln708_109_reg_244869         |  16|   0|   16|          0|
    |trunc_ln708_110_reg_244684         |  15|   0|   15|          0|
    |trunc_ln708_111_reg_244704         |  14|   0|   14|          0|
    |trunc_ln708_112_reg_244759         |  14|   0|   14|          0|
    |trunc_ln708_113_reg_244789         |  14|   0|   14|          0|
    |trunc_ln708_114_reg_244814         |  14|   0|   14|          0|
    |trunc_ln708_115_reg_244829         |  13|   0|   13|          0|
    |trunc_ln708_116_reg_244839         |  15|   0|   15|          0|
    |trunc_ln708_35_reg_243703          |  15|   0|   15|          0|
    |trunc_ln708_36_reg_243708          |  12|   0|   12|          0|
    |trunc_ln708_37_reg_243723          |  13|   0|   13|          0|
    |trunc_ln708_38_reg_243783          |  15|   0|   15|          0|
    |trunc_ln708_39_reg_243793          |  15|   0|   15|          0|
    |trunc_ln708_40_reg_243803          |  15|   0|   15|          0|
    |trunc_ln708_42_reg_243823          |  15|   0|   15|          0|
    |trunc_ln708_43_reg_243888          |  14|   0|   14|          0|
    |trunc_ln708_44_reg_243898          |  15|   0|   15|          0|
    |trunc_ln708_45_reg_243913          |  15|   0|   15|          0|
    |trunc_ln708_48_reg_243998          |  14|   0|   14|          0|
    |trunc_ln708_49_reg_244008          |  14|   0|   14|          0|
    |trunc_ln708_50_reg_244013          |  15|   0|   15|          0|
    |trunc_ln708_52_reg_244023          |  15|   0|   15|          0|
    |trunc_ln708_53_reg_244038          |  15|   0|   15|          0|
    |trunc_ln708_54_reg_244048          |  15|   0|   15|          0|
    |trunc_ln708_56_reg_244073          |  15|   0|   15|          0|
    |trunc_ln708_58_reg_244098          |  13|   0|   13|          0|
    |trunc_ln708_59_reg_244123          |  14|   0|   14|          0|
    |trunc_ln708_60_reg_244128          |  15|   0|   15|          0|
    |trunc_ln708_61_reg_244133          |  14|   0|   14|          0|
    |trunc_ln708_62_reg_244138          |  14|   0|   14|          0|
    |trunc_ln708_63_reg_244198          |  12|   0|   12|          0|
    |trunc_ln708_64_reg_244258          |  15|   0|   15|          0|
    |trunc_ln708_65_reg_244263          |  15|   0|   15|          0|
    |trunc_ln708_66_reg_244273          |  13|   0|   13|          0|
    |trunc_ln708_67_reg_244299          |  14|   0|   14|          0|
    |trunc_ln708_68_reg_244304          |  13|   0|   13|          0|
    |trunc_ln708_69_reg_244319          |  13|   0|   13|          0|
    |trunc_ln708_71_reg_244329          |  15|   0|   15|          0|
    |trunc_ln708_73_reg_244334          |  14|   0|   14|          0|
    |trunc_ln708_74_reg_244344          |  15|   0|   15|          0|
    |trunc_ln708_75_reg_244349          |  14|   0|   14|          0|
    |trunc_ln708_77_reg_244379          |  15|   0|   15|          0|
    |trunc_ln708_78_reg_244389          |  15|   0|   15|          0|
    |trunc_ln708_79_reg_244399          |  15|   0|   15|          0|
    |trunc_ln708_81_reg_244424          |  15|   0|   15|          0|
    |trunc_ln708_82_reg_244434          |  14|   0|   14|          0|
    |trunc_ln708_83_reg_244484          |  15|   0|   15|          0|
    |trunc_ln708_84_reg_244499          |  15|   0|   15|          0|
    |trunc_ln708_85_reg_244504          |  15|   0|   15|          0|
    |trunc_ln708_86_reg_244509          |  13|   0|   13|          0|
    |trunc_ln708_87_reg_244514          |  15|   0|   15|          0|
    |trunc_ln708_89_reg_244769          |  16|   0|   16|          0|
    |trunc_ln708_90_reg_244774          |  16|   0|   16|          0|
    |trunc_ln708_91_reg_244779          |  16|   0|   16|          0|
    |trunc_ln708_92_reg_244784          |  16|   0|   16|          0|
    |trunc_ln708_93_reg_244519          |  14|   0|   14|          0|
    |trunc_ln708_94_reg_244794          |  16|   0|   16|          0|
    |trunc_ln708_95_reg_244799          |  16|   0|   16|          0|
    |trunc_ln708_96_reg_244804          |  16|   0|   16|          0|
    |trunc_ln708_97_reg_244809          |  16|   0|   16|          0|
    |trunc_ln708_98_reg_244569          |  12|   0|   12|          0|
    |trunc_ln708_99_reg_244819          |  16|   0|   16|          0|
    |trunc_ln708_s_reg_243698           |  15|   0|   15|          0|
    |trunc_ln_reg_244764                |  16|   0|   16|          0|
    +-----------------------------------+----+----+-----+-----------+
    |Total                              |4880|   0| 4885|          5|
    +-----------------------------------+----+----+-----+-----------+



================================================================
== Interface
================================================================
* Summary: 
+---------------+-----+-----+------------+------------------------+--------------+
|   RTL Ports   | Dir | Bits|  Protocol  |      Source Object     |    C Type    |
+---------------+-----+-----+------------+------------------------+--------------+
|ap_clk         |  in |    1| ap_ctrl_hs | dense_simple.0.0.0.0.1 | return value |
|ap_rst         |  in |    1| ap_ctrl_hs | dense_simple.0.0.0.0.1 | return value |
|ap_return_0    | out |   16| ap_ctrl_hs | dense_simple.0.0.0.0.1 | return value |
|ap_return_1    | out |   16| ap_ctrl_hs | dense_simple.0.0.0.0.1 | return value |
|ap_return_2    | out |   16| ap_ctrl_hs | dense_simple.0.0.0.0.1 | return value |
|ap_return_3    | out |   16| ap_ctrl_hs | dense_simple.0.0.0.0.1 | return value |
|ap_return_4    | out |   16| ap_ctrl_hs | dense_simple.0.0.0.0.1 | return value |
|ap_return_5    | out |   16| ap_ctrl_hs | dense_simple.0.0.0.0.1 | return value |
|ap_return_6    | out |   16| ap_ctrl_hs | dense_simple.0.0.0.0.1 | return value |
|ap_return_7    | out |   16| ap_ctrl_hs | dense_simple.0.0.0.0.1 | return value |
|ap_return_8    | out |   16| ap_ctrl_hs | dense_simple.0.0.0.0.1 | return value |
|ap_return_9    | out |   16| ap_ctrl_hs | dense_simple.0.0.0.0.1 | return value |
|ap_return_10   | out |   16| ap_ctrl_hs | dense_simple.0.0.0.0.1 | return value |
|ap_return_11   | out |   16| ap_ctrl_hs | dense_simple.0.0.0.0.1 | return value |
|ap_return_12   | out |   16| ap_ctrl_hs | dense_simple.0.0.0.0.1 | return value |
|ap_return_13   | out |   16| ap_ctrl_hs | dense_simple.0.0.0.0.1 | return value |
|ap_return_14   | out |   16| ap_ctrl_hs | dense_simple.0.0.0.0.1 | return value |
|ap_return_15   | out |   16| ap_ctrl_hs | dense_simple.0.0.0.0.1 | return value |
|ap_return_16   | out |   16| ap_ctrl_hs | dense_simple.0.0.0.0.1 | return value |
|ap_return_17   | out |   16| ap_ctrl_hs | dense_simple.0.0.0.0.1 | return value |
|ap_return_18   | out |   16| ap_ctrl_hs | dense_simple.0.0.0.0.1 | return value |
|ap_return_19   | out |   16| ap_ctrl_hs | dense_simple.0.0.0.0.1 | return value |
|ap_return_20   | out |   16| ap_ctrl_hs | dense_simple.0.0.0.0.1 | return value |
|ap_return_21   | out |   16| ap_ctrl_hs | dense_simple.0.0.0.0.1 | return value |
|ap_return_22   | out |   16| ap_ctrl_hs | dense_simple.0.0.0.0.1 | return value |
|ap_return_23   | out |   16| ap_ctrl_hs | dense_simple.0.0.0.0.1 | return value |
|ap_return_24   | out |   16| ap_ctrl_hs | dense_simple.0.0.0.0.1 | return value |
|ap_return_25   | out |   16| ap_ctrl_hs | dense_simple.0.0.0.0.1 | return value |
|ap_return_26   | out |   16| ap_ctrl_hs | dense_simple.0.0.0.0.1 | return value |
|ap_return_27   | out |   16| ap_ctrl_hs | dense_simple.0.0.0.0.1 | return value |
|ap_return_28   | out |   16| ap_ctrl_hs | dense_simple.0.0.0.0.1 | return value |
|ap_return_29   | out |   16| ap_ctrl_hs | dense_simple.0.0.0.0.1 | return value |
|ap_return_30   | out |   16| ap_ctrl_hs | dense_simple.0.0.0.0.1 | return value |
|ap_return_31   | out |   16| ap_ctrl_hs | dense_simple.0.0.0.0.1 | return value |
|ap_ce          |  in |    1| ap_ctrl_hs | dense_simple.0.0.0.0.1 | return value |
|data_0_V_read  |  in |   16|   ap_none  |      data_0_V_read     |    scalar    |
|data_1_V_read  |  in |   16|   ap_none  |      data_1_V_read     |    scalar    |
|data_2_V_read  |  in |   16|   ap_none  |      data_2_V_read     |    scalar    |
|data_3_V_read  |  in |   16|   ap_none  |      data_3_V_read     |    scalar    |
|data_4_V_read  |  in |   16|   ap_none  |      data_4_V_read     |    scalar    |
|data_5_V_read  |  in |   16|   ap_none  |      data_5_V_read     |    scalar    |
|data_6_V_read  |  in |   16|   ap_none  |      data_6_V_read     |    scalar    |
|data_7_V_read  |  in |   16|   ap_none  |      data_7_V_read     |    scalar    |
|p_read         |  in |   16|   ap_none  |         p_read         |    scalar    |
|p_read1        |  in |   16|   ap_none  |         p_read1        |    scalar    |
|p_read2        |  in |   16|   ap_none  |         p_read2        |    scalar    |
|p_read3        |  in |   16|   ap_none  |         p_read3        |    scalar    |
|p_read4        |  in |   16|   ap_none  |         p_read4        |    scalar    |
|p_read5        |  in |   16|   ap_none  |         p_read5        |    scalar    |
|p_read6        |  in |   16|   ap_none  |         p_read6        |    scalar    |
|p_read7        |  in |   16|   ap_none  |         p_read7        |    scalar    |
|p_read8        |  in |   16|   ap_none  |         p_read8        |    scalar    |
|p_read9        |  in |   16|   ap_none  |         p_read9        |    scalar    |
|p_read10       |  in |   16|   ap_none  |        p_read10        |    scalar    |
|p_read11       |  in |   16|   ap_none  |        p_read11        |    scalar    |
|p_read12       |  in |   16|   ap_none  |        p_read12        |    scalar    |
|p_read13       |  in |   16|   ap_none  |        p_read13        |    scalar    |
|p_read14       |  in |   16|   ap_none  |        p_read14        |    scalar    |
|p_read15       |  in |   16|   ap_none  |        p_read15        |    scalar    |
|p_read16       |  in |   16|   ap_none  |        p_read16        |    scalar    |
|p_read17       |  in |   16|   ap_none  |        p_read17        |    scalar    |
|p_read18       |  in |   16|   ap_none  |        p_read18        |    scalar    |
|p_read19       |  in |   16|   ap_none  |        p_read19        |    scalar    |
|p_read20       |  in |   16|   ap_none  |        p_read20        |    scalar    |
|p_read21       |  in |   16|   ap_none  |        p_read21        |    scalar    |
|p_read22       |  in |   16|   ap_none  |        p_read22        |    scalar    |
|p_read23       |  in |   16|   ap_none  |        p_read23        |    scalar    |
|p_read24       |  in |   16|   ap_none  |        p_read24        |    scalar    |
|p_read25       |  in |   16|   ap_none  |        p_read25        |    scalar    |
|p_read26       |  in |   16|   ap_none  |        p_read26        |    scalar    |
|p_read27       |  in |   16|   ap_none  |        p_read27        |    scalar    |
|p_read28       |  in |   16|   ap_none  |        p_read28        |    scalar    |
|p_read29       |  in |   16|   ap_none  |        p_read29        |    scalar    |
|p_read30       |  in |   16|   ap_none  |        p_read30        |    scalar    |
|p_read31       |  in |   16|   ap_none  |        p_read31        |    scalar    |
+---------------+-----+-----+------------+------------------------+--------------+

