

================================================================
== Vivado HLS Report for 'Loop_LSTM_TS_proc234'
================================================================
* Date:           Sat Apr 24 23:40:36 2021

* Version:        2019.2 (Build 2704478 on Wed Nov 06 22:10:23 MST 2019)
* Project:        myproject_prj
* Solution:       solution1
* Product family: kintexu
* Target device:  xcku115-flvb2104-2-i


================================================================
== Performance Estimates
================================================================
+ Timing: 
    * Summary: 
    +--------+---------+----------+------------+
    |  Clock |  Target | Estimated| Uncertainty|
    +--------+---------+----------+------------+
    |ap_clk  | 5.00 ns | 4.320 ns |   0.62 ns  |
    +--------+---------+----------+------------+

+ Latency: 
    * Summary: 
    +---------+---------+----------+----------+-----+-----+---------------------------------------------+
    |  Latency (cycles) |  Latency (absolute) |  Interval |                   Pipeline                  |
    |   min   |   max   |    min   |    max   | min | max |                     Type                    |
    +---------+---------+----------+----------+-----+-----+---------------------------------------------+
    |      313|      314| 1.565 us | 1.570 us |  308|  308| loop rewind(delay=0 initiation interval(s)) |
    +---------+---------+----------+----------+-----+-----+---------------------------------------------+

    + Detail: 
        * Instance: 
        +----------------------------------+----------------------+---------+---------+-----------+-----------+-----+-----+----------+
        |                                  |                      |  Latency (cycles) |   Latency (absolute)  |  Interval | Pipeline |
        |             Instance             |        Module        |   min   |   max   |    min    |    max    | min | max |   Type   |
        +----------------------------------+----------------------+---------+---------+-----------+-----------+-----+-----+----------+
        |grp_dense_simple_0_0_0_0_fu_1461  |dense_simple_0_0_0_0  |        2|        2| 10.000 ns | 10.000 ns |    1|    1| function |
        |grp_dense_simple_0_0_fu_1657      |dense_simple_0_0      |        2|        2| 10.000 ns | 10.000 ns |    1|    1| function |
        |grp_sigmoid_fu_1689               |sigmoid               |        2|        2| 10.000 ns | 10.000 ns |    1|    1| function |
        |grp_sigmoid_fu_1727               |sigmoid               |        2|        2| 10.000 ns | 10.000 ns |    1|    1| function |
        |grp_sigmoid_fu_1765               |sigmoid               |        2|        2| 10.000 ns | 10.000 ns |    1|    1| function |
        |grp_lstm_tail_02_fu_1803          |lstm_tail_02          |        2|        2| 10.000 ns | 10.000 ns |    1|    1| function |
        |call_ret7_hard_tanh_1_fu_1999     |hard_tanh_1           |        0|        0|    0 ns   |    0 ns   |    1|    1| function |
        +----------------------------------+----------------------+---------+---------+-----------+-----------+-----+-----+----------+

        * Loop: 
        +-----------+---------+---------+----------+-----------+-----------+------+----------+
        |           |  Latency (cycles) | Iteration|  Initiation Interval  | Trip |          |
        | Loop Name |   min   |   max   |  Latency |  achieved |   target  | Count| Pipelined|
        +-----------+---------+---------+----------+-----------+-----------+------+----------+
        |- LSTM_TS  |      313|      313|        17|         11|          1|    28|    yes   |
        +-----------+---------+---------+----------+-----------+-----------+------+----------+



================================================================
== Utilization Estimates
================================================================
* Summary: 
+---------------------+---------+-------+---------+--------+-----+
|         Name        | BRAM_18K| DSP48E|    FF   |   LUT  | URAM|
+---------------------+---------+-------+---------+--------+-----+
|DSP                  |        -|      -|        -|       -|    -|
|Expression           |        -|      -|        0|      32|    -|
|FIFO                 |        -|      -|        -|       -|    -|
|Instance             |       48|   5566|   129442|  238139|    -|
|Memory               |        -|      -|        -|       -|    -|
|Multiplexer          |        -|      -|        -|     971|    -|
|Register             |        -|      -|     8030|       -|    -|
+---------------------+---------+-------+---------+--------+-----+
|Total                |       48|   5566|   137472|  239142|    0|
+---------------------+---------+-------+---------+--------+-----+
|Available SLR        |     2160|   2760|   663360|  331680|    0|
+---------------------+---------+-------+---------+--------+-----+
|Utilization SLR (%)  |        2|    201|       20|      72|  100|
+---------------------+---------+-------+---------+--------+-----+
|Available            |     4320|   5520|  1326720|  663360|    0|
+---------------------+---------+-------+---------+--------+-----+
|Utilization (%)      |        1|    100|       10|      36|    0|
+---------------------+---------+-------+---------+--------+-----+

+ Detail: 
    * Instance: 
    +----------------------------------+----------------------+---------+-------+-------+--------+-----+
    |             Instance             |        Module        | BRAM_18K| DSP48E|   FF  |   LUT  | URAM|
    +----------------------------------+----------------------+---------+-------+-------+--------+-----+
    |grp_dense_simple_0_0_fu_1657      |dense_simple_0_0      |        0|   2566|  54028|  101364|    0|
    |grp_dense_simple_0_0_0_0_fu_1461  |dense_simple_0_0_0_0  |        0|   2904|  67916|  117531|    0|
    |call_ret7_hard_tanh_1_fu_1999     |hard_tanh_1           |        0|      0|      0|    1664|    0|
    |grp_lstm_tail_02_fu_1803          |lstm_tail_02          |        0|     96|   6529|    3360|    0|
    |grp_sigmoid_fu_1689               |sigmoid               |       16|      0|    323|    4740|    0|
    |grp_sigmoid_fu_1727               |sigmoid               |       16|      0|    323|    4740|    0|
    |grp_sigmoid_fu_1765               |sigmoid               |       16|      0|    323|    4740|    0|
    +----------------------------------+----------------------+---------+-------+-------+--------+-----+
    |Total                             |                      |       48|   5566| 129442|  238139|    0|
    +----------------------------------+----------------------+---------+-------+-------+--------+-----+

    * DSP48E: 
    N/A

    * Memory: 
    N/A

    * FIFO: 
    N/A

    * Expression: 
    +-----------------------+----------+-------+---+----+------------+------------+
    |     Variable Name     | Operation| DSP48E| FF| LUT| Bitwidth P0| Bitwidth P1|
    +-----------------------+----------+-------+---+----+------------+------------+
    |its_fu_3225_p2         |     +    |      0|  0|  15|           5|           1|
    |ap_condition_2501      |    and   |      0|  0|   2|           1|           1|
    |icmp_ln463_fu_2067_p2  |   icmp   |      0|  0|  11|           5|           4|
    |ap_block_state1        |    or    |      0|  0|   2|           1|           1|
    |ap_enable_pp0          |    xor   |      0|  0|   2|           1|           2|
    +-----------------------+----------+-------+---+----+------------+------------+
    |Total                  |          |      0|  0|  32|          13|           9|
    +-----------------------+----------+-------+---+----+------------+------------+

    * Multiplexer: 
    +------------------------------------+----+-----------+-----+-----------+
    |                Name                | LUT| Input Size| Bits| Total Bits|
    +------------------------------------+----+-----------+-----+-----------+
    |ap_NS_fsm                           |  56|         13|    1|         13|
    |ap_done                             |   9|          2|    1|          2|
    |ap_enable_reg_pp0_iter0             |   9|          2|    1|          2|
    |ap_enable_reg_pp0_iter1             |   9|          2|    1|          2|
    |ap_phi_mux_its_0_i97_phi_fu_490_p6  |  15|          3|    5|         15|
    |ap_return_0                         |   9|          2|   16|         32|
    |ap_return_1                         |   9|          2|   16|         32|
    |ap_return_10                        |   9|          2|   16|         32|
    |ap_return_11                        |   9|          2|   16|         32|
    |ap_return_12                        |   9|          2|   16|         32|
    |ap_return_13                        |   9|          2|   16|         32|
    |ap_return_14                        |   9|          2|   16|         32|
    |ap_return_15                        |   9|          2|   16|         32|
    |ap_return_16                        |   9|          2|   16|         32|
    |ap_return_17                        |   9|          2|   16|         32|
    |ap_return_18                        |   9|          2|   16|         32|
    |ap_return_19                        |   9|          2|   16|         32|
    |ap_return_2                         |   9|          2|   16|         32|
    |ap_return_20                        |   9|          2|   16|         32|
    |ap_return_21                        |   9|          2|   16|         32|
    |ap_return_22                        |   9|          2|   16|         32|
    |ap_return_23                        |   9|          2|   16|         32|
    |ap_return_24                        |   9|          2|   16|         32|
    |ap_return_25                        |   9|          2|   16|         32|
    |ap_return_26                        |   9|          2|   16|         32|
    |ap_return_27                        |   9|          2|   16|         32|
    |ap_return_28                        |   9|          2|   16|         32|
    |ap_return_29                        |   9|          2|   16|         32|
    |ap_return_3                         |   9|          2|   16|         32|
    |ap_return_30                        |   9|          2|   16|         32|
    |ap_return_31                        |   9|          2|   16|         32|
    |ap_return_4                         |   9|          2|   16|         32|
    |ap_return_5                         |   9|          2|   16|         32|
    |ap_return_6                         |   9|          2|   16|         32|
    |ap_return_7                         |   9|          2|   16|         32|
    |ap_return_8                         |   9|          2|   16|         32|
    |ap_return_9                         |   9|          2|   16|         32|
    |c_pre_V_0_032_reg_981               |   9|          2|   16|         32|
    |c_pre_V_10_022_reg_1131             |   9|          2|   16|         32|
    |c_pre_V_11_021_reg_1146             |   9|          2|   16|         32|
    |c_pre_V_12_020_reg_1161             |   9|          2|   16|         32|
    |c_pre_V_13_019_reg_1176             |   9|          2|   16|         32|
    |c_pre_V_14_018_reg_1191             |   9|          2|   16|         32|
    |c_pre_V_15_017_reg_1206             |   9|          2|   16|         32|
    |c_pre_V_16_016_reg_1221             |   9|          2|   16|         32|
    |c_pre_V_17_015_reg_1236             |   9|          2|   16|         32|
    |c_pre_V_18_014_reg_1251             |   9|          2|   16|         32|
    |c_pre_V_19_013_reg_1266             |   9|          2|   16|         32|
    |c_pre_V_1_031_reg_996               |   9|          2|   16|         32|
    |c_pre_V_20_012_reg_1281             |   9|          2|   16|         32|
    |c_pre_V_21_011_reg_1296             |   9|          2|   16|         32|
    |c_pre_V_22_010_reg_1311             |   9|          2|   16|         32|
    |c_pre_V_23_09_reg_1326              |   9|          2|   16|         32|
    |c_pre_V_24_08_reg_1341              |   9|          2|   16|         32|
    |c_pre_V_25_07_reg_1356              |   9|          2|   16|         32|
    |c_pre_V_26_06_reg_1371              |   9|          2|   16|         32|
    |c_pre_V_27_05_reg_1386              |   9|          2|   16|         32|
    |c_pre_V_28_04_reg_1401              |   9|          2|   16|         32|
    |c_pre_V_29_03_reg_1416              |   9|          2|   16|         32|
    |c_pre_V_2_030_reg_1011              |   9|          2|   16|         32|
    |c_pre_V_30_02_reg_1431              |   9|          2|   16|         32|
    |c_pre_V_31_01_reg_1446              |   9|          2|   16|         32|
    |c_pre_V_3_029_reg_1026              |   9|          2|   16|         32|
    |c_pre_V_4_028_reg_1041              |   9|          2|   16|         32|
    |c_pre_V_5_027_reg_1056              |   9|          2|   16|         32|
    |c_pre_V_6_026_reg_1071              |   9|          2|   16|         32|
    |c_pre_V_7_025_reg_1086              |   9|          2|   16|         32|
    |c_pre_V_8_024_reg_1101              |   9|          2|   16|         32|
    |c_pre_V_9_023_reg_1116              |   9|          2|   16|         32|
    |h_pre_V_0_0_out_096_reg_501         |   9|          2|   16|         32|
    |h_pre_V_10_0_out_076_reg_651        |   9|          2|   16|         32|
    |h_pre_V_11_0_out_074_reg_666        |   9|          2|   16|         32|
    |h_pre_V_12_0_out_072_reg_681        |   9|          2|   16|         32|
    |h_pre_V_13_0_out_070_reg_696        |   9|          2|   16|         32|
    |h_pre_V_14_0_out_068_reg_711        |   9|          2|   16|         32|
    |h_pre_V_15_0_out_066_reg_726        |   9|          2|   16|         32|
    |h_pre_V_16_0_out_064_reg_741        |   9|          2|   16|         32|
    |h_pre_V_17_0_out_062_reg_756        |   9|          2|   16|         32|
    |h_pre_V_18_0_out_060_reg_771        |   9|          2|   16|         32|
    |h_pre_V_19_0_out_058_reg_786        |   9|          2|   16|         32|
    |h_pre_V_1_0_out_094_reg_516         |   9|          2|   16|         32|
    |h_pre_V_20_0_out_056_reg_801        |   9|          2|   16|         32|
    |h_pre_V_21_0_out_054_reg_816        |   9|          2|   16|         32|
    |h_pre_V_22_0_out_052_reg_831        |   9|          2|   16|         32|
    |h_pre_V_23_0_out_050_reg_846        |   9|          2|   16|         32|
    |h_pre_V_24_0_out_048_reg_861        |   9|          2|   16|         32|
    |h_pre_V_25_0_out_046_reg_876        |   9|          2|   16|         32|
    |h_pre_V_26_0_out_044_reg_891        |   9|          2|   16|         32|
    |h_pre_V_27_0_out_042_reg_906        |   9|          2|   16|         32|
    |h_pre_V_28_0_out_040_reg_921        |   9|          2|   16|         32|
    |h_pre_V_29_0_out_038_reg_936        |   9|          2|   16|         32|
    |h_pre_V_2_0_out_092_reg_531         |   9|          2|   16|         32|
    |h_pre_V_30_0_out_036_reg_951        |   9|          2|   16|         32|
    |h_pre_V_31_0_out_034_reg_966        |   9|          2|   16|         32|
    |h_pre_V_3_0_out_090_reg_546         |   9|          2|   16|         32|
    |h_pre_V_4_0_out_088_reg_561         |   9|          2|   16|         32|
    |h_pre_V_5_0_out_086_reg_576         |   9|          2|   16|         32|
    |h_pre_V_6_0_out_084_reg_591         |   9|          2|   16|         32|
    |h_pre_V_7_0_out_082_reg_606         |   9|          2|   16|         32|
    |h_pre_V_8_0_out_080_reg_621         |   9|          2|   16|         32|
    |h_pre_V_9_0_out_078_reg_636         |   9|          2|   16|         32|
    |its_0_i97_reg_486                   |   9|          2|    5|         10|
    +------------------------------------+----+-----------+-----+-----------+
    |Total                               | 971|        216| 1550|       3116|
    +------------------------------------+----+-----------+-----+-----------+

    * Register: 
    +-----------------------------------+----+----+-----+-----------+
    |                Name               | FF | LUT| Bits| Const Bits|
    +-----------------------------------+----+----+-----+-----------+
    |acc_x_0_V_reg_4351                 |  16|   0|   16|          0|
    |acc_x_100_V_reg_4851               |  16|   0|   16|          0|
    |acc_x_101_V_reg_4856               |  16|   0|   16|          0|
    |acc_x_102_V_reg_4861               |  16|   0|   16|          0|
    |acc_x_103_V_reg_4866               |  16|   0|   16|          0|
    |acc_x_104_V_reg_4871               |  16|   0|   16|          0|
    |acc_x_105_V_reg_4876               |  16|   0|   16|          0|
    |acc_x_106_V_reg_4881               |  16|   0|   16|          0|
    |acc_x_107_V_reg_4886               |  16|   0|   16|          0|
    |acc_x_108_V_reg_4891               |  16|   0|   16|          0|
    |acc_x_109_V_reg_4896               |  16|   0|   16|          0|
    |acc_x_10_V_reg_4401                |  16|   0|   16|          0|
    |acc_x_110_V_reg_4901               |  16|   0|   16|          0|
    |acc_x_111_V_reg_4906               |  16|   0|   16|          0|
    |acc_x_112_V_reg_4911               |  16|   0|   16|          0|
    |acc_x_113_V_reg_4916               |  16|   0|   16|          0|
    |acc_x_114_V_reg_4921               |  16|   0|   16|          0|
    |acc_x_115_V_reg_4926               |  16|   0|   16|          0|
    |acc_x_116_V_reg_4931               |  16|   0|   16|          0|
    |acc_x_117_V_reg_4936               |  16|   0|   16|          0|
    |acc_x_118_V_reg_4941               |  16|   0|   16|          0|
    |acc_x_119_V_reg_4946               |  16|   0|   16|          0|
    |acc_x_11_V_reg_4406                |  16|   0|   16|          0|
    |acc_x_120_V_reg_4951               |  16|   0|   16|          0|
    |acc_x_121_V_reg_4956               |  16|   0|   16|          0|
    |acc_x_122_V_reg_4961               |  16|   0|   16|          0|
    |acc_x_123_V_reg_4966               |  16|   0|   16|          0|
    |acc_x_124_V_reg_4971               |  16|   0|   16|          0|
    |acc_x_125_V_reg_4976               |  16|   0|   16|          0|
    |acc_x_126_V_reg_4981               |  16|   0|   16|          0|
    |acc_x_127_V_reg_4986               |  16|   0|   16|          0|
    |acc_x_12_V_reg_4411                |  16|   0|   16|          0|
    |acc_x_13_V_reg_4416                |  16|   0|   16|          0|
    |acc_x_14_V_reg_4421                |  16|   0|   16|          0|
    |acc_x_15_V_reg_4426                |  16|   0|   16|          0|
    |acc_x_16_V_reg_4431                |  16|   0|   16|          0|
    |acc_x_17_V_reg_4436                |  16|   0|   16|          0|
    |acc_x_18_V_reg_4441                |  16|   0|   16|          0|
    |acc_x_19_V_reg_4446                |  16|   0|   16|          0|
    |acc_x_1_V_reg_4356                 |  16|   0|   16|          0|
    |acc_x_20_V_reg_4451                |  16|   0|   16|          0|
    |acc_x_21_V_reg_4456                |  16|   0|   16|          0|
    |acc_x_22_V_reg_4461                |  16|   0|   16|          0|
    |acc_x_23_V_reg_4466                |  16|   0|   16|          0|
    |acc_x_24_V_reg_4471                |  16|   0|   16|          0|
    |acc_x_25_V_reg_4476                |  16|   0|   16|          0|
    |acc_x_26_V_reg_4481                |  16|   0|   16|          0|
    |acc_x_27_V_reg_4486                |  16|   0|   16|          0|
    |acc_x_28_V_reg_4491                |  16|   0|   16|          0|
    |acc_x_29_V_reg_4496                |  16|   0|   16|          0|
    |acc_x_2_V_reg_4361                 |  16|   0|   16|          0|
    |acc_x_30_V_reg_4501                |  16|   0|   16|          0|
    |acc_x_31_V_reg_4506                |  16|   0|   16|          0|
    |acc_x_32_V_reg_4511                |  16|   0|   16|          0|
    |acc_x_33_V_reg_4516                |  16|   0|   16|          0|
    |acc_x_34_V_reg_4521                |  16|   0|   16|          0|
    |acc_x_35_V_reg_4526                |  16|   0|   16|          0|
    |acc_x_36_V_reg_4531                |  16|   0|   16|          0|
    |acc_x_37_V_reg_4536                |  16|   0|   16|          0|
    |acc_x_38_V_reg_4541                |  16|   0|   16|          0|
    |acc_x_39_V_reg_4546                |  16|   0|   16|          0|
    |acc_x_3_V_reg_4366                 |  16|   0|   16|          0|
    |acc_x_40_V_reg_4551                |  16|   0|   16|          0|
    |acc_x_41_V_reg_4556                |  16|   0|   16|          0|
    |acc_x_42_V_reg_4561                |  16|   0|   16|          0|
    |acc_x_43_V_reg_4566                |  16|   0|   16|          0|
    |acc_x_44_V_reg_4571                |  16|   0|   16|          0|
    |acc_x_45_V_reg_4576                |  16|   0|   16|          0|
    |acc_x_46_V_reg_4581                |  16|   0|   16|          0|
    |acc_x_47_V_reg_4586                |  16|   0|   16|          0|
    |acc_x_48_V_reg_4591                |  16|   0|   16|          0|
    |acc_x_49_V_reg_4596                |  16|   0|   16|          0|
    |acc_x_4_V_reg_4371                 |  16|   0|   16|          0|
    |acc_x_50_V_reg_4601                |  16|   0|   16|          0|
    |acc_x_51_V_reg_4606                |  16|   0|   16|          0|
    |acc_x_52_V_reg_4611                |  16|   0|   16|          0|
    |acc_x_53_V_reg_4616                |  16|   0|   16|          0|
    |acc_x_54_V_reg_4621                |  16|   0|   16|          0|
    |acc_x_55_V_reg_4626                |  16|   0|   16|          0|
    |acc_x_56_V_reg_4631                |  16|   0|   16|          0|
    |acc_x_57_V_reg_4636                |  16|   0|   16|          0|
    |acc_x_58_V_reg_4641                |  16|   0|   16|          0|
    |acc_x_59_V_reg_4646                |  16|   0|   16|          0|
    |acc_x_5_V_reg_4376                 |  16|   0|   16|          0|
    |acc_x_60_V_reg_4651                |  16|   0|   16|          0|
    |acc_x_61_V_reg_4656                |  16|   0|   16|          0|
    |acc_x_62_V_reg_4661                |  16|   0|   16|          0|
    |acc_x_63_V_reg_4666                |  16|   0|   16|          0|
    |acc_x_64_V_reg_4671                |  16|   0|   16|          0|
    |acc_x_65_V_reg_4676                |  16|   0|   16|          0|
    |acc_x_66_V_reg_4681                |  16|   0|   16|          0|
    |acc_x_67_V_reg_4686                |  16|   0|   16|          0|
    |acc_x_68_V_reg_4691                |  16|   0|   16|          0|
    |acc_x_69_V_reg_4696                |  16|   0|   16|          0|
    |acc_x_6_V_reg_4381                 |  16|   0|   16|          0|
    |acc_x_70_V_reg_4701                |  16|   0|   16|          0|
    |acc_x_71_V_reg_4706                |  16|   0|   16|          0|
    |acc_x_72_V_reg_4711                |  16|   0|   16|          0|
    |acc_x_73_V_reg_4716                |  16|   0|   16|          0|
    |acc_x_74_V_reg_4721                |  16|   0|   16|          0|
    |acc_x_75_V_reg_4726                |  16|   0|   16|          0|
    |acc_x_76_V_reg_4731                |  16|   0|   16|          0|
    |acc_x_77_V_reg_4736                |  16|   0|   16|          0|
    |acc_x_78_V_reg_4741                |  16|   0|   16|          0|
    |acc_x_79_V_reg_4746                |  16|   0|   16|          0|
    |acc_x_7_V_reg_4386                 |  16|   0|   16|          0|
    |acc_x_80_V_reg_4751                |  16|   0|   16|          0|
    |acc_x_81_V_reg_4756                |  16|   0|   16|          0|
    |acc_x_82_V_reg_4761                |  16|   0|   16|          0|
    |acc_x_83_V_reg_4766                |  16|   0|   16|          0|
    |acc_x_84_V_reg_4771                |  16|   0|   16|          0|
    |acc_x_85_V_reg_4776                |  16|   0|   16|          0|
    |acc_x_86_V_reg_4781                |  16|   0|   16|          0|
    |acc_x_87_V_reg_4786                |  16|   0|   16|          0|
    |acc_x_88_V_reg_4791                |  16|   0|   16|          0|
    |acc_x_89_V_reg_4796                |  16|   0|   16|          0|
    |acc_x_8_V_reg_4391                 |  16|   0|   16|          0|
    |acc_x_90_V_reg_4801                |  16|   0|   16|          0|
    |acc_x_91_V_reg_4806                |  16|   0|   16|          0|
    |acc_x_92_V_reg_4811                |  16|   0|   16|          0|
    |acc_x_93_V_reg_4816                |  16|   0|   16|          0|
    |acc_x_94_V_reg_4821                |  16|   0|   16|          0|
    |acc_x_95_V_reg_4826                |  16|   0|   16|          0|
    |acc_x_96_V_reg_4831                |  16|   0|   16|          0|
    |acc_x_97_V_reg_4836                |  16|   0|   16|          0|
    |acc_x_98_V_reg_4841                |  16|   0|   16|          0|
    |acc_x_99_V_reg_4846                |  16|   0|   16|          0|
    |acc_x_9_V_reg_4396                 |  16|   0|   16|          0|
    |ap_CS_fsm                          |  12|   0|   12|          0|
    |ap_done_reg                        |   1|   0|    1|          0|
    |ap_enable_reg_pp0_iter0_reg        |   1|   0|    1|          0|
    |ap_enable_reg_pp0_iter1            |   1|   0|    1|          0|
    |ap_return_0_preg                   |  16|   0|   16|          0|
    |ap_return_10_preg                  |  16|   0|   16|          0|
    |ap_return_11_preg                  |  16|   0|   16|          0|
    |ap_return_12_preg                  |  16|   0|   16|          0|
    |ap_return_13_preg                  |  16|   0|   16|          0|
    |ap_return_14_preg                  |  16|   0|   16|          0|
    |ap_return_15_preg                  |  16|   0|   16|          0|
    |ap_return_16_preg                  |  16|   0|   16|          0|
    |ap_return_17_preg                  |  16|   0|   16|          0|
    |ap_return_18_preg                  |  16|   0|   16|          0|
    |ap_return_19_preg                  |  16|   0|   16|          0|
    |ap_return_1_preg                   |  16|   0|   16|          0|
    |ap_return_20_preg                  |  16|   0|   16|          0|
    |ap_return_21_preg                  |  16|   0|   16|          0|
    |ap_return_22_preg                  |  16|   0|   16|          0|
    |ap_return_23_preg                  |  16|   0|   16|          0|
    |ap_return_24_preg                  |  16|   0|   16|          0|
    |ap_return_25_preg                  |  16|   0|   16|          0|
    |ap_return_26_preg                  |  16|   0|   16|          0|
    |ap_return_27_preg                  |  16|   0|   16|          0|
    |ap_return_28_preg                  |  16|   0|   16|          0|
    |ap_return_29_preg                  |  16|   0|   16|          0|
    |ap_return_2_preg                   |  16|   0|   16|          0|
    |ap_return_30_preg                  |  16|   0|   16|          0|
    |ap_return_31_preg                  |  16|   0|   16|          0|
    |ap_return_3_preg                   |  16|   0|   16|          0|
    |ap_return_4_preg                   |  16|   0|   16|          0|
    |ap_return_5_preg                   |  16|   0|   16|          0|
    |ap_return_6_preg                   |  16|   0|   16|          0|
    |ap_return_7_preg                   |  16|   0|   16|          0|
    |ap_return_8_preg                   |  16|   0|   16|          0|
    |ap_return_9_preg                   |  16|   0|   16|          0|
    |c_pre_V_0_032_reg_981              |  16|   0|   16|          0|
    |c_pre_V_10_022_reg_1131            |  16|   0|   16|          0|
    |c_pre_V_11_021_reg_1146            |  16|   0|   16|          0|
    |c_pre_V_12_020_reg_1161            |  16|   0|   16|          0|
    |c_pre_V_13_019_reg_1176            |  16|   0|   16|          0|
    |c_pre_V_14_018_reg_1191            |  16|   0|   16|          0|
    |c_pre_V_15_017_reg_1206            |  16|   0|   16|          0|
    |c_pre_V_16_016_reg_1221            |  16|   0|   16|          0|
    |c_pre_V_17_015_reg_1236            |  16|   0|   16|          0|
    |c_pre_V_18_014_reg_1251            |  16|   0|   16|          0|
    |c_pre_V_19_013_reg_1266            |  16|   0|   16|          0|
    |c_pre_V_1_031_reg_996              |  16|   0|   16|          0|
    |c_pre_V_20_012_reg_1281            |  16|   0|   16|          0|
    |c_pre_V_21_011_reg_1296            |  16|   0|   16|          0|
    |c_pre_V_22_010_reg_1311            |  16|   0|   16|          0|
    |c_pre_V_23_09_reg_1326             |  16|   0|   16|          0|
    |c_pre_V_24_08_reg_1341             |  16|   0|   16|          0|
    |c_pre_V_25_07_reg_1356             |  16|   0|   16|          0|
    |c_pre_V_26_06_reg_1371             |  16|   0|   16|          0|
    |c_pre_V_27_05_reg_1386             |  16|   0|   16|          0|
    |c_pre_V_28_04_reg_1401             |  16|   0|   16|          0|
    |c_pre_V_29_03_reg_1416             |  16|   0|   16|          0|
    |c_pre_V_2_030_reg_1011             |  16|   0|   16|          0|
    |c_pre_V_30_02_reg_1431             |  16|   0|   16|          0|
    |c_pre_V_31_01_reg_1446             |  16|   0|   16|          0|
    |c_pre_V_3_029_reg_1026             |  16|   0|   16|          0|
    |c_pre_V_4_028_reg_1041             |  16|   0|   16|          0|
    |c_pre_V_5_027_reg_1056             |  16|   0|   16|          0|
    |c_pre_V_6_026_reg_1071             |  16|   0|   16|          0|
    |c_pre_V_7_025_reg_1086             |  16|   0|   16|          0|
    |c_pre_V_8_024_reg_1101             |  16|   0|   16|          0|
    |c_pre_V_9_023_reg_1116             |  16|   0|   16|          0|
    |gate_f_0_V_reg_5151                |  16|   0|   16|          0|
    |gate_f_10_V_reg_5201               |  16|   0|   16|          0|
    |gate_f_11_V_reg_5206               |  16|   0|   16|          0|
    |gate_f_12_V_reg_5211               |  16|   0|   16|          0|
    |gate_f_13_V_reg_5216               |  16|   0|   16|          0|
    |gate_f_14_V_reg_5221               |  16|   0|   16|          0|
    |gate_f_15_V_reg_5226               |  16|   0|   16|          0|
    |gate_f_16_V_reg_5231               |  16|   0|   16|          0|
    |gate_f_17_V_reg_5236               |  16|   0|   16|          0|
    |gate_f_18_V_reg_5241               |  16|   0|   16|          0|
    |gate_f_19_V_reg_5246               |  16|   0|   16|          0|
    |gate_f_1_V_reg_5156                |  16|   0|   16|          0|
    |gate_f_20_V_reg_5251               |  16|   0|   16|          0|
    |gate_f_21_V_reg_5256               |  16|   0|   16|          0|
    |gate_f_22_V_reg_5261               |  16|   0|   16|          0|
    |gate_f_23_V_reg_5266               |  16|   0|   16|          0|
    |gate_f_24_V_reg_5271               |  16|   0|   16|          0|
    |gate_f_25_V_reg_5276               |  16|   0|   16|          0|
    |gate_f_26_V_reg_5281               |  16|   0|   16|          0|
    |gate_f_27_V_reg_5286               |  16|   0|   16|          0|
    |gate_f_28_V_reg_5291               |  16|   0|   16|          0|
    |gate_f_29_V_reg_5296               |  16|   0|   16|          0|
    |gate_f_2_V_reg_5161                |  16|   0|   16|          0|
    |gate_f_30_V_reg_5301               |  16|   0|   16|          0|
    |gate_f_31_V_reg_5306               |  16|   0|   16|          0|
    |gate_f_3_V_reg_5166                |  16|   0|   16|          0|
    |gate_f_4_V_reg_5171                |  16|   0|   16|          0|
    |gate_f_5_V_reg_5176                |  16|   0|   16|          0|
    |gate_f_6_V_reg_5181                |  16|   0|   16|          0|
    |gate_f_7_V_reg_5186                |  16|   0|   16|          0|
    |gate_f_8_V_reg_5191                |  16|   0|   16|          0|
    |gate_f_9_V_reg_5196                |  16|   0|   16|          0|
    |gate_f_activ_0_V_reg_5956          |  16|   0|   16|          0|
    |gate_f_activ_10_V_reg_6006         |  16|   0|   16|          0|
    |gate_f_activ_11_V_reg_6011         |  16|   0|   16|          0|
    |gate_f_activ_12_V_reg_6016         |  16|   0|   16|          0|
    |gate_f_activ_13_V_reg_6021         |  16|   0|   16|          0|
    |gate_f_activ_14_V_reg_6026         |  16|   0|   16|          0|
    |gate_f_activ_15_V_reg_6031         |  16|   0|   16|          0|
    |gate_f_activ_16_V_reg_6036         |  16|   0|   16|          0|
    |gate_f_activ_17_V_reg_6041         |  16|   0|   16|          0|
    |gate_f_activ_18_V_reg_6046         |  16|   0|   16|          0|
    |gate_f_activ_19_V_reg_6051         |  16|   0|   16|          0|
    |gate_f_activ_1_V_reg_5961          |  16|   0|   16|          0|
    |gate_f_activ_20_V_reg_6056         |  16|   0|   16|          0|
    |gate_f_activ_21_V_reg_6061         |  16|   0|   16|          0|
    |gate_f_activ_22_V_reg_6066         |  16|   0|   16|          0|
    |gate_f_activ_23_V_reg_6071         |  16|   0|   16|          0|
    |gate_f_activ_24_V_reg_6076         |  16|   0|   16|          0|
    |gate_f_activ_25_V_reg_6081         |  16|   0|   16|          0|
    |gate_f_activ_26_V_reg_6086         |  16|   0|   16|          0|
    |gate_f_activ_27_V_reg_6091         |  16|   0|   16|          0|
    |gate_f_activ_28_V_reg_6096         |  16|   0|   16|          0|
    |gate_f_activ_29_V_reg_6101         |  16|   0|   16|          0|
    |gate_f_activ_2_V_reg_5966          |  16|   0|   16|          0|
    |gate_f_activ_30_V_reg_6106         |  16|   0|   16|          0|
    |gate_f_activ_31_V_reg_6111         |  16|   0|   16|          0|
    |gate_f_activ_3_V_reg_5971          |  16|   0|   16|          0|
    |gate_f_activ_4_V_reg_5976          |  16|   0|   16|          0|
    |gate_f_activ_5_V_reg_5981          |  16|   0|   16|          0|
    |gate_f_activ_6_V_reg_5986          |  16|   0|   16|          0|
    |gate_f_activ_7_V_reg_5991          |  16|   0|   16|          0|
    |gate_f_activ_8_V_reg_5996          |  16|   0|   16|          0|
    |gate_f_activ_9_V_reg_6001          |  16|   0|   16|          0|
    |gate_g_0_V_reg_5311                |  16|   0|   16|          0|
    |gate_g_10_V_reg_5361               |  16|   0|   16|          0|
    |gate_g_11_V_reg_5366               |  16|   0|   16|          0|
    |gate_g_12_V_reg_5371               |  16|   0|   16|          0|
    |gate_g_13_V_reg_5376               |  16|   0|   16|          0|
    |gate_g_14_V_reg_5381               |  16|   0|   16|          0|
    |gate_g_15_V_reg_5386               |  16|   0|   16|          0|
    |gate_g_16_V_reg_5391               |  16|   0|   16|          0|
    |gate_g_17_V_reg_5396               |  16|   0|   16|          0|
    |gate_g_18_V_reg_5401               |  16|   0|   16|          0|
    |gate_g_19_V_reg_5406               |  16|   0|   16|          0|
    |gate_g_1_V_reg_5316                |  16|   0|   16|          0|
    |gate_g_20_V_reg_5411               |  16|   0|   16|          0|
    |gate_g_21_V_reg_5416               |  16|   0|   16|          0|
    |gate_g_22_V_reg_5421               |  16|   0|   16|          0|
    |gate_g_23_V_reg_5426               |  16|   0|   16|          0|
    |gate_g_24_V_reg_5431               |  16|   0|   16|          0|
    |gate_g_25_V_reg_5436               |  16|   0|   16|          0|
    |gate_g_26_V_reg_5441               |  16|   0|   16|          0|
    |gate_g_27_V_reg_5446               |  16|   0|   16|          0|
    |gate_g_28_V_reg_5451               |  16|   0|   16|          0|
    |gate_g_29_V_reg_5456               |  16|   0|   16|          0|
    |gate_g_2_V_reg_5321                |  16|   0|   16|          0|
    |gate_g_30_V_reg_5461               |  16|   0|   16|          0|
    |gate_g_31_V_reg_5466               |  16|   0|   16|          0|
    |gate_g_3_V_reg_5326                |  16|   0|   16|          0|
    |gate_g_4_V_reg_5331                |  16|   0|   16|          0|
    |gate_g_5_V_reg_5336                |  16|   0|   16|          0|
    |gate_g_6_V_reg_5341                |  16|   0|   16|          0|
    |gate_g_7_V_reg_5346                |  16|   0|   16|          0|
    |gate_g_8_V_reg_5351                |  16|   0|   16|          0|
    |gate_g_9_V_reg_5356                |  16|   0|   16|          0|
    |gate_g_activ_0_V_reg_5631          |  12|   0|   12|          0|
    |gate_g_activ_10_V_reg_5681         |  12|   0|   12|          0|
    |gate_g_activ_11_V_reg_5686         |  12|   0|   12|          0|
    |gate_g_activ_12_V_reg_5691         |  12|   0|   12|          0|
    |gate_g_activ_13_V_reg_5696         |  12|   0|   12|          0|
    |gate_g_activ_14_V_reg_5701         |  12|   0|   12|          0|
    |gate_g_activ_15_V_reg_5706         |  12|   0|   12|          0|
    |gate_g_activ_16_V_reg_5711         |  12|   0|   12|          0|
    |gate_g_activ_17_V_reg_5716         |  12|   0|   12|          0|
    |gate_g_activ_18_V_reg_5721         |  12|   0|   12|          0|
    |gate_g_activ_19_V_reg_5726         |  12|   0|   12|          0|
    |gate_g_activ_1_V_reg_5636          |  12|   0|   12|          0|
    |gate_g_activ_20_V_reg_5731         |  12|   0|   12|          0|
    |gate_g_activ_21_V_reg_5736         |  12|   0|   12|          0|
    |gate_g_activ_22_V_reg_5741         |  12|   0|   12|          0|
    |gate_g_activ_23_V_reg_5746         |  12|   0|   12|          0|
    |gate_g_activ_24_V_reg_5751         |  12|   0|   12|          0|
    |gate_g_activ_25_V_reg_5756         |  12|   0|   12|          0|
    |gate_g_activ_26_V_reg_5761         |  12|   0|   12|          0|
    |gate_g_activ_27_V_reg_5766         |  12|   0|   12|          0|
    |gate_g_activ_28_V_reg_5771         |  12|   0|   12|          0|
    |gate_g_activ_29_V_reg_5776         |  12|   0|   12|          0|
    |gate_g_activ_2_V_reg_5641          |  12|   0|   12|          0|
    |gate_g_activ_30_V_reg_5781         |  12|   0|   12|          0|
    |gate_g_activ_31_V_reg_5786         |  12|   0|   12|          0|
    |gate_g_activ_3_V_reg_5646          |  12|   0|   12|          0|
    |gate_g_activ_4_V_reg_5651          |  12|   0|   12|          0|
    |gate_g_activ_5_V_reg_5656          |  12|   0|   12|          0|
    |gate_g_activ_6_V_reg_5661          |  12|   0|   12|          0|
    |gate_g_activ_7_V_reg_5666          |  12|   0|   12|          0|
    |gate_g_activ_8_V_reg_5671          |  12|   0|   12|          0|
    |gate_g_activ_9_V_reg_5676          |  12|   0|   12|          0|
    |gate_i_0_V_reg_4991                |  16|   0|   16|          0|
    |gate_i_10_V_reg_5041               |  16|   0|   16|          0|
    |gate_i_11_V_reg_5046               |  16|   0|   16|          0|
    |gate_i_12_V_reg_5051               |  16|   0|   16|          0|
    |gate_i_13_V_reg_5056               |  16|   0|   16|          0|
    |gate_i_14_V_reg_5061               |  16|   0|   16|          0|
    |gate_i_15_V_reg_5066               |  16|   0|   16|          0|
    |gate_i_16_V_reg_5071               |  16|   0|   16|          0|
    |gate_i_17_V_reg_5076               |  16|   0|   16|          0|
    |gate_i_18_V_reg_5081               |  16|   0|   16|          0|
    |gate_i_19_V_reg_5086               |  16|   0|   16|          0|
    |gate_i_1_V_reg_4996                |  16|   0|   16|          0|
    |gate_i_20_V_reg_5091               |  16|   0|   16|          0|
    |gate_i_21_V_reg_5096               |  16|   0|   16|          0|
    |gate_i_22_V_reg_5101               |  16|   0|   16|          0|
    |gate_i_23_V_reg_5106               |  16|   0|   16|          0|
    |gate_i_24_V_reg_5111               |  16|   0|   16|          0|
    |gate_i_25_V_reg_5116               |  16|   0|   16|          0|
    |gate_i_26_V_reg_5121               |  16|   0|   16|          0|
    |gate_i_27_V_reg_5126               |  16|   0|   16|          0|
    |gate_i_28_V_reg_5131               |  16|   0|   16|          0|
    |gate_i_29_V_reg_5136               |  16|   0|   16|          0|
    |gate_i_2_V_reg_5001                |  16|   0|   16|          0|
    |gate_i_30_V_reg_5141               |  16|   0|   16|          0|
    |gate_i_31_V_reg_5146               |  16|   0|   16|          0|
    |gate_i_3_V_reg_5006                |  16|   0|   16|          0|
    |gate_i_4_V_reg_5011                |  16|   0|   16|          0|
    |gate_i_5_V_reg_5016                |  16|   0|   16|          0|
    |gate_i_6_V_reg_5021                |  16|   0|   16|          0|
    |gate_i_7_V_reg_5026                |  16|   0|   16|          0|
    |gate_i_8_V_reg_5031                |  16|   0|   16|          0|
    |gate_i_9_V_reg_5036                |  16|   0|   16|          0|
    |gate_i_activ_0_V_reg_5796          |  16|   0|   16|          0|
    |gate_i_activ_10_V_reg_5846         |  16|   0|   16|          0|
    |gate_i_activ_11_V_reg_5851         |  16|   0|   16|          0|
    |gate_i_activ_12_V_reg_5856         |  16|   0|   16|          0|
    |gate_i_activ_13_V_reg_5861         |  16|   0|   16|          0|
    |gate_i_activ_14_V_reg_5866         |  16|   0|   16|          0|
    |gate_i_activ_15_V_reg_5871         |  16|   0|   16|          0|
    |gate_i_activ_16_V_reg_5876         |  16|   0|   16|          0|
    |gate_i_activ_17_V_reg_5881         |  16|   0|   16|          0|
    |gate_i_activ_18_V_reg_5886         |  16|   0|   16|          0|
    |gate_i_activ_19_V_reg_5891         |  16|   0|   16|          0|
    |gate_i_activ_1_V_reg_5801          |  16|   0|   16|          0|
    |gate_i_activ_20_V_reg_5896         |  16|   0|   16|          0|
    |gate_i_activ_21_V_reg_5901         |  16|   0|   16|          0|
    |gate_i_activ_22_V_reg_5906         |  16|   0|   16|          0|
    |gate_i_activ_23_V_reg_5911         |  16|   0|   16|          0|
    |gate_i_activ_24_V_reg_5916         |  16|   0|   16|          0|
    |gate_i_activ_25_V_reg_5921         |  16|   0|   16|          0|
    |gate_i_activ_26_V_reg_5926         |  16|   0|   16|          0|
    |gate_i_activ_27_V_reg_5931         |  16|   0|   16|          0|
    |gate_i_activ_28_V_reg_5936         |  16|   0|   16|          0|
    |gate_i_activ_29_V_reg_5941         |  16|   0|   16|          0|
    |gate_i_activ_2_V_reg_5806          |  16|   0|   16|          0|
    |gate_i_activ_30_V_reg_5946         |  16|   0|   16|          0|
    |gate_i_activ_31_V_reg_5951         |  16|   0|   16|          0|
    |gate_i_activ_3_V_reg_5811          |  16|   0|   16|          0|
    |gate_i_activ_4_V_reg_5816          |  16|   0|   16|          0|
    |gate_i_activ_5_V_reg_5821          |  16|   0|   16|          0|
    |gate_i_activ_6_V_reg_5826          |  16|   0|   16|          0|
    |gate_i_activ_7_V_reg_5831          |  16|   0|   16|          0|
    |gate_i_activ_8_V_reg_5836          |  16|   0|   16|          0|
    |gate_i_activ_9_V_reg_5841          |  16|   0|   16|          0|
    |gate_o_0_V_reg_5471                |  16|   0|   16|          0|
    |gate_o_10_V_reg_5521               |  16|   0|   16|          0|
    |gate_o_11_V_reg_5526               |  16|   0|   16|          0|
    |gate_o_12_V_reg_5531               |  16|   0|   16|          0|
    |gate_o_13_V_reg_5536               |  16|   0|   16|          0|
    |gate_o_14_V_reg_5541               |  16|   0|   16|          0|
    |gate_o_15_V_reg_5546               |  16|   0|   16|          0|
    |gate_o_16_V_reg_5551               |  16|   0|   16|          0|
    |gate_o_17_V_reg_5556               |  16|   0|   16|          0|
    |gate_o_18_V_reg_5561               |  16|   0|   16|          0|
    |gate_o_19_V_reg_5566               |  16|   0|   16|          0|
    |gate_o_1_V_reg_5476                |  16|   0|   16|          0|
    |gate_o_20_V_reg_5571               |  16|   0|   16|          0|
    |gate_o_21_V_reg_5576               |  16|   0|   16|          0|
    |gate_o_22_V_reg_5581               |  16|   0|   16|          0|
    |gate_o_23_V_reg_5586               |  16|   0|   16|          0|
    |gate_o_24_V_reg_5591               |  16|   0|   16|          0|
    |gate_o_25_V_reg_5596               |  16|   0|   16|          0|
    |gate_o_26_V_reg_5601               |  16|   0|   16|          0|
    |gate_o_27_V_reg_5606               |  16|   0|   16|          0|
    |gate_o_28_V_reg_5611               |  16|   0|   16|          0|
    |gate_o_29_V_reg_5616               |  16|   0|   16|          0|
    |gate_o_2_V_reg_5481                |  16|   0|   16|          0|
    |gate_o_30_V_reg_5621               |  16|   0|   16|          0|
    |gate_o_31_V_reg_5626               |  16|   0|   16|          0|
    |gate_o_3_V_reg_5486                |  16|   0|   16|          0|
    |gate_o_4_V_reg_5491                |  16|   0|   16|          0|
    |gate_o_5_V_reg_5496                |  16|   0|   16|          0|
    |gate_o_6_V_reg_5501                |  16|   0|   16|          0|
    |gate_o_7_V_reg_5506                |  16|   0|   16|          0|
    |gate_o_8_V_reg_5511                |  16|   0|   16|          0|
    |gate_o_9_V_reg_5516                |  16|   0|   16|          0|
    |gate_o_activ_0_V_reg_6116          |  16|   0|   16|          0|
    |gate_o_activ_10_V_reg_6166         |  16|   0|   16|          0|
    |gate_o_activ_11_V_reg_6171         |  16|   0|   16|          0|
    |gate_o_activ_12_V_reg_6176         |  16|   0|   16|          0|
    |gate_o_activ_13_V_reg_6181         |  16|   0|   16|          0|
    |gate_o_activ_14_V_reg_6186         |  16|   0|   16|          0|
    |gate_o_activ_15_V_reg_6191         |  16|   0|   16|          0|
    |gate_o_activ_16_V_reg_6196         |  16|   0|   16|          0|
    |gate_o_activ_17_V_reg_6201         |  16|   0|   16|          0|
    |gate_o_activ_18_V_reg_6206         |  16|   0|   16|          0|
    |gate_o_activ_19_V_reg_6211         |  16|   0|   16|          0|
    |gate_o_activ_1_V_reg_6121          |  16|   0|   16|          0|
    |gate_o_activ_20_V_reg_6216         |  16|   0|   16|          0|
    |gate_o_activ_21_V_reg_6221         |  16|   0|   16|          0|
    |gate_o_activ_22_V_reg_6226         |  16|   0|   16|          0|
    |gate_o_activ_23_V_reg_6231         |  16|   0|   16|          0|
    |gate_o_activ_24_V_reg_6236         |  16|   0|   16|          0|
    |gate_o_activ_25_V_reg_6241         |  16|   0|   16|          0|
    |gate_o_activ_26_V_reg_6246         |  16|   0|   16|          0|
    |gate_o_activ_27_V_reg_6251         |  16|   0|   16|          0|
    |gate_o_activ_28_V_reg_6256         |  16|   0|   16|          0|
    |gate_o_activ_29_V_reg_6261         |  16|   0|   16|          0|
    |gate_o_activ_2_V_reg_6126          |  16|   0|   16|          0|
    |gate_o_activ_30_V_reg_6266         |  16|   0|   16|          0|
    |gate_o_activ_31_V_reg_6271         |  16|   0|   16|          0|
    |gate_o_activ_3_V_reg_6131          |  16|   0|   16|          0|
    |gate_o_activ_4_V_reg_6136          |  16|   0|   16|          0|
    |gate_o_activ_5_V_reg_6141          |  16|   0|   16|          0|
    |gate_o_activ_6_V_reg_6146          |  16|   0|   16|          0|
    |gate_o_activ_7_V_reg_6151          |  16|   0|   16|          0|
    |gate_o_activ_8_V_reg_6156          |  16|   0|   16|          0|
    |gate_o_activ_9_V_reg_6161          |  16|   0|   16|          0|
    |grp_sigmoid_fu_1689_ap_start_reg   |   1|   0|    1|          0|
    |grp_sigmoid_fu_1727_ap_start_reg   |   1|   0|    1|          0|
    |grp_sigmoid_fu_1765_ap_start_reg   |   1|   0|    1|          0|
    |h_pre_V_0_0_out_096_reg_501        |  16|   0|   16|          0|
    |h_pre_V_10_0_out_076_reg_651       |  16|   0|   16|          0|
    |h_pre_V_11_0_out_074_reg_666       |  16|   0|   16|          0|
    |h_pre_V_12_0_out_072_reg_681       |  16|   0|   16|          0|
    |h_pre_V_13_0_out_070_reg_696       |  16|   0|   16|          0|
    |h_pre_V_14_0_out_068_reg_711       |  16|   0|   16|          0|
    |h_pre_V_15_0_out_066_reg_726       |  16|   0|   16|          0|
    |h_pre_V_16_0_out_064_reg_741       |  16|   0|   16|          0|
    |h_pre_V_17_0_out_062_reg_756       |  16|   0|   16|          0|
    |h_pre_V_18_0_out_060_reg_771       |  16|   0|   16|          0|
    |h_pre_V_19_0_out_058_reg_786       |  16|   0|   16|          0|
    |h_pre_V_1_0_out_094_reg_516        |  16|   0|   16|          0|
    |h_pre_V_20_0_out_056_reg_801       |  16|   0|   16|          0|
    |h_pre_V_21_0_out_054_reg_816       |  16|   0|   16|          0|
    |h_pre_V_22_0_out_052_reg_831       |  16|   0|   16|          0|
    |h_pre_V_23_0_out_050_reg_846       |  16|   0|   16|          0|
    |h_pre_V_24_0_out_048_reg_861       |  16|   0|   16|          0|
    |h_pre_V_25_0_out_046_reg_876       |  16|   0|   16|          0|
    |h_pre_V_26_0_out_044_reg_891       |  16|   0|   16|          0|
    |h_pre_V_27_0_out_042_reg_906       |  16|   0|   16|          0|
    |h_pre_V_28_0_out_040_reg_921       |  16|   0|   16|          0|
    |h_pre_V_29_0_out_038_reg_936       |  16|   0|   16|          0|
    |h_pre_V_2_0_out_092_reg_531        |  16|   0|   16|          0|
    |h_pre_V_30_0_out_036_reg_951       |  16|   0|   16|          0|
    |h_pre_V_31_0_out_034_reg_966       |  16|   0|   16|          0|
    |h_pre_V_3_0_out_090_reg_546        |  16|   0|   16|          0|
    |h_pre_V_4_0_out_088_reg_561        |  16|   0|   16|          0|
    |h_pre_V_5_0_out_086_reg_576        |  16|   0|   16|          0|
    |h_pre_V_6_0_out_084_reg_591        |  16|   0|   16|          0|
    |h_pre_V_7_0_out_082_reg_606        |  16|   0|   16|          0|
    |h_pre_V_8_0_out_080_reg_621        |  16|   0|   16|          0|
    |h_pre_V_9_0_out_078_reg_636        |  16|   0|   16|          0|
    |icmp_ln463_reg_4207                |   1|   0|    1|          0|
    |icmp_ln463_reg_4207_pp0_iter1_reg  |   1|   0|    1|          0|
    |input_x_0_V_reg_4211               |  16|   0|   16|          0|
    |input_x_10_V_reg_4261              |  16|   0|   16|          0|
    |input_x_11_V_reg_4266              |  16|   0|   16|          0|
    |input_x_12_V_reg_4271              |  16|   0|   16|          0|
    |input_x_13_V_reg_4276              |  16|   0|   16|          0|
    |input_x_14_V_reg_4281              |  16|   0|   16|          0|
    |input_x_15_V_reg_4286              |  16|   0|   16|          0|
    |input_x_16_V_reg_4291              |  16|   0|   16|          0|
    |input_x_17_V_reg_4296              |  16|   0|   16|          0|
    |input_x_18_V_reg_4301              |  16|   0|   16|          0|
    |input_x_19_V_reg_4306              |  16|   0|   16|          0|
    |input_x_1_V_reg_4216               |  16|   0|   16|          0|
    |input_x_20_V_reg_4311              |  16|   0|   16|          0|
    |input_x_21_V_reg_4316              |  16|   0|   16|          0|
    |input_x_22_V_reg_4321              |  16|   0|   16|          0|
    |input_x_23_V_reg_4326              |  16|   0|   16|          0|
    |input_x_24_V_reg_4331              |  16|   0|   16|          0|
    |input_x_25_V_reg_4336              |  16|   0|   16|          0|
    |input_x_26_V_reg_4341              |  16|   0|   16|          0|
    |input_x_27_V_reg_4346              |  16|   0|   16|          0|
    |input_x_2_V_reg_4221               |  16|   0|   16|          0|
    |input_x_3_V_reg_4226               |  16|   0|   16|          0|
    |input_x_4_V_reg_4231               |  16|   0|   16|          0|
    |input_x_5_V_reg_4236               |  16|   0|   16|          0|
    |input_x_6_V_reg_4241               |  16|   0|   16|          0|
    |input_x_7_V_reg_4246               |  16|   0|   16|          0|
    |input_x_8_V_reg_4251               |  16|   0|   16|          0|
    |input_x_9_V_reg_4256               |  16|   0|   16|          0|
    |its_0_i97_reg_486                  |   5|   0|    5|          0|
    |its_reg_5791                       |   5|   0|    5|          0|
    +-----------------------------------+----+----+-----+-----------+
    |Total                              |8030|   0| 8030|          0|
    +-----------------------------------+----+----+-----+-----------+



================================================================
== Interface
================================================================
* Summary: 
+-----------------------+-----+-----+------------+----------------------+--------------+
|       RTL Ports       | Dir | Bits|  Protocol  |     Source Object    |    C Type    |
+-----------------------+-----+-----+------------+----------------------+--------------+
|ap_clk                 |  in |    1| ap_ctrl_hs | Loop_LSTM_TS_proc234 | return value |
|ap_rst                 |  in |    1| ap_ctrl_hs | Loop_LSTM_TS_proc234 | return value |
|ap_start               |  in |    1| ap_ctrl_hs | Loop_LSTM_TS_proc234 | return value |
|ap_done                | out |    1| ap_ctrl_hs | Loop_LSTM_TS_proc234 | return value |
|ap_continue            |  in |    1| ap_ctrl_hs | Loop_LSTM_TS_proc234 | return value |
|ap_idle                | out |    1| ap_ctrl_hs | Loop_LSTM_TS_proc234 | return value |
|ap_ready               | out |    1| ap_ctrl_hs | Loop_LSTM_TS_proc234 | return value |
|ap_return_0            | out |   16| ap_ctrl_hs | Loop_LSTM_TS_proc234 | return value |
|ap_return_1            | out |   16| ap_ctrl_hs | Loop_LSTM_TS_proc234 | return value |
|ap_return_2            | out |   16| ap_ctrl_hs | Loop_LSTM_TS_proc234 | return value |
|ap_return_3            | out |   16| ap_ctrl_hs | Loop_LSTM_TS_proc234 | return value |
|ap_return_4            | out |   16| ap_ctrl_hs | Loop_LSTM_TS_proc234 | return value |
|ap_return_5            | out |   16| ap_ctrl_hs | Loop_LSTM_TS_proc234 | return value |
|ap_return_6            | out |   16| ap_ctrl_hs | Loop_LSTM_TS_proc234 | return value |
|ap_return_7            | out |   16| ap_ctrl_hs | Loop_LSTM_TS_proc234 | return value |
|ap_return_8            | out |   16| ap_ctrl_hs | Loop_LSTM_TS_proc234 | return value |
|ap_return_9            | out |   16| ap_ctrl_hs | Loop_LSTM_TS_proc234 | return value |
|ap_return_10           | out |   16| ap_ctrl_hs | Loop_LSTM_TS_proc234 | return value |
|ap_return_11           | out |   16| ap_ctrl_hs | Loop_LSTM_TS_proc234 | return value |
|ap_return_12           | out |   16| ap_ctrl_hs | Loop_LSTM_TS_proc234 | return value |
|ap_return_13           | out |   16| ap_ctrl_hs | Loop_LSTM_TS_proc234 | return value |
|ap_return_14           | out |   16| ap_ctrl_hs | Loop_LSTM_TS_proc234 | return value |
|ap_return_15           | out |   16| ap_ctrl_hs | Loop_LSTM_TS_proc234 | return value |
|ap_return_16           | out |   16| ap_ctrl_hs | Loop_LSTM_TS_proc234 | return value |
|ap_return_17           | out |   16| ap_ctrl_hs | Loop_LSTM_TS_proc234 | return value |
|ap_return_18           | out |   16| ap_ctrl_hs | Loop_LSTM_TS_proc234 | return value |
|ap_return_19           | out |   16| ap_ctrl_hs | Loop_LSTM_TS_proc234 | return value |
|ap_return_20           | out |   16| ap_ctrl_hs | Loop_LSTM_TS_proc234 | return value |
|ap_return_21           | out |   16| ap_ctrl_hs | Loop_LSTM_TS_proc234 | return value |
|ap_return_22           | out |   16| ap_ctrl_hs | Loop_LSTM_TS_proc234 | return value |
|ap_return_23           | out |   16| ap_ctrl_hs | Loop_LSTM_TS_proc234 | return value |
|ap_return_24           | out |   16| ap_ctrl_hs | Loop_LSTM_TS_proc234 | return value |
|ap_return_25           | out |   16| ap_ctrl_hs | Loop_LSTM_TS_proc234 | return value |
|ap_return_26           | out |   16| ap_ctrl_hs | Loop_LSTM_TS_proc234 | return value |
|ap_return_27           | out |   16| ap_ctrl_hs | Loop_LSTM_TS_proc234 | return value |
|ap_return_28           | out |   16| ap_ctrl_hs | Loop_LSTM_TS_proc234 | return value |
|ap_return_29           | out |   16| ap_ctrl_hs | Loop_LSTM_TS_proc234 | return value |
|ap_return_30           | out |   16| ap_ctrl_hs | Loop_LSTM_TS_proc234 | return value |
|ap_return_31           | out |   16| ap_ctrl_hs | Loop_LSTM_TS_proc234 | return value |
|input_1_0_V_address0   | out |    5|  ap_memory |      input_1_0_V     |     array    |
|input_1_0_V_ce0        | out |    1|  ap_memory |      input_1_0_V     |     array    |
|input_1_0_V_q0         |  in |   16|  ap_memory |      input_1_0_V     |     array    |
|input_1_1_V_address0   | out |    5|  ap_memory |      input_1_1_V     |     array    |
|input_1_1_V_ce0        | out |    1|  ap_memory |      input_1_1_V     |     array    |
|input_1_1_V_q0         |  in |   16|  ap_memory |      input_1_1_V     |     array    |
|input_1_2_V_address0   | out |    5|  ap_memory |      input_1_2_V     |     array    |
|input_1_2_V_ce0        | out |    1|  ap_memory |      input_1_2_V     |     array    |
|input_1_2_V_q0         |  in |   16|  ap_memory |      input_1_2_V     |     array    |
|input_1_3_V_address0   | out |    5|  ap_memory |      input_1_3_V     |     array    |
|input_1_3_V_ce0        | out |    1|  ap_memory |      input_1_3_V     |     array    |
|input_1_3_V_q0         |  in |   16|  ap_memory |      input_1_3_V     |     array    |
|input_1_4_V_address0   | out |    5|  ap_memory |      input_1_4_V     |     array    |
|input_1_4_V_ce0        | out |    1|  ap_memory |      input_1_4_V     |     array    |
|input_1_4_V_q0         |  in |   16|  ap_memory |      input_1_4_V     |     array    |
|input_1_5_V_address0   | out |    5|  ap_memory |      input_1_5_V     |     array    |
|input_1_5_V_ce0        | out |    1|  ap_memory |      input_1_5_V     |     array    |
|input_1_5_V_q0         |  in |   16|  ap_memory |      input_1_5_V     |     array    |
|input_1_6_V_address0   | out |    5|  ap_memory |      input_1_6_V     |     array    |
|input_1_6_V_ce0        | out |    1|  ap_memory |      input_1_6_V     |     array    |
|input_1_6_V_q0         |  in |   16|  ap_memory |      input_1_6_V     |     array    |
|input_1_7_V_address0   | out |    5|  ap_memory |      input_1_7_V     |     array    |
|input_1_7_V_ce0        | out |    1|  ap_memory |      input_1_7_V     |     array    |
|input_1_7_V_q0         |  in |   16|  ap_memory |      input_1_7_V     |     array    |
|input_1_8_V_address0   | out |    5|  ap_memory |      input_1_8_V     |     array    |
|input_1_8_V_ce0        | out |    1|  ap_memory |      input_1_8_V     |     array    |
|input_1_8_V_q0         |  in |   16|  ap_memory |      input_1_8_V     |     array    |
|input_1_9_V_address0   | out |    5|  ap_memory |      input_1_9_V     |     array    |
|input_1_9_V_ce0        | out |    1|  ap_memory |      input_1_9_V     |     array    |
|input_1_9_V_q0         |  in |   16|  ap_memory |      input_1_9_V     |     array    |
|input_1_10_V_address0  | out |    5|  ap_memory |     input_1_10_V     |     array    |
|input_1_10_V_ce0       | out |    1|  ap_memory |     input_1_10_V     |     array    |
|input_1_10_V_q0        |  in |   16|  ap_memory |     input_1_10_V     |     array    |
|input_1_11_V_address0  | out |    5|  ap_memory |     input_1_11_V     |     array    |
|input_1_11_V_ce0       | out |    1|  ap_memory |     input_1_11_V     |     array    |
|input_1_11_V_q0        |  in |   16|  ap_memory |     input_1_11_V     |     array    |
|input_1_12_V_address0  | out |    5|  ap_memory |     input_1_12_V     |     array    |
|input_1_12_V_ce0       | out |    1|  ap_memory |     input_1_12_V     |     array    |
|input_1_12_V_q0        |  in |   16|  ap_memory |     input_1_12_V     |     array    |
|input_1_13_V_address0  | out |    5|  ap_memory |     input_1_13_V     |     array    |
|input_1_13_V_ce0       | out |    1|  ap_memory |     input_1_13_V     |     array    |
|input_1_13_V_q0        |  in |   16|  ap_memory |     input_1_13_V     |     array    |
|input_1_14_V_address0  | out |    5|  ap_memory |     input_1_14_V     |     array    |
|input_1_14_V_ce0       | out |    1|  ap_memory |     input_1_14_V     |     array    |
|input_1_14_V_q0        |  in |   16|  ap_memory |     input_1_14_V     |     array    |
|input_1_15_V_address0  | out |    5|  ap_memory |     input_1_15_V     |     array    |
|input_1_15_V_ce0       | out |    1|  ap_memory |     input_1_15_V     |     array    |
|input_1_15_V_q0        |  in |   16|  ap_memory |     input_1_15_V     |     array    |
|input_1_16_V_address0  | out |    5|  ap_memory |     input_1_16_V     |     array    |
|input_1_16_V_ce0       | out |    1|  ap_memory |     input_1_16_V     |     array    |
|input_1_16_V_q0        |  in |   16|  ap_memory |     input_1_16_V     |     array    |
|input_1_17_V_address0  | out |    5|  ap_memory |     input_1_17_V     |     array    |
|input_1_17_V_ce0       | out |    1|  ap_memory |     input_1_17_V     |     array    |
|input_1_17_V_q0        |  in |   16|  ap_memory |     input_1_17_V     |     array    |
|input_1_18_V_address0  | out |    5|  ap_memory |     input_1_18_V     |     array    |
|input_1_18_V_ce0       | out |    1|  ap_memory |     input_1_18_V     |     array    |
|input_1_18_V_q0        |  in |   16|  ap_memory |     input_1_18_V     |     array    |
|input_1_19_V_address0  | out |    5|  ap_memory |     input_1_19_V     |     array    |
|input_1_19_V_ce0       | out |    1|  ap_memory |     input_1_19_V     |     array    |
|input_1_19_V_q0        |  in |   16|  ap_memory |     input_1_19_V     |     array    |
|input_1_20_V_address0  | out |    5|  ap_memory |     input_1_20_V     |     array    |
|input_1_20_V_ce0       | out |    1|  ap_memory |     input_1_20_V     |     array    |
|input_1_20_V_q0        |  in |   16|  ap_memory |     input_1_20_V     |     array    |
|input_1_21_V_address0  | out |    5|  ap_memory |     input_1_21_V     |     array    |
|input_1_21_V_ce0       | out |    1|  ap_memory |     input_1_21_V     |     array    |
|input_1_21_V_q0        |  in |   16|  ap_memory |     input_1_21_V     |     array    |
|input_1_22_V_address0  | out |    5|  ap_memory |     input_1_22_V     |     array    |
|input_1_22_V_ce0       | out |    1|  ap_memory |     input_1_22_V     |     array    |
|input_1_22_V_q0        |  in |   16|  ap_memory |     input_1_22_V     |     array    |
|input_1_23_V_address0  | out |    5|  ap_memory |     input_1_23_V     |     array    |
|input_1_23_V_ce0       | out |    1|  ap_memory |     input_1_23_V     |     array    |
|input_1_23_V_q0        |  in |   16|  ap_memory |     input_1_23_V     |     array    |
|input_1_24_V_address0  | out |    5|  ap_memory |     input_1_24_V     |     array    |
|input_1_24_V_ce0       | out |    1|  ap_memory |     input_1_24_V     |     array    |
|input_1_24_V_q0        |  in |   16|  ap_memory |     input_1_24_V     |     array    |
|input_1_25_V_address0  | out |    5|  ap_memory |     input_1_25_V     |     array    |
|input_1_25_V_ce0       | out |    1|  ap_memory |     input_1_25_V     |     array    |
|input_1_25_V_q0        |  in |   16|  ap_memory |     input_1_25_V     |     array    |
|input_1_26_V_address0  | out |    5|  ap_memory |     input_1_26_V     |     array    |
|input_1_26_V_ce0       | out |    1|  ap_memory |     input_1_26_V     |     array    |
|input_1_26_V_q0        |  in |   16|  ap_memory |     input_1_26_V     |     array    |
|input_1_27_V_address0  | out |    5|  ap_memory |     input_1_27_V     |     array    |
|input_1_27_V_ce0       | out |    1|  ap_memory |     input_1_27_V     |     array    |
|input_1_27_V_q0        |  in |   16|  ap_memory |     input_1_27_V     |     array    |
+-----------------------+-----+-----+------------+----------------------+--------------+

