

================================================================
== Vivado HLS Report for 'hard_tanh_3'
================================================================
* Date:           Mon Aug 30 22:34:20 2021

* Version:        2019.2 (Build 2704478 on Wed Nov 06 22:10:23 MST 2019)
* Project:        myproject_prj
* Solution:       solution1
* Product family: kintexu
* Target device:  xcku115-flvb2104-2-i


================================================================
== Performance Estimates
================================================================
+ Timing: 
    * Summary: 
    +--------+---------+----------+------------+
    |  Clock |  Target | Estimated| Uncertainty|
    +--------+---------+----------+------------+
    |ap_clk  | 5.00 ns | 1.468 ns |   0.62 ns  |
    +--------+---------+----------+------------+

+ Latency: 
    * Summary: 
    +---------+---------+----------+----------+-----+-----+----------+
    |  Latency (cycles) |  Latency (absolute) |  Interval | Pipeline |
    |   min   |   max   |    min   |    max   | min | max |   Type   |
    +---------+---------+----------+----------+-----+-----+----------+
    |        0|        0|   0 ns   |   0 ns   |    1|    1| function |
    +---------+---------+----------+----------+-----+-----+----------+

    + Detail: 
        * Instance: 
        N/A

        * Loop: 
        N/A

============================================================
+ Verbose Summary: Synthesis Manager
============================================================
InlineROM: 1
ExposeGlobal: 0
============================================================
+ Verbose Summary: CDFG Model
============================================================
IsTopModel: 0
ResetActiveHigh: 1
IsCombinational: 0
IsDatapathOnly: 0
HasWiredReturn: 1
HasMFsm: 2
HasVarLatency: 0
IsPipeline: 1
IsRtlPipelined: 0
IsInstanceOverlapped: 0
IsDontTouch: 0
HasImplIP: 0
IsGatedGlobalClock: 0

+ Individual pipeline summary: 
  * Pipeline-0: initiation interval (II) = 1, depth = 1


============================================================
+ Verbose Summary: Schedule
============================================================
* Number of FSM states : 1
* Pipeline : 1
  Pipeline-0 : II = 1, D = 1, States = { 1 }
* Dataflow Pipeline: 0

* FSM state transitions: 
1 --> 

* FSM state operations: 

State 1 <SV = 0> <Delay = 1.46>
ST_1 : Operation 2 [1/1] (0.00ns)   --->   "%data_7_V_read_4 = call i16 @_ssdm_op_Read.ap_auto.i16(i16 %data_7_V_read)" [firmware/nnet_utils/nnet_activation.h:331]   --->   Operation 2 'read' 'data_7_V_read_4' <Predicate = true> <Delay = 0.00>
ST_1 : Operation 3 [1/1] (0.00ns)   --->   "%data_6_V_read_4 = call i16 @_ssdm_op_Read.ap_auto.i16(i16 %data_6_V_read)" [firmware/nnet_utils/nnet_activation.h:331]   --->   Operation 3 'read' 'data_6_V_read_4' <Predicate = true> <Delay = 0.00>
ST_1 : Operation 4 [1/1] (0.00ns)   --->   "%data_5_V_read_4 = call i16 @_ssdm_op_Read.ap_auto.i16(i16 %data_5_V_read)" [firmware/nnet_utils/nnet_activation.h:331]   --->   Operation 4 'read' 'data_5_V_read_4' <Predicate = true> <Delay = 0.00>
ST_1 : Operation 5 [1/1] (0.00ns)   --->   "%data_4_V_read_4 = call i16 @_ssdm_op_Read.ap_auto.i16(i16 %data_4_V_read)" [firmware/nnet_utils/nnet_activation.h:331]   --->   Operation 5 'read' 'data_4_V_read_4' <Predicate = true> <Delay = 0.00>
ST_1 : Operation 6 [1/1] (0.00ns)   --->   "%data_3_V_read_3 = call i16 @_ssdm_op_Read.ap_auto.i16(i16 %data_3_V_read)" [firmware/nnet_utils/nnet_activation.h:331]   --->   Operation 6 'read' 'data_3_V_read_3' <Predicate = true> <Delay = 0.00>
ST_1 : Operation 7 [1/1] (0.00ns)   --->   "%data_2_V_read_2 = call i16 @_ssdm_op_Read.ap_auto.i16(i16 %data_2_V_read)" [firmware/nnet_utils/nnet_activation.h:331]   --->   Operation 7 'read' 'data_2_V_read_2' <Predicate = true> <Delay = 0.00>
ST_1 : Operation 8 [1/1] (0.00ns)   --->   "%data_1_V_read_4 = call i16 @_ssdm_op_Read.ap_auto.i16(i16 %data_1_V_read)" [firmware/nnet_utils/nnet_activation.h:331]   --->   Operation 8 'read' 'data_1_V_read_4' <Predicate = true> <Delay = 0.00>
ST_1 : Operation 9 [1/1] (0.00ns)   --->   "%data_0_V_read_4 = call i16 @_ssdm_op_Read.ap_auto.i16(i16 %data_0_V_read)" [firmware/nnet_utils/nnet_activation.h:331]   --->   Operation 9 'read' 'data_0_V_read_4' <Predicate = true> <Delay = 0.00>
ST_1 : Operation 10 [1/1] (0.00ns)   --->   "%tmp = call i32 (...)* @_ssdm_op_SpecRegionBegin([12 x i8]* @p_str35)" [firmware/nnet_utils/nnet_activation.h:334]   --->   Operation 10 'specregionbegin' 'tmp' <Predicate = true> <Delay = 0.00>
ST_1 : Operation 11 [1/1] (0.00ns)   --->   "call void (...)* @_ssdm_op_SpecPipeline(i32 -1, i32 1, i32 1, i32 0, [1 x i8]* @p_str9) nounwind" [firmware/nnet_utils/nnet_activation.h:335]   --->   Operation 11 'specpipeline' <Predicate = true> <Delay = 0.00>
ST_1 : Operation 12 [1/1] (0.00ns)   --->   "%empty = call i32 (...)* @_ssdm_op_SpecRegionEnd([12 x i8]* @p_str35, i32 %tmp)" [firmware/nnet_utils/nnet_activation.h:336]   --->   Operation 12 'specregionend' 'empty' <Predicate = true> <Delay = 0.00>
ST_1 : Operation 13 [1/1] (1.09ns)   --->   "%icmp_ln1494 = icmp sgt i16 %data_0_V_read_4, 1024" [firmware/nnet_utils/nnet_activation.h:346]   --->   Operation 13 'icmp' 'icmp_ln1494' <Predicate = true> <Delay = 1.09> <Core = "Cmp">   --->   Core 25 'Cmp' <Latency = 0> <II = 1> <Delay = 1.09> <FuncUnit> <Opcode : 'icmp'> <InPorts = 2> <OutPorts = 1>
ST_1 : Operation 14 [1/1] (1.09ns)   --->   "%icmp_ln1495 = icmp slt i16 %data_0_V_read_4, -1024" [firmware/nnet_utils/nnet_activation.h:347]   --->   Operation 14 'icmp' 'icmp_ln1495' <Predicate = true> <Delay = 1.09> <Core = "Cmp">   --->   Core 25 'Cmp' <Latency = 0> <II = 1> <Delay = 1.09> <FuncUnit> <Opcode : 'icmp'> <InPorts = 2> <OutPorts = 1>
ST_1 : Operation 15 [1/1] (0.00ns) (grouped into LUT with out node select_ln1494_1)   --->   "%trunc_ln347 = trunc i16 %data_0_V_read_4 to i12" [firmware/nnet_utils/nnet_activation.h:347]   --->   Operation 15 'trunc' 'trunc_ln347' <Predicate = (!or_ln1494)> <Delay = 0.00>
ST_1 : Operation 16 [1/1] (0.00ns) (grouped into LUT with out node select_ln1494_1)   --->   "%select_ln1494 = select i1 %icmp_ln1494, i12 1024, i12 -1024" [firmware/nnet_utils/nnet_activation.h:346]   --->   Operation 16 'select' 'select_ln1494' <Predicate = (or_ln1494)> <Delay = 0.00> <Core = "Sel">   --->   Core 26 'Sel' <Latency = 0> <II = 1> <Delay = 0.37> <FuncUnit> <Opcode : 'select'> <InPorts = 3> <OutPorts = 1>
ST_1 : Operation 17 [1/1] (0.00ns) (grouped into LUT with out node select_ln1494_1)   --->   "%or_ln1494 = or i1 %icmp_ln1494, %icmp_ln1495" [firmware/nnet_utils/nnet_activation.h:346]   --->   Operation 17 'or' 'or_ln1494' <Predicate = true> <Delay = 0.00> <Core = "LogicGate">   --->   Core 27 'LogicGate' <Latency = 0> <II = 1> <Delay = 0.33> <FuncUnit> <Opcode : 'and' 'or' 'xor'> <InPorts = 2> <OutPorts = 1>
ST_1 : Operation 18 [1/1] (0.37ns) (out node of the LUT)   --->   "%select_ln1494_1 = select i1 %or_ln1494, i12 %select_ln1494, i12 %trunc_ln347" [firmware/nnet_utils/nnet_activation.h:346]   --->   Operation 18 'select' 'select_ln1494_1' <Predicate = true> <Delay = 0.37> <Core = "Sel">   --->   Core 26 'Sel' <Latency = 0> <II = 1> <Delay = 0.37> <FuncUnit> <Opcode : 'select'> <InPorts = 3> <OutPorts = 1>
ST_1 : Operation 19 [1/1] (1.09ns)   --->   "%icmp_ln1494_1 = icmp sgt i16 %data_1_V_read_4, 1024" [firmware/nnet_utils/nnet_activation.h:346]   --->   Operation 19 'icmp' 'icmp_ln1494_1' <Predicate = true> <Delay = 1.09> <Core = "Cmp">   --->   Core 25 'Cmp' <Latency = 0> <II = 1> <Delay = 1.09> <FuncUnit> <Opcode : 'icmp'> <InPorts = 2> <OutPorts = 1>
ST_1 : Operation 20 [1/1] (1.09ns)   --->   "%icmp_ln1495_1 = icmp slt i16 %data_1_V_read_4, -1024" [firmware/nnet_utils/nnet_activation.h:347]   --->   Operation 20 'icmp' 'icmp_ln1495_1' <Predicate = true> <Delay = 1.09> <Core = "Cmp">   --->   Core 25 'Cmp' <Latency = 0> <II = 1> <Delay = 1.09> <FuncUnit> <Opcode : 'icmp'> <InPorts = 2> <OutPorts = 1>
ST_1 : Operation 21 [1/1] (0.00ns) (grouped into LUT with out node select_ln1494_3)   --->   "%trunc_ln347_1 = trunc i16 %data_1_V_read_4 to i12" [firmware/nnet_utils/nnet_activation.h:347]   --->   Operation 21 'trunc' 'trunc_ln347_1' <Predicate = (!or_ln1494_1)> <Delay = 0.00>
ST_1 : Operation 22 [1/1] (0.00ns) (grouped into LUT with out node select_ln1494_3)   --->   "%select_ln1494_2 = select i1 %icmp_ln1494_1, i12 1024, i12 -1024" [firmware/nnet_utils/nnet_activation.h:346]   --->   Operation 22 'select' 'select_ln1494_2' <Predicate = (or_ln1494_1)> <Delay = 0.00> <Core = "Sel">   --->   Core 26 'Sel' <Latency = 0> <II = 1> <Delay = 0.37> <FuncUnit> <Opcode : 'select'> <InPorts = 3> <OutPorts = 1>
ST_1 : Operation 23 [1/1] (0.00ns) (grouped into LUT with out node select_ln1494_3)   --->   "%or_ln1494_1 = or i1 %icmp_ln1494_1, %icmp_ln1495_1" [firmware/nnet_utils/nnet_activation.h:346]   --->   Operation 23 'or' 'or_ln1494_1' <Predicate = true> <Delay = 0.00> <Core = "LogicGate">   --->   Core 27 'LogicGate' <Latency = 0> <II = 1> <Delay = 0.33> <FuncUnit> <Opcode : 'and' 'or' 'xor'> <InPorts = 2> <OutPorts = 1>
ST_1 : Operation 24 [1/1] (0.37ns) (out node of the LUT)   --->   "%select_ln1494_3 = select i1 %or_ln1494_1, i12 %select_ln1494_2, i12 %trunc_ln347_1" [firmware/nnet_utils/nnet_activation.h:346]   --->   Operation 24 'select' 'select_ln1494_3' <Predicate = true> <Delay = 0.37> <Core = "Sel">   --->   Core 26 'Sel' <Latency = 0> <II = 1> <Delay = 0.37> <FuncUnit> <Opcode : 'select'> <InPorts = 3> <OutPorts = 1>
ST_1 : Operation 25 [1/1] (1.09ns)   --->   "%icmp_ln1494_2 = icmp sgt i16 %data_2_V_read_2, 1024" [firmware/nnet_utils/nnet_activation.h:346]   --->   Operation 25 'icmp' 'icmp_ln1494_2' <Predicate = true> <Delay = 1.09> <Core = "Cmp">   --->   Core 25 'Cmp' <Latency = 0> <II = 1> <Delay = 1.09> <FuncUnit> <Opcode : 'icmp'> <InPorts = 2> <OutPorts = 1>
ST_1 : Operation 26 [1/1] (1.09ns)   --->   "%icmp_ln1495_2 = icmp slt i16 %data_2_V_read_2, -1024" [firmware/nnet_utils/nnet_activation.h:347]   --->   Operation 26 'icmp' 'icmp_ln1495_2' <Predicate = true> <Delay = 1.09> <Core = "Cmp">   --->   Core 25 'Cmp' <Latency = 0> <II = 1> <Delay = 1.09> <FuncUnit> <Opcode : 'icmp'> <InPorts = 2> <OutPorts = 1>
ST_1 : Operation 27 [1/1] (0.00ns) (grouped into LUT with out node select_ln1494_5)   --->   "%trunc_ln347_2 = trunc i16 %data_2_V_read_2 to i12" [firmware/nnet_utils/nnet_activation.h:347]   --->   Operation 27 'trunc' 'trunc_ln347_2' <Predicate = (!or_ln1494_2)> <Delay = 0.00>
ST_1 : Operation 28 [1/1] (0.00ns) (grouped into LUT with out node select_ln1494_5)   --->   "%select_ln1494_4 = select i1 %icmp_ln1494_2, i12 1024, i12 -1024" [firmware/nnet_utils/nnet_activation.h:346]   --->   Operation 28 'select' 'select_ln1494_4' <Predicate = (or_ln1494_2)> <Delay = 0.00> <Core = "Sel">   --->   Core 26 'Sel' <Latency = 0> <II = 1> <Delay = 0.37> <FuncUnit> <Opcode : 'select'> <InPorts = 3> <OutPorts = 1>
ST_1 : Operation 29 [1/1] (0.00ns) (grouped into LUT with out node select_ln1494_5)   --->   "%or_ln1494_2 = or i1 %icmp_ln1494_2, %icmp_ln1495_2" [firmware/nnet_utils/nnet_activation.h:346]   --->   Operation 29 'or' 'or_ln1494_2' <Predicate = true> <Delay = 0.00> <Core = "LogicGate">   --->   Core 27 'LogicGate' <Latency = 0> <II = 1> <Delay = 0.33> <FuncUnit> <Opcode : 'and' 'or' 'xor'> <InPorts = 2> <OutPorts = 1>
ST_1 : Operation 30 [1/1] (0.37ns) (out node of the LUT)   --->   "%select_ln1494_5 = select i1 %or_ln1494_2, i12 %select_ln1494_4, i12 %trunc_ln347_2" [firmware/nnet_utils/nnet_activation.h:346]   --->   Operation 30 'select' 'select_ln1494_5' <Predicate = true> <Delay = 0.37> <Core = "Sel">   --->   Core 26 'Sel' <Latency = 0> <II = 1> <Delay = 0.37> <FuncUnit> <Opcode : 'select'> <InPorts = 3> <OutPorts = 1>
ST_1 : Operation 31 [1/1] (1.09ns)   --->   "%icmp_ln1494_3 = icmp sgt i16 %data_3_V_read_3, 1024" [firmware/nnet_utils/nnet_activation.h:346]   --->   Operation 31 'icmp' 'icmp_ln1494_3' <Predicate = true> <Delay = 1.09> <Core = "Cmp">   --->   Core 25 'Cmp' <Latency = 0> <II = 1> <Delay = 1.09> <FuncUnit> <Opcode : 'icmp'> <InPorts = 2> <OutPorts = 1>
ST_1 : Operation 32 [1/1] (1.09ns)   --->   "%icmp_ln1495_3 = icmp slt i16 %data_3_V_read_3, -1024" [firmware/nnet_utils/nnet_activation.h:347]   --->   Operation 32 'icmp' 'icmp_ln1495_3' <Predicate = true> <Delay = 1.09> <Core = "Cmp">   --->   Core 25 'Cmp' <Latency = 0> <II = 1> <Delay = 1.09> <FuncUnit> <Opcode : 'icmp'> <InPorts = 2> <OutPorts = 1>
ST_1 : Operation 33 [1/1] (0.00ns) (grouped into LUT with out node select_ln1494_7)   --->   "%trunc_ln347_3 = trunc i16 %data_3_V_read_3 to i12" [firmware/nnet_utils/nnet_activation.h:347]   --->   Operation 33 'trunc' 'trunc_ln347_3' <Predicate = (!or_ln1494_3)> <Delay = 0.00>
ST_1 : Operation 34 [1/1] (0.00ns) (grouped into LUT with out node select_ln1494_7)   --->   "%select_ln1494_6 = select i1 %icmp_ln1494_3, i12 1024, i12 -1024" [firmware/nnet_utils/nnet_activation.h:346]   --->   Operation 34 'select' 'select_ln1494_6' <Predicate = (or_ln1494_3)> <Delay = 0.00> <Core = "Sel">   --->   Core 26 'Sel' <Latency = 0> <II = 1> <Delay = 0.37> <FuncUnit> <Opcode : 'select'> <InPorts = 3> <OutPorts = 1>
ST_1 : Operation 35 [1/1] (0.00ns) (grouped into LUT with out node select_ln1494_7)   --->   "%or_ln1494_3 = or i1 %icmp_ln1494_3, %icmp_ln1495_3" [firmware/nnet_utils/nnet_activation.h:346]   --->   Operation 35 'or' 'or_ln1494_3' <Predicate = true> <Delay = 0.00> <Core = "LogicGate">   --->   Core 27 'LogicGate' <Latency = 0> <II = 1> <Delay = 0.33> <FuncUnit> <Opcode : 'and' 'or' 'xor'> <InPorts = 2> <OutPorts = 1>
ST_1 : Operation 36 [1/1] (0.37ns) (out node of the LUT)   --->   "%select_ln1494_7 = select i1 %or_ln1494_3, i12 %select_ln1494_6, i12 %trunc_ln347_3" [firmware/nnet_utils/nnet_activation.h:346]   --->   Operation 36 'select' 'select_ln1494_7' <Predicate = true> <Delay = 0.37> <Core = "Sel">   --->   Core 26 'Sel' <Latency = 0> <II = 1> <Delay = 0.37> <FuncUnit> <Opcode : 'select'> <InPorts = 3> <OutPorts = 1>
ST_1 : Operation 37 [1/1] (1.09ns)   --->   "%icmp_ln1494_4 = icmp sgt i16 %data_4_V_read_4, 1024" [firmware/nnet_utils/nnet_activation.h:346]   --->   Operation 37 'icmp' 'icmp_ln1494_4' <Predicate = true> <Delay = 1.09> <Core = "Cmp">   --->   Core 25 'Cmp' <Latency = 0> <II = 1> <Delay = 1.09> <FuncUnit> <Opcode : 'icmp'> <InPorts = 2> <OutPorts = 1>
ST_1 : Operation 38 [1/1] (1.09ns)   --->   "%icmp_ln1495_4 = icmp slt i16 %data_4_V_read_4, -1024" [firmware/nnet_utils/nnet_activation.h:347]   --->   Operation 38 'icmp' 'icmp_ln1495_4' <Predicate = true> <Delay = 1.09> <Core = "Cmp">   --->   Core 25 'Cmp' <Latency = 0> <II = 1> <Delay = 1.09> <FuncUnit> <Opcode : 'icmp'> <InPorts = 2> <OutPorts = 1>
ST_1 : Operation 39 [1/1] (0.00ns) (grouped into LUT with out node select_ln1494_9)   --->   "%trunc_ln347_4 = trunc i16 %data_4_V_read_4 to i12" [firmware/nnet_utils/nnet_activation.h:347]   --->   Operation 39 'trunc' 'trunc_ln347_4' <Predicate = (!or_ln1494_4)> <Delay = 0.00>
ST_1 : Operation 40 [1/1] (0.00ns) (grouped into LUT with out node select_ln1494_9)   --->   "%select_ln1494_8 = select i1 %icmp_ln1494_4, i12 1024, i12 -1024" [firmware/nnet_utils/nnet_activation.h:346]   --->   Operation 40 'select' 'select_ln1494_8' <Predicate = (or_ln1494_4)> <Delay = 0.00> <Core = "Sel">   --->   Core 26 'Sel' <Latency = 0> <II = 1> <Delay = 0.37> <FuncUnit> <Opcode : 'select'> <InPorts = 3> <OutPorts = 1>
ST_1 : Operation 41 [1/1] (0.00ns) (grouped into LUT with out node select_ln1494_9)   --->   "%or_ln1494_4 = or i1 %icmp_ln1494_4, %icmp_ln1495_4" [firmware/nnet_utils/nnet_activation.h:346]   --->   Operation 41 'or' 'or_ln1494_4' <Predicate = true> <Delay = 0.00> <Core = "LogicGate">   --->   Core 27 'LogicGate' <Latency = 0> <II = 1> <Delay = 0.33> <FuncUnit> <Opcode : 'and' 'or' 'xor'> <InPorts = 2> <OutPorts = 1>
ST_1 : Operation 42 [1/1] (0.37ns) (out node of the LUT)   --->   "%select_ln1494_9 = select i1 %or_ln1494_4, i12 %select_ln1494_8, i12 %trunc_ln347_4" [firmware/nnet_utils/nnet_activation.h:346]   --->   Operation 42 'select' 'select_ln1494_9' <Predicate = true> <Delay = 0.37> <Core = "Sel">   --->   Core 26 'Sel' <Latency = 0> <II = 1> <Delay = 0.37> <FuncUnit> <Opcode : 'select'> <InPorts = 3> <OutPorts = 1>
ST_1 : Operation 43 [1/1] (1.09ns)   --->   "%icmp_ln1494_5 = icmp sgt i16 %data_5_V_read_4, 1024" [firmware/nnet_utils/nnet_activation.h:346]   --->   Operation 43 'icmp' 'icmp_ln1494_5' <Predicate = true> <Delay = 1.09> <Core = "Cmp">   --->   Core 25 'Cmp' <Latency = 0> <II = 1> <Delay = 1.09> <FuncUnit> <Opcode : 'icmp'> <InPorts = 2> <OutPorts = 1>
ST_1 : Operation 44 [1/1] (1.09ns)   --->   "%icmp_ln1495_5 = icmp slt i16 %data_5_V_read_4, -1024" [firmware/nnet_utils/nnet_activation.h:347]   --->   Operation 44 'icmp' 'icmp_ln1495_5' <Predicate = true> <Delay = 1.09> <Core = "Cmp">   --->   Core 25 'Cmp' <Latency = 0> <II = 1> <Delay = 1.09> <FuncUnit> <Opcode : 'icmp'> <InPorts = 2> <OutPorts = 1>
ST_1 : Operation 45 [1/1] (0.00ns) (grouped into LUT with out node select_ln1494_11)   --->   "%trunc_ln347_5 = trunc i16 %data_5_V_read_4 to i12" [firmware/nnet_utils/nnet_activation.h:347]   --->   Operation 45 'trunc' 'trunc_ln347_5' <Predicate = (!or_ln1494_5)> <Delay = 0.00>
ST_1 : Operation 46 [1/1] (0.00ns) (grouped into LUT with out node select_ln1494_11)   --->   "%select_ln1494_10 = select i1 %icmp_ln1494_5, i12 1024, i12 -1024" [firmware/nnet_utils/nnet_activation.h:346]   --->   Operation 46 'select' 'select_ln1494_10' <Predicate = (or_ln1494_5)> <Delay = 0.00> <Core = "Sel">   --->   Core 26 'Sel' <Latency = 0> <II = 1> <Delay = 0.37> <FuncUnit> <Opcode : 'select'> <InPorts = 3> <OutPorts = 1>
ST_1 : Operation 47 [1/1] (0.00ns) (grouped into LUT with out node select_ln1494_11)   --->   "%or_ln1494_5 = or i1 %icmp_ln1494_5, %icmp_ln1495_5" [firmware/nnet_utils/nnet_activation.h:346]   --->   Operation 47 'or' 'or_ln1494_5' <Predicate = true> <Delay = 0.00> <Core = "LogicGate">   --->   Core 27 'LogicGate' <Latency = 0> <II = 1> <Delay = 0.33> <FuncUnit> <Opcode : 'and' 'or' 'xor'> <InPorts = 2> <OutPorts = 1>
ST_1 : Operation 48 [1/1] (0.37ns) (out node of the LUT)   --->   "%select_ln1494_11 = select i1 %or_ln1494_5, i12 %select_ln1494_10, i12 %trunc_ln347_5" [firmware/nnet_utils/nnet_activation.h:346]   --->   Operation 48 'select' 'select_ln1494_11' <Predicate = true> <Delay = 0.37> <Core = "Sel">   --->   Core 26 'Sel' <Latency = 0> <II = 1> <Delay = 0.37> <FuncUnit> <Opcode : 'select'> <InPorts = 3> <OutPorts = 1>
ST_1 : Operation 49 [1/1] (1.09ns)   --->   "%icmp_ln1494_6 = icmp sgt i16 %data_6_V_read_4, 1024" [firmware/nnet_utils/nnet_activation.h:346]   --->   Operation 49 'icmp' 'icmp_ln1494_6' <Predicate = true> <Delay = 1.09> <Core = "Cmp">   --->   Core 25 'Cmp' <Latency = 0> <II = 1> <Delay = 1.09> <FuncUnit> <Opcode : 'icmp'> <InPorts = 2> <OutPorts = 1>
ST_1 : Operation 50 [1/1] (1.09ns)   --->   "%icmp_ln1495_6 = icmp slt i16 %data_6_V_read_4, -1024" [firmware/nnet_utils/nnet_activation.h:347]   --->   Operation 50 'icmp' 'icmp_ln1495_6' <Predicate = true> <Delay = 1.09> <Core = "Cmp">   --->   Core 25 'Cmp' <Latency = 0> <II = 1> <Delay = 1.09> <FuncUnit> <Opcode : 'icmp'> <InPorts = 2> <OutPorts = 1>
ST_1 : Operation 51 [1/1] (0.00ns) (grouped into LUT with out node select_ln1494_13)   --->   "%trunc_ln347_6 = trunc i16 %data_6_V_read_4 to i12" [firmware/nnet_utils/nnet_activation.h:347]   --->   Operation 51 'trunc' 'trunc_ln347_6' <Predicate = (!or_ln1494_6)> <Delay = 0.00>
ST_1 : Operation 52 [1/1] (0.00ns) (grouped into LUT with out node select_ln1494_13)   --->   "%select_ln1494_12 = select i1 %icmp_ln1494_6, i12 1024, i12 -1024" [firmware/nnet_utils/nnet_activation.h:346]   --->   Operation 52 'select' 'select_ln1494_12' <Predicate = (or_ln1494_6)> <Delay = 0.00> <Core = "Sel">   --->   Core 26 'Sel' <Latency = 0> <II = 1> <Delay = 0.37> <FuncUnit> <Opcode : 'select'> <InPorts = 3> <OutPorts = 1>
ST_1 : Operation 53 [1/1] (0.00ns) (grouped into LUT with out node select_ln1494_13)   --->   "%or_ln1494_6 = or i1 %icmp_ln1494_6, %icmp_ln1495_6" [firmware/nnet_utils/nnet_activation.h:346]   --->   Operation 53 'or' 'or_ln1494_6' <Predicate = true> <Delay = 0.00> <Core = "LogicGate">   --->   Core 27 'LogicGate' <Latency = 0> <II = 1> <Delay = 0.33> <FuncUnit> <Opcode : 'and' 'or' 'xor'> <InPorts = 2> <OutPorts = 1>
ST_1 : Operation 54 [1/1] (0.37ns) (out node of the LUT)   --->   "%select_ln1494_13 = select i1 %or_ln1494_6, i12 %select_ln1494_12, i12 %trunc_ln347_6" [firmware/nnet_utils/nnet_activation.h:346]   --->   Operation 54 'select' 'select_ln1494_13' <Predicate = true> <Delay = 0.37> <Core = "Sel">   --->   Core 26 'Sel' <Latency = 0> <II = 1> <Delay = 0.37> <FuncUnit> <Opcode : 'select'> <InPorts = 3> <OutPorts = 1>
ST_1 : Operation 55 [1/1] (1.09ns)   --->   "%icmp_ln1494_7 = icmp sgt i16 %data_7_V_read_4, 1024" [firmware/nnet_utils/nnet_activation.h:346]   --->   Operation 55 'icmp' 'icmp_ln1494_7' <Predicate = true> <Delay = 1.09> <Core = "Cmp">   --->   Core 25 'Cmp' <Latency = 0> <II = 1> <Delay = 1.09> <FuncUnit> <Opcode : 'icmp'> <InPorts = 2> <OutPorts = 1>
ST_1 : Operation 56 [1/1] (1.09ns)   --->   "%icmp_ln1495_7 = icmp slt i16 %data_7_V_read_4, -1024" [firmware/nnet_utils/nnet_activation.h:347]   --->   Operation 56 'icmp' 'icmp_ln1495_7' <Predicate = true> <Delay = 1.09> <Core = "Cmp">   --->   Core 25 'Cmp' <Latency = 0> <II = 1> <Delay = 1.09> <FuncUnit> <Opcode : 'icmp'> <InPorts = 2> <OutPorts = 1>
ST_1 : Operation 57 [1/1] (0.00ns) (grouped into LUT with out node select_ln1494_15)   --->   "%trunc_ln347_7 = trunc i16 %data_7_V_read_4 to i12" [firmware/nnet_utils/nnet_activation.h:347]   --->   Operation 57 'trunc' 'trunc_ln347_7' <Predicate = (!or_ln1494_7)> <Delay = 0.00>
ST_1 : Operation 58 [1/1] (0.00ns) (grouped into LUT with out node select_ln1494_15)   --->   "%select_ln1494_14 = select i1 %icmp_ln1494_7, i12 1024, i12 -1024" [firmware/nnet_utils/nnet_activation.h:346]   --->   Operation 58 'select' 'select_ln1494_14' <Predicate = (or_ln1494_7)> <Delay = 0.00> <Core = "Sel">   --->   Core 26 'Sel' <Latency = 0> <II = 1> <Delay = 0.37> <FuncUnit> <Opcode : 'select'> <InPorts = 3> <OutPorts = 1>
ST_1 : Operation 59 [1/1] (0.00ns) (grouped into LUT with out node select_ln1494_15)   --->   "%or_ln1494_7 = or i1 %icmp_ln1494_7, %icmp_ln1495_7" [firmware/nnet_utils/nnet_activation.h:346]   --->   Operation 59 'or' 'or_ln1494_7' <Predicate = true> <Delay = 0.00> <Core = "LogicGate">   --->   Core 27 'LogicGate' <Latency = 0> <II = 1> <Delay = 0.33> <FuncUnit> <Opcode : 'and' 'or' 'xor'> <InPorts = 2> <OutPorts = 1>
ST_1 : Operation 60 [1/1] (0.37ns) (out node of the LUT)   --->   "%select_ln1494_15 = select i1 %or_ln1494_7, i12 %select_ln1494_14, i12 %trunc_ln347_7" [firmware/nnet_utils/nnet_activation.h:346]   --->   Operation 60 'select' 'select_ln1494_15' <Predicate = true> <Delay = 0.37> <Core = "Sel">   --->   Core 26 'Sel' <Latency = 0> <II = 1> <Delay = 0.37> <FuncUnit> <Opcode : 'select'> <InPorts = 3> <OutPorts = 1>
ST_1 : Operation 61 [1/1] (0.00ns)   --->   "%mrv = insertvalue { i12, i12, i12, i12, i12, i12, i12, i12 } undef, i12 %select_ln1494_1, 0" [firmware/nnet_utils/nnet_activation.h:351]   --->   Operation 61 'insertvalue' 'mrv' <Predicate = true> <Delay = 0.00>
ST_1 : Operation 62 [1/1] (0.00ns)   --->   "%mrv_1 = insertvalue { i12, i12, i12, i12, i12, i12, i12, i12 } %mrv, i12 %select_ln1494_3, 1" [firmware/nnet_utils/nnet_activation.h:351]   --->   Operation 62 'insertvalue' 'mrv_1' <Predicate = true> <Delay = 0.00>
ST_1 : Operation 63 [1/1] (0.00ns)   --->   "%mrv_2 = insertvalue { i12, i12, i12, i12, i12, i12, i12, i12 } %mrv_1, i12 %select_ln1494_5, 2" [firmware/nnet_utils/nnet_activation.h:351]   --->   Operation 63 'insertvalue' 'mrv_2' <Predicate = true> <Delay = 0.00>
ST_1 : Operation 64 [1/1] (0.00ns)   --->   "%mrv_3 = insertvalue { i12, i12, i12, i12, i12, i12, i12, i12 } %mrv_2, i12 %select_ln1494_7, 3" [firmware/nnet_utils/nnet_activation.h:351]   --->   Operation 64 'insertvalue' 'mrv_3' <Predicate = true> <Delay = 0.00>
ST_1 : Operation 65 [1/1] (0.00ns)   --->   "%mrv_4 = insertvalue { i12, i12, i12, i12, i12, i12, i12, i12 } %mrv_3, i12 %select_ln1494_9, 4" [firmware/nnet_utils/nnet_activation.h:351]   --->   Operation 65 'insertvalue' 'mrv_4' <Predicate = true> <Delay = 0.00>
ST_1 : Operation 66 [1/1] (0.00ns)   --->   "%mrv_5 = insertvalue { i12, i12, i12, i12, i12, i12, i12, i12 } %mrv_4, i12 %select_ln1494_11, 5" [firmware/nnet_utils/nnet_activation.h:351]   --->   Operation 66 'insertvalue' 'mrv_5' <Predicate = true> <Delay = 0.00>
ST_1 : Operation 67 [1/1] (0.00ns)   --->   "%mrv_6 = insertvalue { i12, i12, i12, i12, i12, i12, i12, i12 } %mrv_5, i12 %select_ln1494_13, 6" [firmware/nnet_utils/nnet_activation.h:351]   --->   Operation 67 'insertvalue' 'mrv_6' <Predicate = true> <Delay = 0.00>
ST_1 : Operation 68 [1/1] (0.00ns)   --->   "%mrv_7 = insertvalue { i12, i12, i12, i12, i12, i12, i12, i12 } %mrv_6, i12 %select_ln1494_15, 7" [firmware/nnet_utils/nnet_activation.h:351]   --->   Operation 68 'insertvalue' 'mrv_7' <Predicate = true> <Delay = 0.00>
ST_1 : Operation 69 [1/1] (0.00ns)   --->   "ret { i12, i12, i12, i12, i12, i12, i12, i12 } %mrv_7" [firmware/nnet_utils/nnet_activation.h:351]   --->   Operation 69 'ret' <Predicate = true> <Delay = 0.00>


============================================================
+ Verbose Summary: Timing violations
============================================================
Target clock period: 5ns, clock uncertainty: 0.625ns.

 <State 1>: 1.47ns
The critical path consists of the following:
	wire read on port 'data_7_V_read' (firmware/nnet_utils/nnet_activation.h:331) [9]  (0 ns)
	'icmp' operation ('icmp_ln1494_7', firmware/nnet_utils/nnet_activation.h:346) [62]  (1.1 ns)
	'select' operation ('select_ln1494_14', firmware/nnet_utils/nnet_activation.h:346) [65]  (0 ns)
	'select' operation ('select_ln1494_15', firmware/nnet_utils/nnet_activation.h:346) [67]  (0.372 ns)


============================================================
+ Verbose Summary: Binding
============================================================
N/A
* FSMD analyzer results:
  - Output states:
 - Input state : 
  - Chain level:
	State 1


============================================================
+ Verbose Summary: Datapath Resource usage 
============================================================
N/A
